
 Start Length Name Class
 0001:00401000 00001DE30H _TEXT                  CODE
 0002:0041F000 0000077B0H _DATA                  DATA
 0003:004267B0 000003DA0H _BSS                   BSS
 0004:00000000 0000000A4H _TLS                   TLS


Detailed map of segments
 0001:00000380 0000014F C=CODE    S=_TEXT    G=(none)   M=C:\PROGRAM FILES\BORLAND\BDS\4.0\LIB\C0W32.OBJ ACBP=A9
 0001:000004CF 0000005A C=CODE    S=_TEXT    G=(none)   M=C:\PROGRAM FILES\BORLAND\BDS\4.0\LIB\DEBUG\RTL.BPI|Windows.pas ACBP=A9
 0001:00000529 0000003B C=CODE    S=_TEXT    G=(none)   M=C:\PROGRAM FILES\BORLAND\BDS\4.0\LIB\DEBUG\RTL.BPI|Messages.pas ACBP=A9
 0001:00000564 00000038 C=CODE    S=_TEXT    G=(none)   M=C:\PROGRAM FILES\BORLAND\BDS\4.0\LIB\DEBUG\RTL.BPI|CommCtrl.pas ACBP=A9
 0001:0000059C 00000038 C=CODE    S=_TEXT    G=(none)   M=C:\PROGRAM FILES\BORLAND\BDS\4.0\LIB\DEBUG\RTL.BPI|UrlMon.pas ACBP=A9
 0001:000005D4 00000038 C=CODE    S=_TEXT    G=(none)   M=C:\PROGRAM FILES\BORLAND\BDS\4.0\LIB\DEBUG\RTL.BPI|WinInet.pas ACBP=A9
 0001:0000060C 00000038 C=CODE    S=_TEXT    G=(none)   M=C:\PROGRAM FILES\BORLAND\BDS\4.0\LIB\DEBUG\RTL.BPI|RegStr.pas ACBP=A9
 0001:00000644 00000038 C=CODE    S=_TEXT    G=(none)   M=C:\PROGRAM FILES\BORLAND\BDS\4.0\LIB\DEBUG\RTL.BPI|ShellAPI.pas ACBP=A9
 0001:0000067C 00000038 C=CODE    S=_TEXT    G=(none)   M=C:\PROGRAM FILES\BORLAND\BDS\4.0\LIB\DEBUG\RTL.BPI|ShlObj.pas ACBP=A9
 0001:000006B4 00000038 C=CODE    S=_TEXT    G=(none)   M=C:\PROGRAM FILES\BORLAND\BDS\4.0\LIB\DEBUG\RTL.BPI|CommDlg.pas ACBP=A9
 0001:000006EC 00000038 C=CODE    S=_TEXT    G=(none)   M=C:\PROGRAM FILES\BORLAND\BDS\4.0\LIB\DEBUG\RTL.BPI|Dlgs.pas ACBP=A9
 0001:00000724 00000038 C=CODE    S=_TEXT    G=(none)   M=C:\PROGRAM FILES\BORLAND\BDS\4.0\LIB\DEBUG\RTL.BPI|Imm.pas ACBP=A9
 0001:0000075C 00000038 C=CODE    S=_TEXT    G=(none)   M=C:\PROGRAM FILES\BORLAND\BDS\4.0\LIB\DEBUG\RTL.BPI|WinSpool.pas ACBP=A9
 0001:00000794 00000130 C=CODE    S=_TEXT    G=(none)   M=C:\PROGRAM FILES\BORLAND\BDS\4.0\LIB\OBJ\SYSINIT.OBJ ACBP=A9
 0001:000008C4 00000220 C=CODE    S=_TEXT    G=(none)   M=C:\ANDRE\MAP2DBG\CALLDEMO\DEBUG_BUILD\CALLDEMO.OBJ ACBP=A9
 0001:00000AE4 0000093C C=CODE    S=_TEXT    G=(none)   M=C:\ANDRE\MAP2DBG\CALLDEMO\DEBUG_BUILD\MAINFORM.OBJ ACBP=A9
 0001:00001420 00003821 C=CODE    S=_TEXT    G=(none)   M=C:\ANDRE\MAP2DBG\CALLDEMO\DEBUG_BUILD\CALLSTACK.OBJ ACBP=A9
 0001:00004C44 00000028 C=CODE    S=_TEXT    G=(none)   M=C:\PROGRAM FILES\BORLAND\BDS\4.0\LIB\CP32MT.LIB|delaop ACBP=A9
 0001:00004C6C 0000002E C=CODE    S=_TEXT    G=(none)   M=C:\PROGRAM FILES\BORLAND\BDS\4.0\LIB\CP32MT.LIB|delop ACBP=A9
 0001:00004C9C 00000117 C=CODE    S=_TEXT    G=(none)   M=C:\PROGRAM FILES\BORLAND\BDS\4.0\LIB\CP32MT.LIB|exceptio ACBP=A9
 0001:00004DB3 00000079 C=CODE    S=_TEXT    G=(none)   M=C:\PROGRAM FILES\BORLAND\BDS\4.0\LIB\CP32MT.LIB|gccex ACBP=A9
 0001:00004E2C 000019E8 C=CODE    S=_TEXT    G=(none)   M=C:\PROGRAM FILES\BORLAND\BDS\4.0\LIB\CP32MT.LIB|ios ACBP=A9
 0001:00006814 00003492 C=CODE    S=_TEXT    G=(none)   M=C:\PROGRAM FILES\BORLAND\BDS\4.0\LIB\CP32MT.LIB|iostream ACBP=A9
 0001:00009C80 00000323 C=CODE    S=_TEXT    G=(none)   M=C:\PROGRAM FILES\BORLAND\BDS\4.0\LIB\CP32MT.LIB|dwlocale ACBP=A9
 0001:00009F7C 00001A5C C=CODE    S=_TEXT    G=(none)   M=C:\PROGRAM FILES\BORLAND\BDS\4.0\LIB\CP32MT.LIB|locale0 ACBP=A9
 0001:0000B9D8 0000001B C=CODE    S=_TEXT    G=(none)   M=C:\PROGRAM FILES\BORLAND\BDS\4.0\LIB\CP32MT.LIB|new ACBP=A9
 0001:0000B9D8 0000011E C=CODE    S=_TEXT    G=(none)   M=C:\PROGRAM FILES\BORLAND\BDS\4.0\LIB\CP32MT.LIB|newop ACBP=A9
 0001:0000BAD3 000005AA C=CODE    S=_TEXT    G=(none)   M=C:\PROGRAM FILES\BORLAND\BDS\4.0\LIB\CP32MT.LIB|string ACBP=A9
 0001:0000C058 00002FD6 C=CODE    S=_TEXT    G=(none)   M=C:\PROGRAM FILES\BORLAND\BDS\4.0\LIB\CP32MT.LIB|wiostrea ACBP=A9
 0001:0000F008 0000019D C=CODE    S=_TEXT    G=(none)   M=C:\PROGRAM FILES\BORLAND\BDS\4.0\LIB\CP32MT.LIB|wlocale ACBP=A9
 0001:0000F17D 000000D4 C=CODE    S=_TEXT    G=(none)   M=C:\PROGRAM FILES\BORLAND\BDS\4.0\LIB\CP32MT.LIB|xlocinfo ACBP=A9
 0001:0000F254 00000110 C=CODE    S=_TEXT    G=(none)   M=C:\PROGRAM FILES\BORLAND\BDS\4.0\LIB\CP32MT.LIB|xstart ACBP=A9
 0001:0000F364 00000057 C=CODE    S=_TEXT    G=(none)   M=C:\PROGRAM FILES\BORLAND\BDS\4.0\LIB\CP32MT.LIB|wchar ACBP=A9
 0001:0000F3BC 000000A0 C=CODE    S=_TEXT    G=(none)   M=C:\PROGRAM FILES\BORLAND\BDS\4.0\LIB\CP32MT.LIB|xmtx ACBP=A9
 0001:0000F45C 000000B8 C=CODE    S=_TEXT    G=(none)   M=C:\PROGRAM FILES\BORLAND\BDS\4.0\LIB\CP32MT.LIB|xsyslock ACBP=A9
 0001:0000F514 0000002B C=CODE    S=_TEXT    G=(none)   M=C:\PROGRAM FILES\BORLAND\BDS\4.0\LIB\CP32MT.LIB|calloc ACBP=A9
 0001:0000F540 000002A1 C=CODE    S=_TEXT    G=(none)   M=C:\PROGRAM FILES\BORLAND\BDS\4.0\LIB\CP32MT.LIB|hrdir_b ACBP=A9
 0001:0000F7E4 0000006F C=CODE    S=_TEXT    G=(none)   M=C:\PROGRAM FILES\BORLAND\BDS\4.0\LIB\CP32MT.LIB|hrdir_bh ACBP=A9
 0001:0000F854 00000020 C=CODE    S=_TEXT    G=(none)   M=C:\PROGRAM FILES\BORLAND\BDS\4.0\LIB\CP32MT.LIB|hrdir_mf ACBP=A9
 0001:0000F874 00000016 C=CODE    S=_TEXT    G=(none)   M=C:\PROGRAM FILES\BORLAND\BDS\4.0\LIB\CP32MT.LIB|hrdir_r ACBP=A9
 0001:0000F88C 000000B8 C=CODE    S=_TEXT    G=(none)   M=C:\PROGRAM FILES\BORLAND\BDS\4.0\LIB\CP32MT.LIB|hrdir_s ACBP=A9
 0001:0000F944 00000001 C=CODE    S=_TEXT    G=(none)   M=C:\PROGRAM FILES\BORLAND\BDS\4.0\LIB\CP32MT.LIB|hrdir_us ACBP=A9
 0001:0000F948 000000D4 C=CODE    S=_TEXT    G=(none)   M=C:\PROGRAM FILES\BORLAND\BDS\4.0\LIB\CP32MT.LIB|pheap ACBP=A9
 0001:0000FA1C 0000003F C=CODE    S=_TEXT    G=(none)   M=C:\PROGRAM FILES\BORLAND\BDS\4.0\LIB\CP32MT.LIB|crtlvcl ACBP=A9
 0001:0000FA5C 00000001 C=CODE    S=_TEXT    G=(none)   M=C:\PROGRAM FILES\BORLAND\BDS\4.0\LIB\CP32MT.LIB|vlibstub ACBP=A9
 0001:0000FA5D 00000042 C=CODE    S=_TEXT    G=(none)   M=C:\PROGRAM FILES\BORLAND\BDS\4.0\LIB\CP32MT.LIB|syshook ACBP=A9
 0001:0000FAA0 0000001E C=CODE    S=_TEXT    G=(none)   M=C:\PROGRAM FILES\BORLAND\BDS\4.0\LIB\CP32MT.LIB|memchr ACBP=A9
 0001:0000FAC0 00000024 C=CODE    S=_TEXT    G=(none)   M=C:\PROGRAM FILES\BORLAND\BDS\4.0\LIB\CP32MT.LIB|memcpy ACBP=A9
 0001:0000FAE4 00000024 C=CODE    S=_TEXT    G=(none)   M=C:\PROGRAM FILES\BORLAND\BDS\4.0\LIB\CP32MT.LIB|wmemcpy ACBP=A9
 0001:0000FB08 0000004A C=CODE    S=_TEXT    G=(none)   M=C:\PROGRAM FILES\BORLAND\BDS\4.0\LIB\CP32MT.LIB|memmove ACBP=A9
 0001:0000FB54 0000008F C=CODE    S=_TEXT    G=(none)   M=C:\PROGRAM FILES\BORLAND\BDS\4.0\LIB\CP32MT.LIB|memset ACBP=A9
 0001:0000FBE4 00000018 C=CODE    S=_TEXT    G=(none)   M=C:\PROGRAM FILES\BORLAND\BDS\4.0\LIB\CP32MT.LIB|wmemset ACBP=A9
 0001:0000FBFC 0000003C C=CODE    S=_TEXT    G=(none)   M=C:\PROGRAM FILES\BORLAND\BDS\4.0\LIB\CP32MT.LIB|strcat ACBP=A9
 0001:0000FC38 00000053 C=CODE    S=_TEXT    G=(none)   M=C:\PROGRAM FILES\BORLAND\BDS\4.0\LIB\CP32MT.LIB|strchr ACBP=A9
 0001:0000FC8C 0000005A C=CODE    S=_TEXT    G=(none)   M=C:\PROGRAM FILES\BORLAND\BDS\4.0\LIB\CP32MT.LIB|strlen ACBP=A9
 0001:0000FCE8 0000006E C=CODE    S=_TEXT    G=(none)   M=C:\PROGRAM FILES\BORLAND\BDS\4.0\LIB\CP32MT.LIB|strncat ACBP=A9
 0001:0000FD58 00000027 C=CODE    S=_TEXT    G=(none)   M=C:\PROGRAM FILES\BORLAND\BDS\4.0\LIB\CP32MT.LIB|strncmp ACBP=A9
 0001:0000FD80 0000006C C=CODE    S=_TEXT    G=(none)   M=C:\PROGRAM FILES\BORLAND\BDS\4.0\LIB\CP32MT.LIB|memcmp ACBP=A9
 0001:0000FDEC 00000032 C=CODE    S=_TEXT    G=(none)   M=C:\PROGRAM FILES\BORLAND\BDS\4.0\LIB\CP32MT.LIB|strdup ACBP=A9
 0001:0000FE20 0000004F C=CODE    S=_TEXT    G=(none)   M=C:\PROGRAM FILES\BORLAND\BDS\4.0\LIB\CP32MT.LIB|strncpy ACBP=A9
 0001:0000FE70 00000054 C=CODE    S=_TEXT    G=(none)   M=C:\PROGRAM FILES\BORLAND\BDS\4.0\LIB\CP32MT.LIB|strstr ACBP=A9
 0001:0000FEC4 00000037 C=CODE    S=_TEXT    G=(none)   M=C:\PROGRAM FILES\BORLAND\BDS\4.0\LIB\CP32MT.LIB|_stpcpy ACBP=A9
 0001:0000FEFC 00000018 C=CODE    S=_TEXT    G=(none)   M=C:\PROGRAM FILES\BORLAND\BDS\4.0\LIB\CP32MT.LIB|wcslen ACBP=A9
 0001:0000FF14 0000003F C=CODE    S=_TEXT    G=(none)   M=C:\PROGRAM FILES\BORLAND\BDS\4.0\LIB\CP32MT.LIB|wcscpy ACBP=A9
 0001:0000FF54 00000070 C=CODE    S=_TEXT    G=(none)   M=C:\PROGRAM FILES\BORLAND\BDS\4.0\LIB\CP32MT.LIB|xxa ACBP=A9
 0001:0000FFC4 00000A5A C=CODE    S=_TEXT    G=(none)   M=C:\PROGRAM FILES\BORLAND\BDS\4.0\LIB\CP32MT.LIB|xxtype ACBP=A9
 0001:00010A1E 0000005B C=CODE    S=_TEXT    G=(none)   M=C:\PROGRAM FILES\BORLAND\BDS\4.0\LIB\CP32MT.LIB|xxut ACBP=A9
 0001:00010A48 0000014F C=CODE    S=_TEXT    G=(none)   M=C:\PROGRAM FILES\BORLAND\BDS\4.0\LIB\CP32MT.LIB|xxv ACBP=A9
 0001:00010B98 0000000A C=CODE    S=_TEXT    G=(none)   M=C:\PROGRAM FILES\BORLAND\BDS\4.0\LIB\CP32MT.LIB|defhandl ACBP=A9
 0001:00010BA4 00000199 C=CODE    S=_TEXT    G=(none)   M=C:\PROGRAM FILES\BORLAND\BDS\4.0\LIB\CP32MT.LIB|except ACBP=A9
 0001:00010D40 00000046 C=CODE    S=_TEXT    G=(none)   M=C:\PROGRAM FILES\BORLAND\BDS\4.0\LIB\CP32MT.LIB|setexc ACBP=A9
 0001:00010D88 00000022 C=CODE    S=_TEXT    G=(none)   M=C:\PROGRAM FILES\BORLAND\BDS\4.0\LIB\CP32MT.LIB|ta ACBP=A9
 0001:00010DAC 00000040 C=CODE    S=_TEXT    G=(none)   M=C:\PROGRAM FILES\BORLAND\BDS\4.0\LIB\CP32MT.LIB|__access ACBP=A9
 0001:00010DEC 00000077 C=CODE    S=_TEXT    G=(none)   M=C:\PROGRAM FILES\BORLAND\BDS\4.0\LIB\CP32MT.LIB|__close ACBP=A9
 0001:00010E64 00000098 C=CODE    S=_TEXT    G=(none)   M=C:\PROGRAM FILES\BORLAND\BDS\4.0\LIB\CP32MT.LIB|__eof ACBP=A9
 0001:00010EFC 00000047 C=CODE    S=_TEXT    G=(none)   M=C:\PROGRAM FILES\BORLAND\BDS\4.0\LIB\CP32MT.LIB|__isatty ACBP=A9
 0001:00010F44 00000084 C=CODE    S=_TEXT    G=(none)   M=C:\PROGRAM FILES\BORLAND\BDS\4.0\LIB\CP32MT.LIB|__lseek ACBP=A9
 0001:00010FC8 000001B2 C=CODE    S=_TEXT    G=(none)   M=C:\PROGRAM FILES\BORLAND\BDS\4.0\LIB\CP32MT.LIB|__read ACBP=A9
 0001:0001117C 000001F4 C=CODE    S=_TEXT    G=(none)   M=C:\PROGRAM FILES\BORLAND\BDS\4.0\LIB\CP32MT.LIB|__wread ACBP=A9
 0001:00011370 00000132 C=CODE    S=_TEXT    G=(none)   M=C:\PROGRAM FILES\BORLAND\BDS\4.0\LIB\CP32MT.LIB|__write ACBP=A9
 0001:000114A4 00000011 C=CODE    S=_TEXT    G=(none)   M=C:\PROGRAM FILES\BORLAND\BDS\4.0\LIB\CP32MT.LIB|_cfinfo ACBP=A9
 0001:000114B8 00000075 C=CODE    S=_TEXT    G=(none)   M=C:\PROGRAM FILES\BORLAND\BDS\4.0\LIB\CP32MT.LIB|_read ACBP=A9
 0001:00011530 00000061 C=CODE    S=_TEXT    G=(none)   M=C:\PROGRAM FILES\BORLAND\BDS\4.0\LIB\CP32MT.LIB|_write ACBP=A9
 0001:00011594 0000007D C=CODE    S=_TEXT    G=(none)   M=C:\PROGRAM FILES\BORLAND\BDS\4.0\LIB\CP32MT.LIB|allocbuf ACBP=A9
 0001:00011614 0000009F C=CODE    S=_TEXT    G=(none)   M=C:\PROGRAM FILES\BORLAND\BDS\4.0\LIB\CP32MT.LIB|fclose ACBP=A9
 0001:000116B4 0000008F C=CODE    S=_TEXT    G=(none)   M=C:\PROGRAM FILES\BORLAND\BDS\4.0\LIB\CP32MT.LIB|fflush ACBP=A9
 0001:00011744 0000001E C=CODE    S=_TEXT    G=(none)   M=C:\PROGRAM FILES\BORLAND\BDS\4.0\LIB\CP32MT.LIB|fgetpos ACBP=A9
 0001:00011764 00000064 C=CODE    S=_TEXT    G=(none)   M=C:\PROGRAM FILES\BORLAND\BDS\4.0\LIB\CP32MT.LIB|flushout ACBP=A9
 0001:000117C8 00000023 C=CODE    S=_TEXT    G=(none)   M=C:\PROGRAM FILES\BORLAND\BDS\4.0\LIB\CP32MT.LIB|fmodeptr ACBP=A9
 0001:000117EC 000000DB C=CODE    S=_TEXT    G=(none)   M=C:\PROGRAM FILES\BORLAND\BDS\4.0\LIB\CP32MT.LIB|fputn ACBP=A9
 0001:000118C8 0000015E C=CODE    S=_TEXT    G=(none)   M=C:\PROGRAM FILES\BORLAND\BDS\4.0\LIB\CP32MT.LIB|fseek ACBP=A9
 0001:00011A28 00000019 C=CODE    S=_TEXT    G=(none)   M=C:\PROGRAM FILES\BORLAND\BDS\4.0\LIB\CP32MT.LIB|fsetpos ACBP=A9
 0001:00011A44 00000045 C=CODE    S=_TEXT    G=(none)   M=C:\PROGRAM FILES\BORLAND\BDS\4.0\LIB\CP32MT.LIB|fwrite ACBP=A9
 0001:00011A8C 0000040B C=CODE    S=_TEXT    G=(none)   M=C:\PROGRAM FILES\BORLAND\BDS\4.0\LIB\CP32MT.LIB|handles ACBP=A9
 0001:00011E98 0000008A C=CODE    S=_TEXT    G=(none)   M=C:\PROGRAM FILES\BORLAND\BDS\4.0\LIB\CP32MT.LIB|ioerror ACBP=A9
 0001:00011F24 000001A5 C=CODE    S=_TEXT    G=(none)   M=C:\PROGRAM FILES\BORLAND\BDS\4.0\LIB\CP32MT.LIB|lgetc ACBP=A9
 0001:000120CC 000001B1 C=CODE    S=_TEXT    G=(none)   M=C:\PROGRAM FILES\BORLAND\BDS\4.0\LIB\CP32MT.LIB|lgetwc ACBP=A9
 0001:00012280 00000112 C=CODE    S=_TEXT    G=(none)   M=C:\PROGRAM FILES\BORLAND\BDS\4.0\LIB\CP32MT.LIB|lputc ACBP=A9
 0001:00012394 00000141 C=CODE    S=_TEXT    G=(none)   M=C:\PROGRAM FILES\BORLAND\BDS\4.0\LIB\CP32MT.LIB|lputwc ACBP=A9
 0001:000124D8 00000099 C=CODE    S=_TEXT    G=(none)   M=C:\PROGRAM FILES\BORLAND\BDS\4.0\LIB\CP32MT.LIB|mkname ACBP=A9
 0001:00012571 00000083 C=CODE    S=_TEXT    G=(none)   M=C:\PROGRAM FILES\BORLAND\BDS\4.0\LIB\CP32MT.LIB|perror ACBP=A9
 0001:00012574 0000005F C=CODE    S=_TEXT    G=(none)   M=C:\PROGRAM FILES\BORLAND\BDS\4.0\LIB\CP32MT.LIB|setvbuf ACBP=A9
 0001:000125D4 00000100 C=CODE    S=_TEXT    G=(none)   M=C:\PROGRAM FILES\BORLAND\BDS\4.0\LIB\CP32MT.LIB|snprntf ACBP=A9
 0001:000126D4 00000290 C=CODE    S=_TEXT    G=(none)   M=C:\PROGRAM FILES\BORLAND\BDS\4.0\LIB\CP32MT.LIB|streams ACBP=A9
 0001:00012964 00000062 C=CODE    S=_TEXT    G=(none)   M=C:\PROGRAM FILES\BORLAND\BDS\4.0\LIB\CP32MT.LIB|ungetc ACBP=A9
 0001:000129C8 0000006C C=CODE    S=_TEXT    G=(none)   M=C:\PROGRAM FILES\BORLAND\BDS\4.0\LIB\CP32MT.LIB|ungetwc ACBP=A9
 0001:00012A34 0000001A C=CODE    S=_TEXT    G=(none)   M=C:\PROGRAM FILES\BORLAND\BDS\4.0\LIB\CP32MT.LIB|unlink ACBP=A9
 0001:00012A50 00000A2A C=CODE    S=_TEXT    G=(none)   M=C:\PROGRAM FILES\BORLAND\BDS\4.0\LIB\CP32MT.LIB|vprinter ACBP=A9
 0001:0001347C 00000031 C=CODE    S=_TEXT    G=(none)   M=C:\PROGRAM FILES\BORLAND\BDS\4.0\LIB\CP32MT.LIB|xfflush ACBP=A9
 0001:000134B0 00000025 C=CODE    S=_TEXT    G=(none)   M=C:\PROGRAM FILES\BORLAND\BDS\4.0\LIB\CP32MT.LIB|fgetc ACBP=A9
 0001:000134D8 00000025 C=CODE    S=_TEXT    G=(none)   M=C:\PROGRAM FILES\BORLAND\BDS\4.0\LIB\CP32MT.LIB|fgetwc ACBP=A9
 0001:00013500 0000002B C=CODE    S=_TEXT    G=(none)   M=C:\PROGRAM FILES\BORLAND\BDS\4.0\LIB\CP32MT.LIB|fputc ACBP=A9
 0001:0001352C 0000002C C=CODE    S=_TEXT    G=(none)   M=C:\PROGRAM FILES\BORLAND\BDS\4.0\LIB\CP32MT.LIB|fputwc ACBP=A9
 0001:00013558 00000006 C=CODE    S=_TEXT    G=(none)   M=C:\PROGRAM FILES\BORLAND\BDS\4.0\LIB\CP32MT.LIB|cconv ACBP=A9
 0001:00013558 000002CC C=CODE    S=_TEXT    G=(none)   M=C:\PROGRAM FILES\BORLAND\BDS\4.0\LIB\CP32MT.LIB|convt ACBP=A9
 0001:00013824 00000051 C=CODE    S=_TEXT    G=(none)   M=C:\PROGRAM FILES\BORLAND\BDS\4.0\LIB\CP32MT.LIB|getinfo ACBP=A9
 0001:00013878 00000102 C=CODE    S=_TEXT    G=(none)   M=C:\PROGRAM FILES\BORLAND\BDS\4.0\LIB\CP32MT.LIB|is ACBP=A9
 0001:0001397C 00000103 C=CODE    S=_TEXT    G=(none)   M=C:\PROGRAM FILES\BORLAND\BDS\4.0\LIB\CP32MT.LIB|wis ACBP=A9
 0001:00013A80 00000043 C=CODE    S=_TEXT    G=(none)   M=C:\PROGRAM FILES\BORLAND\BDS\4.0\LIB\CP32MT.LIB|isctype ACBP=A9
 0001:00013AC4 00000055 C=CODE    S=_TEXT    G=(none)   M=C:\PROGRAM FILES\BORLAND\BDS\4.0\LIB\CP32MT.LIB|iswctype ACBP=A9
 0001:00013B1C 00001207 C=CODE    S=_TEXT    G=(none)   M=C:\PROGRAM FILES\BORLAND\BDS\4.0\LIB\CP32MT.LIB|locale ACBP=A9
 0001:00014D24 00000816 C=CODE    S=_TEXT    G=(none)   M=C:\PROGRAM FILES\BORLAND\BDS\4.0\LIB\CP32MT.LIB|initcat ACBP=A9
 0001:0001553C 000000A1 C=CODE    S=_TEXT    G=(none)   M=C:\PROGRAM FILES\BORLAND\BDS\4.0\LIB\CP32MT.LIB|lconv ACBP=A9
 0001:000155E0 00000024 C=CODE    S=_TEXT    G=(none)   M=C:\PROGRAM FILES\BORLAND\BDS\4.0\LIB\CP32MT.LIB|lstrlwr ACBP=A9
 0001:00015604 00000054 C=CODE    S=_TEXT    G=(none)   M=C:\PROGRAM FILES\BORLAND\BDS\4.0\LIB\CP32MT.LIB|ltolower ACBP=A9
 0001:00015658 00000054 C=CODE    S=_TEXT    G=(none)   M=C:\PROGRAM FILES\BORLAND\BDS\4.0\LIB\CP32MT.LIB|ltoupper ACBP=A9
 0001:000156AC 000004E6 C=CODE    S=_TEXT    G=(none)   M=C:\PROGRAM FILES\BORLAND\BDS\4.0\LIB\CP32MT.LIB|mbyte1 ACBP=A9
 0001:00015B94 00000026 C=CODE    S=_TEXT    G=(none)   M=C:\PROGRAM FILES\BORLAND\BDS\4.0\LIB\CP32MT.LIB|lsetlocl ACBP=A9
 0001:00015BBC 0000002E C=CODE    S=_TEXT    G=(none)   M=C:\PROGRAM FILES\BORLAND\BDS\4.0\LIB\CP32MT.LIB|tolower ACBP=A9
 0001:00015BEC 00000200 C=CODE    S=_TEXT    G=(none)   M=C:\PROGRAM FILES\BORLAND\BDS\4.0\LIB\CP32MT.LIB|_ll ACBP=A9
 0001:00015DEC 00000008 C=CODE    S=_TEXT    G=(none)   M=C:\PROGRAM FILES\BORLAND\BDS\4.0\LIB\CP32MT.LIB|_ltoa1 ACBP=A9
 0001:00015DF4 00000188 C=CODE    S=_TEXT    G=(none)   M=C:\PROGRAM FILES\BORLAND\BDS\4.0\LIB\CP32MT.LIB|_pow10 ACBP=A9
 0001:00015F7C 00000077 C=CODE    S=_TEXT    G=(none)   M=C:\PROGRAM FILES\BORLAND\BDS\4.0\LIB\CP32MT.LIB|atol ACBP=A9
 0001:00015FF4 00000013 C=CODE    S=_TEXT    G=(none)   M=C:\PROGRAM FILES\BORLAND\BDS\4.0\LIB\CP32MT.LIB|clear87 ACBP=A9
 0001:00016008 0000002F C=CODE    S=_TEXT    G=(none)   M=C:\PROGRAM FILES\BORLAND\BDS\4.0\LIB\CP32MT.LIB|ctrl87 ACBP=A9
 0001:00016038 00000018 C=CODE    S=_TEXT    G=(none)   M=C:\PROGRAM FILES\BORLAND\BDS\4.0\LIB\CP32MT.LIB|cvtentry ACBP=A9
 0001:00016050 00000018 C=CODE    S=_TEXT    G=(none)   M=C:\PROGRAM FILES\BORLAND\BDS\4.0\LIB\CP32MT.LIB|cvtfak ACBP=A9
 0001:00016068 00000018 C=CODE    S=_TEXT    G=(none)   M=C:\PROGRAM FILES\BORLAND\BDS\4.0\LIB\CP32MT.LIB|cvtfakw ACBP=A9
 0001:00016080 00000016 C=CODE    S=_TEXT    G=(none)   M=C:\PROGRAM FILES\BORLAND\BDS\4.0\LIB\CP32MT.LIB|fpreset ACBP=A9
 0001:00016098 0000002D C=CODE    S=_TEXT    G=(none)   M=C:\PROGRAM FILES\BORLAND\BDS\4.0\LIB\CP32MT.LIB|fuildq ACBP=A9
 0001:000160C8 00000021 C=CODE    S=_TEXT    G=(none)   M=C:\PROGRAM FILES\BORLAND\BDS\4.0\LIB\CP32MT.LIB|fuistq ACBP=A9
 0001:000160EC 00000011 C=CODE    S=_TEXT    G=(none)   M=C:\PROGRAM FILES\BORLAND\BDS\4.0\LIB\CP32MT.LIB|fxam ACBP=A9
 0001:00016100 000000B1 C=CODE    S=_TEXT    G=(none)   M=C:\PROGRAM FILES\BORLAND\BDS\4.0\LIB\CP32MT.LIB|int64toa ACBP=A9
 0001:000161B4 00000118 C=CODE    S=_TEXT    G=(none)   M=C:\PROGRAM FILES\BORLAND\BDS\4.0\LIB\CP32MT.LIB|ldtrunc ACBP=A9
 0001:000162CC 0000008F C=CODE    S=_TEXT    G=(none)   M=C:\PROGRAM FILES\BORLAND\BDS\4.0\LIB\CP32MT.LIB|longtoa ACBP=A9
 0001:0001635C 00000075 C=CODE    S=_TEXT    G=(none)   M=C:\PROGRAM FILES\BORLAND\BDS\4.0\LIB\CP32MT.LIB|ltoa1 ACBP=A9
 0001:000163D4 0000002A C=CODE    S=_TEXT    G=(none)   M=C:\PROGRAM FILES\BORLAND\BDS\4.0\LIB\CP32MT.LIB|matherr ACBP=A9
 0001:00016400 0000002E C=CODE    S=_TEXT    G=(none)   M=C:\PROGRAM FILES\BORLAND\BDS\4.0\LIB\CP32MT.LIB|matherrl ACBP=A9
 0001:00016430 00000019 C=CODE    S=_TEXT    G=(none)   M=C:\PROGRAM FILES\BORLAND\BDS\4.0\LIB\CP32MT.LIB|mathptr ACBP=A9
 0001:0001644C 00000025 C=CODE    S=_TEXT    G=(none)   M=C:\PROGRAM FILES\BORLAND\BDS\4.0\LIB\CP32MT.LIB|qdiv10 ACBP=A9
 0001:00016474 0000002E C=CODE    S=_TEXT    G=(none)   M=C:\PROGRAM FILES\BORLAND\BDS\4.0\LIB\CP32MT.LIB|qmul10 ACBP=A9
 0001:000164A4 000002F9 C=CODE    S=_TEXT    G=(none)   M=C:\PROGRAM FILES\BORLAND\BDS\4.0\LIB\CP32MT.LIB|realcvt ACBP=A9
 0001:000167A0 00000335 C=CODE    S=_TEXT    G=(none)   M=C:\PROGRAM FILES\BORLAND\BDS\4.0\LIB\CP32MT.LIB|realcvtw ACBP=A9
 0001:00016AD8 000004E9 C=CODE    S=_TEXT    G=(none)   M=C:\PROGRAM FILES\BORLAND\BDS\4.0\LIB\CP32MT.LIB|scantod ACBP=A9
 0001:00016FC4 000004E9 C=CODE    S=_TEXT    G=(none)   M=C:\PROGRAM FILES\BORLAND\BDS\4.0\LIB\CP32MT.LIB|scanwtod ACBP=A9
 0001:000174B0 000002D4 C=CODE    S=_TEXT    G=(none)   M=C:\PROGRAM FILES\BORLAND\BDS\4.0\LIB\CP32MT.LIB|xcvt ACBP=A9
 0001:00017784 000002F3 C=CODE    S=_TEXT    G=(none)   M=C:\PROGRAM FILES\BORLAND\BDS\4.0\LIB\CP32MT.LIB|xcvtw ACBP=A9
 0001:00017A78 0000014D C=CODE    S=_TEXT    G=(none)   M=C:\PROGRAM FILES\BORLAND\BDS\4.0\LIB\CP32MT.LIB|mbctype ACBP=A9
 0001:00017BC8 0000001A C=CODE    S=_TEXT    G=(none)   M=C:\PROGRAM FILES\BORLAND\BDS\4.0\LIB\CP32MT.LIB|mbisspc ACBP=A9
 0001:00017BE4 00000058 C=CODE    S=_TEXT    G=(none)   M=C:\PROGRAM FILES\BORLAND\BDS\4.0\LIB\CP32MT.LIB|mbsrchr ACBP=A9
 0001:00017C3C 000000A6 C=CODE    S=_TEXT    G=(none)   M=C:\PROGRAM FILES\BORLAND\BDS\4.0\LIB\CP32MT.LIB|assert ACBP=A9
 0001:00017CE4 000000BA C=CODE    S=_TEXT    G=(none)   M=C:\PROGRAM FILES\BORLAND\BDS\4.0\LIB\CP32MT.LIB|ermsghlp ACBP=A9
 0001:00017DA0 0000001E C=CODE    S=_TEXT    G=(none)   M=C:\PROGRAM FILES\BORLAND\BDS\4.0\LIB\CP32MT.LIB|errno ACBP=A9
 0001:00017DC0 0000019B C=CODE    S=_TEXT    G=(none)   M=C:\PROGRAM FILES\BORLAND\BDS\4.0\LIB\CP32MT.LIB|errormsg ACBP=A9
 0001:00017F5C 00000022 C=CODE    S=_TEXT    G=(none)   M=C:\PROGRAM FILES\BORLAND\BDS\4.0\LIB\CP32MT.LIB|abort ACBP=A9
 0001:00017F80 000000BF C=CODE    S=_TEXT    G=(none)   M=C:\PROGRAM FILES\BORLAND\BDS\4.0\LIB\CP32MT.LIB|exit ACBP=A9
 0001:00018040 0000001A C=CODE    S=_TEXT    G=(none)   M=C:\PROGRAM FILES\BORLAND\BDS\4.0\LIB\CP32MT.LIB|initwild ACBP=A9
 0001:0001805C 00000011 C=CODE    S=_TEXT    G=(none)   M=C:\PROGRAM FILES\BORLAND\BDS\4.0\LIB\CP32MT.LIB|exparg ACBP=A9
 0001:00018070 00000011 C=CODE    S=_TEXT    G=(none)   M=C:\PROGRAM FILES\BORLAND\BDS\4.0\LIB\CP32MT.LIB|wexparg ACBP=A9
 0001:00018084 00000027 C=CODE    S=_TEXT    G=(none)   M=C:\PROGRAM FILES\BORLAND\BDS\4.0\LIB\CP32MT.LIB|initargv ACBP=A9
 0001:000180AC 0000016C C=CODE    S=_TEXT    G=(none)   M=C:\PROGRAM FILES\BORLAND\BDS\4.0\LIB\CP32MT.LIB|setargv ACBP=A9
 0001:00018218 000001E5 C=CODE    S=_TEXT    G=(none)   M=C:\PROGRAM FILES\BORLAND\BDS\4.0\LIB\CP32MT.LIB|hsargv ACBP=A9
 0001:00018400 00000227 C=CODE    S=_TEXT    G=(none)   M=C:\PROGRAM FILES\BORLAND\BDS\4.0\LIB\CP32MT.LIB|whsargv ACBP=A9
 0001:00018628 00000045 C=CODE    S=_TEXT    G=(none)   M=C:\PROGRAM FILES\BORLAND\BDS\4.0\LIB\CP32MT.LIB|setargv0 ACBP=A9
 0001:00018670 000001D2 C=CODE    S=_TEXT    G=(none)   M=C:\PROGRAM FILES\BORLAND\BDS\4.0\LIB\CP32MT.LIB|setenvp ACBP=A9
 0001:00018844 0000038A C=CODE    S=_TEXT    G=(none)   M=C:\PROGRAM FILES\BORLAND\BDS\4.0\LIB\CP32MT.LIB|signal ACBP=A9
 0001:00018BD0 0000018B C=CODE    S=_TEXT    G=(none)   M=C:\PROGRAM FILES\BORLAND\BDS\4.0\LIB\CP32MT.LIB|initexit ACBP=A9
 0001:00018D5C 000001A4 C=CODE    S=_TEXT    G=(none)   M=C:\PROGRAM FILES\BORLAND\BDS\4.0\LIB\CP32MT.LIB|startup ACBP=A9
 0001:00018F00 00000067 C=CODE    S=_TEXT    G=(none)   M=C:\PROGRAM FILES\BORLAND\BDS\4.0\LIB\CP32MT.LIB|tls ACBP=A9
 0001:00018F68 0000004F C=CODE    S=_TEXT    G=(none)   M=C:\PROGRAM FILES\BORLAND\BDS\4.0\LIB\CP32MT.LIB|tlsstat ACBP=A9
 0001:00018FB8 0000003B C=CODE    S=_TEXT    G=(none)   M=C:\PROGRAM FILES\BORLAND\BDS\4.0\LIB\CP32MT.LIB|thrdbuf ACBP=A9
 0001:00018FF4 000001D8 C=CODE    S=_TEXT    G=(none)   M=C:\PROGRAM FILES\BORLAND\BDS\4.0\LIB\CP32MT.LIB|thrddata ACBP=A9
 0001:000191CC 000000E1 C=CODE    S=_TEXT    G=(none)   M=C:\PROGRAM FILES\BORLAND\BDS\4.0\LIB\CP32MT.LIB|_lock ACBP=A9
 0001:000192B0 00003D11 C=CODE    S=_TEXT    G=(none)   M=C:\PROGRAM FILES\BORLAND\BDS\4.0\LIB\CP32MT.LIB|xx ACBP=A9
 0001:0001CF75 0000000D C=CODE    S=_TEXT    G=(none)   M=C:\PROGRAM FILES\BORLAND\BDS\4.0\LIB\DEBUG\VCLE.LIB|_t_Contr ACBP=A9
 0001:0001CF7D 0000000D C=CODE    S=_TEXT    G=(none)   M=C:\PROGRAM FILES\BORLAND\BDS\4.0\LIB\DEBUG\VCLE.LIB|_t_Forms ACBP=A9
 0001:0001CF85 000006CB C=CODE    S=_TEXT    G=(none)   M=C:\PROGRAM FILES\BORLAND\BDS\4.0\LIB\DEBUG\VCLE.LIB|dstring ACBP=A9
 0001:0001D604 00000087 C=CODE    S=_TEXT    G=(none)   M=C:\PROGRAM FILES\BORLAND\BDS\4.0\LIB\DEBUG\VCLE.LIB|syssupp ACBP=A9
 0001:0001D672 00000158 C=CODE    S=_TEXT    G=(none)   M=C:\PROGRAM FILES\BORLAND\BDS\4.0\LIB\DEBUG\VCLE.LIB|vclinit ACBP=A9
 0001:0001D77C 00000031 C=CODE    S=_TEXT    G=(none)   M=C:\PROGRAM FILES\BORLAND\BDS\4.0\LIB\DEBUG\VCLE.LIB|classcre ACBP=A9
 0002:00000000 000000A4 C=DATA    S=_DATA    G=DGROUP   M=C:\PROGRAM FILES\BORLAND\BDS\4.0\LIB\C0W32.OBJ ACBP=A9
 0002:000000A4 00000001 C=DATA    S=_DATA    G=DGROUP   M=C:\PROGRAM FILES\BORLAND\BDS\4.0\LIB\DEBUG\RTL.BPI|Windows.pas ACBP=A9
 0002:000000A4 00000010 C=DATA    S=_DATA    G=DGROUP   M=C:\PROGRAM FILES\BORLAND\BDS\4.0\LIB\DEBUG\RTL.BPI|UrlMon.pas ACBP=A9
 0002:000000A4 00000010 C=DATA    S=_DATA    G=DGROUP   M=C:\PROGRAM FILES\BORLAND\BDS\4.0\LIB\DEBUG\RTL.BPI|ShlObj.pas ACBP=A9
 0002:000000A4 00000030 C=DATA    S=_DATA    G=DGROUP   M=C:\PROGRAM FILES\BORLAND\BDS\4.0\LIB\OBJ\SYSINIT.OBJ ACBP=A9
 0002:000000C4 00000060 C=DATA    S=_DATA    G=DGROUP   M=C:\ANDRE\MAP2DBG\CALLDEMO\DEBUG_BUILD\CALLDEMO.OBJ ACBP=A9
 0002:00000124 000002AC C=DATA    S=_DATA    G=DGROUP   M=C:\ANDRE\MAP2DBG\CALLDEMO\DEBUG_BUILD\MAINFORM.OBJ ACBP=A9
 0002:000003D0 0000150C C=DATA    S=_DATA    G=DGROUP   M=C:\ANDRE\MAP2DBG\CALLDEMO\DEBUG_BUILD\CALLSTACK.OBJ ACBP=A9
 0002:000018DC 00000010 C=DATA    S=_DATA    G=DGROUP   M=C:\PROGRAM FILES\BORLAND\BDS\4.0\LIB\CP32MT.LIB|delaop ACBP=A9
 0002:000018EC 00000010 C=DATA    S=_DATA    G=DGROUP   M=C:\PROGRAM FILES\BORLAND\BDS\4.0\LIB\CP32MT.LIB|delop ACBP=A9
 0002:000018FC 00000030 C=DATA    S=_DATA    G=DGROUP   M=C:\PROGRAM FILES\BORLAND\BDS\4.0\LIB\CP32MT.LIB|exceptio ACBP=A9
 0002:0000192C 00000018 C=DATA    S=_DATA    G=DGROUP   M=C:\PROGRAM FILES\BORLAND\BDS\4.0\LIB\CP32MT.LIB|gccex ACBP=A9
 0002:00001944 000004F8 C=DATA    S=_DATA    G=DGROUP   M=C:\PROGRAM FILES\BORLAND\BDS\4.0\LIB\CP32MT.LIB|ios ACBP=A9
 0002:00001E3C 00000BE8 C=DATA    S=_DATA    G=DGROUP   M=C:\PROGRAM FILES\BORLAND\BDS\4.0\LIB\CP32MT.LIB|iostream ACBP=A9
 0002:00002A24 0000015C C=DATA    S=_DATA    G=DGROUP   M=C:\PROGRAM FILES\BORLAND\BDS\4.0\LIB\CP32MT.LIB|dwlocale ACBP=A9
 0002:00002B44 00000414 C=DATA    S=_DATA    G=DGROUP   M=C:\PROGRAM FILES\BORLAND\BDS\4.0\LIB\CP32MT.LIB|locale0 ACBP=A9
 0002:00002F58 0000001C C=DATA    S=_DATA    G=DGROUP   M=C:\PROGRAM FILES\BORLAND\BDS\4.0\LIB\CP32MT.LIB|new ACBP=A9
 0002:00002F5C 00000100 C=DATA    S=_DATA    G=DGROUP   M=C:\PROGRAM FILES\BORLAND\BDS\4.0\LIB\CP32MT.LIB|newop ACBP=A9
 0002:00003048 0000022C C=DATA    S=_DATA    G=DGROUP   M=C:\PROGRAM FILES\BORLAND\BDS\4.0\LIB\CP32MT.LIB|string ACBP=A9
 0002:00003274 00000920 C=DATA    S=_DATA    G=DGROUP   M=C:\PROGRAM FILES\BORLAND\BDS\4.0\LIB\CP32MT.LIB|wiostrea ACBP=A9
 0002:00003B94 00000069 C=DATA    S=_DATA    G=DGROUP   M=C:\PROGRAM FILES\BORLAND\BDS\4.0\LIB\CP32MT.LIB|wlocale ACBP=A9
 0002:00003BF4 00000202 C=DATA    S=_DATA    G=DGROUP   M=C:\PROGRAM FILES\BORLAND\BDS\4.0\LIB\CP32MT.LIB|xlocinfo ACBP=A9
 0002:00003DF8 00000064 C=DATA    S=_DATA    G=DGROUP   M=C:\PROGRAM FILES\BORLAND\BDS\4.0\LIB\CP32MT.LIB|xstart ACBP=A9
 0002:00003E5C 00000008 C=DATA    S=_DATA    G=DGROUP   M=C:\PROGRAM FILES\BORLAND\BDS\4.0\LIB\CP32MT.LIB|xsyslock ACBP=A9
 0002:00003E64 000001DC C=DATA    S=_DATA    G=DGROUP   M=C:\PROGRAM FILES\BORLAND\BDS\4.0\LIB\CP32MT.LIB|hrdir_b ACBP=A9
 0002:00004040 00000020 C=DATA    S=_DATA    G=DGROUP   M=C:\PROGRAM FILES\BORLAND\BDS\4.0\LIB\CP32MT.LIB|hrdir_s ACBP=A9
 0002:00004060 0000000C C=DATA    S=_DATA    G=DGROUP   M=C:\PROGRAM FILES\BORLAND\BDS\4.0\LIB\CP32MT.LIB|pheap ACBP=A9
 0002:0000406C 00000004 C=DATA    S=_DATA    G=DGROUP   M=C:\PROGRAM FILES\BORLAND\BDS\4.0\LIB\CP32MT.LIB|xx_xpf ACBP=A9
 0002:00004070 00000364 C=DATA    S=_DATA    G=DGROUP   M=C:\PROGRAM FILES\BORLAND\BDS\4.0\LIB\CP32MT.LIB|xxtype ACBP=A9
 0002:000043D4 00000014 C=DATA    S=_DATA    G=DGROUP   M=C:\PROGRAM FILES\BORLAND\BDS\4.0\LIB\CP32MT.LIB|xxut ACBP=A9
 0002:000043DC 000000E8 C=DATA    S=_DATA    G=DGROUP   M=C:\PROGRAM FILES\BORLAND\BDS\4.0\LIB\CP32MT.LIB|xxv ACBP=A9
 0002:000044C4 00000014 C=DATA    S=_DATA    G=DGROUP   M=C:\PROGRAM FILES\BORLAND\BDS\4.0\LIB\CP32MT.LIB|except ACBP=A9
 0002:000044D8 00000004 C=DATA    S=_DATA    G=DGROUP   M=C:\PROGRAM FILES\BORLAND\BDS\4.0\LIB\CP32MT.LIB|_cfinfo ACBP=A9
 0002:000044DC 00000004 C=DATA    S=_DATA    G=DGROUP   M=C:\PROGRAM FILES\BORLAND\BDS\4.0\LIB\CP32MT.LIB|cfinfo ACBP=A9
 0002:000044E0 000004B0 C=DATA    S=_DATA    G=DGROUP   M=C:\PROGRAM FILES\BORLAND\BDS\4.0\LIB\CP32MT.LIB|files ACBP=A9
 0002:00004990 000000CC C=DATA    S=_DATA    G=DGROUP   M=C:\PROGRAM FILES\BORLAND\BDS\4.0\LIB\CP32MT.LIB|files2 ACBP=A9
 0002:00004A5C 00000004 C=DATA    S=_DATA    G=DGROUP   M=C:\PROGRAM FILES\BORLAND\BDS\4.0\LIB\CP32MT.LIB|fmode ACBP=A9
 0002:00004A60 00000004 C=DATA    S=_DATA    G=DGROUP   M=C:\PROGRAM FILES\BORLAND\BDS\4.0\LIB\CP32MT.LIB|fmodeptr ACBP=A9
 0002:00004A64 00000064 C=DATA    S=_DATA    G=DGROUP   M=C:\PROGRAM FILES\BORLAND\BDS\4.0\LIB\CP32MT.LIB|handles ACBP=A9
 0002:00004AC8 0000012B C=DATA    S=_DATA    G=DGROUP   M=C:\PROGRAM FILES\BORLAND\BDS\4.0\LIB\CP32MT.LIB|ioerror ACBP=A9
 0002:00004BF4 0000000C C=DATA    S=_DATA    G=DGROUP   M=C:\PROGRAM FILES\BORLAND\BDS\4.0\LIB\CP32MT.LIB|mkname ACBP=A9
 0002:00004C00 00000494 C=DATA    S=_DATA    G=DGROUP   M=C:\PROGRAM FILES\BORLAND\BDS\4.0\LIB\CP32MT.LIB|perror ACBP=A9
 0002:00005094 00000068 C=DATA    S=_DATA    G=DGROUP   M=C:\PROGRAM FILES\BORLAND\BDS\4.0\LIB\CP32MT.LIB|streams ACBP=A9
 0002:000050FC 00000076 C=DATA    S=_DATA    G=DGROUP   M=C:\PROGRAM FILES\BORLAND\BDS\4.0\LIB\CP32MT.LIB|vprinter ACBP=A9
 0002:00005174 00000202 C=DATA    S=_DATA    G=DGROUP   M=C:\PROGRAM FILES\BORLAND\BDS\4.0\LIB\CP32MT.LIB|bigctype ACBP=A9
 0002:00005378 0000003C C=DATA    S=_DATA    G=DGROUP   M=C:\PROGRAM FILES\BORLAND\BDS\4.0\LIB\CP32MT.LIB|cconv ACBP=A9
 0002:000053B4 00000050 C=DATA    S=_DATA    G=DGROUP   M=C:\PROGRAM FILES\BORLAND\BDS\4.0\LIB\CP32MT.LIB|convt ACBP=A9
 0002:00005404 00000100 C=DATA    S=_DATA    G=DGROUP   M=C:\PROGRAM FILES\BORLAND\BDS\4.0\LIB\CP32MT.LIB|clower ACBP=A9
 0002:00005504 00000100 C=DATA    S=_DATA    G=DGROUP   M=C:\PROGRAM FILES\BORLAND\BDS\4.0\LIB\CP32MT.LIB|cupper ACBP=A9
 0002:00005604 00000118 C=DATA    S=_DATA    G=DGROUP   M=C:\PROGRAM FILES\BORLAND\BDS\4.0\LIB\CP32MT.LIB|locale ACBP=A9
 0002:0000571C 00000260 C=DATA    S=_DATA    G=DGROUP   M=C:\PROGRAM FILES\BORLAND\BDS\4.0\LIB\CP32MT.LIB|clocale ACBP=A9
 0002:0000597C 0000008C C=DATA    S=_DATA    G=DGROUP   M=C:\PROGRAM FILES\BORLAND\BDS\4.0\LIB\CP32MT.LIB|initcat ACBP=A9
 0002:00005A08 000000C0 C=DATA    S=_DATA    G=DGROUP   M=C:\PROGRAM FILES\BORLAND\BDS\4.0\LIB\CP32MT.LIB|_pow10 ACBP=A9
 0002:00005AC8 00000068 C=DATA    S=_DATA    G=DGROUP   M=C:\PROGRAM FILES\BORLAND\BDS\4.0\LIB\CP32MT.LIB|cvtfak ACBP=A9
 0002:00005B30 00000068 C=DATA    S=_DATA    G=DGROUP   M=C:\PROGRAM FILES\BORLAND\BDS\4.0\LIB\CP32MT.LIB|cvtfakw ACBP=A9
 0002:00005B98 00000004 C=DATA    S=_DATA    G=DGROUP   M=C:\PROGRAM FILES\BORLAND\BDS\4.0\LIB\CP32MT.LIB|deflt87 ACBP=A9
 0002:00005B9C 0000007C C=DATA    S=_DATA    G=DGROUP   M=C:\PROGRAM FILES\BORLAND\BDS\4.0\LIB\CP32MT.LIB|hugeval ACBP=A9
 0002:00005C18 00000008 C=DATA    S=_DATA    G=DGROUP   M=C:\PROGRAM FILES\BORLAND\BDS\4.0\LIB\CP32MT.LIB|initcvt ACBP=A9
 0002:00005C20 00000008 C=DATA    S=_DATA    G=DGROUP   M=C:\PROGRAM FILES\BORLAND\BDS\4.0\LIB\CP32MT.LIB|mathptr ACBP=A9
 0002:00005C28 00000014 C=DATA    S=_DATA    G=DGROUP   M=C:\PROGRAM FILES\BORLAND\BDS\4.0\LIB\CP32MT.LIB|realcvt ACBP=A9
 0002:00005C3C 00000028 C=DATA    S=_DATA    G=DGROUP   M=C:\PROGRAM FILES\BORLAND\BDS\4.0\LIB\CP32MT.LIB|realcvtw ACBP=A9
 0002:00005C64 00000028 C=DATA    S=_DATA    G=DGROUP   M=C:\PROGRAM FILES\BORLAND\BDS\4.0\LIB\CP32MT.LIB|scantod ACBP=A9
 0002:00005C8C 00000028 C=DATA    S=_DATA    G=DGROUP   M=C:\PROGRAM FILES\BORLAND\BDS\4.0\LIB\CP32MT.LIB|scanwtod ACBP=A9
 0002:00005CB4 00000048 C=DATA    S=_DATA    G=DGROUP   M=C:\PROGRAM FILES\BORLAND\BDS\4.0\LIB\CP32MT.LIB|mbctype ACBP=A9
 0002:00005CFC 00000024 C=DATA    S=_DATA    G=DGROUP   M=C:\PROGRAM FILES\BORLAND\BDS\4.0\LIB\CP32MT.LIB|assert ACBP=A9
 0002:00005D20 00000024 C=DATA    S=_DATA    G=DGROUP   M=C:\PROGRAM FILES\BORLAND\BDS\4.0\LIB\CP32MT.LIB|ermsghlp ACBP=A9
 0002:00005D44 00000010 C=DATA    S=_DATA    G=DGROUP   M=C:\PROGRAM FILES\BORLAND\BDS\4.0\LIB\CP32MT.LIB|errormsg ACBP=A9
 0002:00005D54 00000020 C=DATA    S=_DATA    G=DGROUP   M=C:\PROGRAM FILES\BORLAND\BDS\4.0\LIB\CP32MT.LIB|abort ACBP=A9
 0002:00005D74 00000004 C=DATA    S=_DATA    G=DGROUP   M=C:\PROGRAM FILES\BORLAND\BDS\4.0\LIB\CP32MT.LIB|patexit ACBP=A9
 0002:00005D78 0000000C C=DATA    S=_DATA    G=DGROUP   M=C:\PROGRAM FILES\BORLAND\BDS\4.0\LIB\CP32MT.LIB|exit ACBP=A9
 0002:00005D84 00000008 C=DATA    S=_DATA    G=DGROUP   M=C:\PROGRAM FILES\BORLAND\BDS\4.0\LIB\CP32MT.LIB|saptr ACBP=A9
 0002:00005D8C 00000008 C=DATA    S=_DATA    G=DGROUP   M=C:\PROGRAM FILES\BORLAND\BDS\4.0\LIB\CP32MT.LIB|wsaptr ACBP=A9
 0002:00005D94 00000054 C=DATA    S=_DATA    G=DGROUP   M=C:\PROGRAM FILES\BORLAND\BDS\4.0\LIB\CP32MT.LIB|setargv ACBP=A9
 0002:00005DE8 00000028 C=DATA    S=_DATA    G=DGROUP   M=C:\PROGRAM FILES\BORLAND\BDS\4.0\LIB\CP32MT.LIB|hsargv ACBP=A9
 0002:00005E10 00000024 C=DATA    S=_DATA    G=DGROUP   M=C:\PROGRAM FILES\BORLAND\BDS\4.0\LIB\CP32MT.LIB|whsargv ACBP=A9
 0002:00005E34 00000004 C=DATA    S=_DATA    G=DGROUP   M=C:\PROGRAM FILES\BORLAND\BDS\4.0\LIB\CP32MT.LIB|wildptr ACBP=A9
 0002:00005E38 00000004 C=DATA    S=_DATA    G=DGROUP   M=C:\PROGRAM FILES\BORLAND\BDS\4.0\LIB\CP32MT.LIB|wwildptr ACBP=A9
 0002:00005E3C 00000020 C=DATA    S=_DATA    G=DGROUP   M=C:\PROGRAM FILES\BORLAND\BDS\4.0\LIB\CP32MT.LIB|setargv0 ACBP=A9
 0002:00005E5C 0000006C C=DATA    S=_DATA    G=DGROUP   M=C:\PROGRAM FILES\BORLAND\BDS\4.0\LIB\CP32MT.LIB|setenvp ACBP=A9
 0002:00005EC8 0000005E C=DATA    S=_DATA    G=DGROUP   M=C:\PROGRAM FILES\BORLAND\BDS\4.0\LIB\CP32MT.LIB|signal ACBP=A9
 0002:00005F28 00000004 C=DATA    S=_DATA    G=DGROUP   M=C:\PROGRAM FILES\BORLAND\BDS\4.0\LIB\CP32MT.LIB|globals ACBP=A9
 0002:00005F2C 0000001C C=DATA    S=_DATA    G=DGROUP   M=C:\PROGRAM FILES\BORLAND\BDS\4.0\LIB\CP32MT.LIB|initexit ACBP=A9
 0002:00005F48 0000001C C=DATA    S=_DATA    G=DGROUP   M=C:\PROGRAM FILES\BORLAND\BDS\4.0\LIB\CP32MT.LIB|thrddata ACBP=A9
 0002:00005F64 00000014 C=DATA    S=_DATA    G=DGROUP   M=C:\PROGRAM FILES\BORLAND\BDS\4.0\LIB\CP32MT.LIB|_lock ACBP=A9
 0002:00005F78 000014B0 C=DATA    S=_DATA    G=DGROUP   M=C:\PROGRAM FILES\BORLAND\BDS\4.0\LIB\CP32MT.LIB|xx ACBP=A9
 0002:00007410 000002F4 C=DATA    S=_DATA    G=DGROUP   M=C:\PROGRAM FILES\BORLAND\BDS\4.0\LIB\DEBUG\VCLE.LIB|dstring ACBP=A9
 0002:000076EC 00000068 C=DATA    S=_DATA    G=DGROUP   M=C:\PROGRAM FILES\BORLAND\BDS\4.0\LIB\DEBUG\VCLE.LIB|syssupp ACBP=A9
 0002:0000773C 00000070 C=DATA    S=_DATA    G=DGROUP   M=C:\PROGRAM FILES\BORLAND\BDS\4.0\LIB\DEBUG\VCLE.LIB|vclinit ACBP=A9
 0002:000077AC 00000004 C=DATA    S=_DATA    G=DGROUP   M=<internal> ACBP=A9
 0003:00000000 00000010 C=BSS     S=_BSS     G=DGROUP   M=C:\PROGRAM FILES\BORLAND\BDS\4.0\LIB\DEBUG\RTL.BPI|Windows.pas ACBP=A9
 0003:00000010 00000004 C=BSS     S=_BSS     G=DGROUP   M=C:\PROGRAM FILES\BORLAND\BDS\4.0\LIB\DEBUG\RTL.BPI|Messages.pas ACBP=A9
 0003:00000014 0000000C C=BSS     S=_BSS     G=DGROUP   M=C:\PROGRAM FILES\BORLAND\BDS\4.0\LIB\DEBUG\RTL.BPI|CommCtrl.pas ACBP=A9
 0003:00000020 00000004 C=BSS     S=_BSS     G=DGROUP   M=C:\PROGRAM FILES\BORLAND\BDS\4.0\LIB\DEBUG\RTL.BPI|UrlMon.pas ACBP=A9
 0003:00000024 00000004 C=BSS     S=_BSS     G=DGROUP   M=C:\PROGRAM FILES\BORLAND\BDS\4.0\LIB\DEBUG\RTL.BPI|WinInet.pas ACBP=A9
 0003:00000028 00000004 C=BSS     S=_BSS     G=DGROUP   M=C:\PROGRAM FILES\BORLAND\BDS\4.0\LIB\DEBUG\RTL.BPI|RegStr.pas ACBP=A9
 0003:0000002C 00000004 C=BSS     S=_BSS     G=DGROUP   M=C:\PROGRAM FILES\BORLAND\BDS\4.0\LIB\DEBUG\RTL.BPI|ShellAPI.pas ACBP=A9
 0003:00000030 00000004 C=BSS     S=_BSS     G=DGROUP   M=C:\PROGRAM FILES\BORLAND\BDS\4.0\LIB\DEBUG\RTL.BPI|ShlObj.pas ACBP=A9
 0003:00000034 00000004 C=BSS     S=_BSS     G=DGROUP   M=C:\PROGRAM FILES\BORLAND\BDS\4.0\LIB\DEBUG\RTL.BPI|CommDlg.pas ACBP=A9
 0003:00000038 00000004 C=BSS     S=_BSS     G=DGROUP   M=C:\PROGRAM FILES\BORLAND\BDS\4.0\LIB\DEBUG\RTL.BPI|Dlgs.pas ACBP=A9
 0003:0000003C 00000004 C=BSS     S=_BSS     G=DGROUP   M=C:\PROGRAM FILES\BORLAND\BDS\4.0\LIB\DEBUG\RTL.BPI|Imm.pas ACBP=A9
 0003:00000040 00000004 C=BSS     S=_BSS     G=DGROUP   M=C:\PROGRAM FILES\BORLAND\BDS\4.0\LIB\DEBUG\RTL.BPI|WinSpool.pas ACBP=A9
 0003:00000044 00000014 C=BSS     S=_BSS     G=DGROUP   M=C:\PROGRAM FILES\BORLAND\BDS\4.0\LIB\OBJ\SYSINIT.OBJ ACBP=A9
 0003:00000058 00000008 C=BSS     S=_BSS     G=DGROUP   M=C:\ANDRE\MAP2DBG\CALLDEMO\DEBUG_BUILD\MAINFORM.OBJ ACBP=A9
 0003:00000060 0000000C C=BSS     S=_BSS     G=DGROUP   M=C:\ANDRE\MAP2DBG\CALLDEMO\DEBUG_BUILD\CALLSTACK.OBJ ACBP=A9
 0003:0000006C 00000010 C=BSS     S=_BSS     G=DGROUP   M=C:\PROGRAM FILES\BORLAND\BDS\4.0\LIB\CP32MT.LIB|ios ACBP=A9
 0003:0000006C 00000248 C=BSS     S=_BSS     G=DGROUP   M=C:\PROGRAM FILES\BORLAND\BDS\4.0\LIB\CP32MT.LIB|iostream ACBP=A9
 0003:000002B4 00000008 C=BSS     S=_BSS     G=DGROUP   M=C:\PROGRAM FILES\BORLAND\BDS\4.0\LIB\CP32MT.LIB|dwlocale ACBP=A9
 0003:000002BC 00000010 C=BSS     S=_BSS     G=DGROUP   M=C:\PROGRAM FILES\BORLAND\BDS\4.0\LIB\CP32MT.LIB|locale0 ACBP=A9
 0003:000002CC 00000004 C=BSS     S=_BSS     G=DGROUP   M=C:\PROGRAM FILES\BORLAND\BDS\4.0\LIB\CP32MT.LIB|newop ACBP=A9
 0003:000002D0 00000238 C=BSS     S=_BSS     G=DGROUP   M=C:\PROGRAM FILES\BORLAND\BDS\4.0\LIB\CP32MT.LIB|wiostrea ACBP=A9
 0003:00000504 00000008 C=BSS     S=_BSS     G=DGROUP   M=C:\PROGRAM FILES\BORLAND\BDS\4.0\LIB\CP32MT.LIB|xstart ACBP=A9
 0003:0000050C 00000010 C=BSS     S=_BSS     G=DGROUP   M=C:\PROGRAM FILES\BORLAND\BDS\4.0\LIB\CP32MT.LIB|xsyslock ACBP=A9
 0003:0000051C 0000001C C=BSS     S=_BSS     G=DGROUP   M=C:\PROGRAM FILES\BORLAND\BDS\4.0\LIB\CP32MT.LIB|hrdir_b ACBP=A9
 0003:00000538 00000408 C=BSS     S=_BSS     G=DGROUP   M=C:\PROGRAM FILES\BORLAND\BDS\4.0\LIB\CP32MT.LIB|xxtype ACBP=A9
 0003:00000940 00000008 C=BSS     S=_BSS     G=DGROUP   M=C:\PROGRAM FILES\BORLAND\BDS\4.0\LIB\CP32MT.LIB|xxv ACBP=A9
 0003:00000948 00000008 C=BSS     S=_BSS     G=DGROUP   M=C:\PROGRAM FILES\BORLAND\BDS\4.0\LIB\CP32MT.LIB|except ACBP=A9
 0003:00000950 00000190 C=BSS     S=_BSS     G=DGROUP   M=C:\PROGRAM FILES\BORLAND\BDS\4.0\LIB\CP32MT.LIB|files2 ACBP=A9
 0003:00000AE0 00000008 C=BSS     S=_BSS     G=DGROUP   M=C:\PROGRAM FILES\BORLAND\BDS\4.0\LIB\CP32MT.LIB|handles ACBP=A9
 0003:00000AE8 00000001 C=BSS     S=_BSS     G=DGROUP   M=C:\PROGRAM FILES\BORLAND\BDS\4.0\LIB\CP32MT.LIB|lgetc ACBP=A9
 0003:00000AEC 00000002 C=BSS     S=_BSS     G=DGROUP   M=C:\PROGRAM FILES\BORLAND\BDS\4.0\LIB\CP32MT.LIB|lgetwc ACBP=A9
 0003:00000AEE 00000002 C=BSS     S=_BSS     G=DGROUP   M=C:\PROGRAM FILES\BORLAND\BDS\4.0\LIB\CP32MT.LIB|mkname ACBP=A9
 0003:00000AF0 00000008 C=BSS     S=_BSS     G=DGROUP   M=C:\PROGRAM FILES\BORLAND\BDS\4.0\LIB\CP32MT.LIB|streams ACBP=A9
 0003:00000AF8 00000108 C=BSS     S=_BSS     G=DGROUP   M=C:\PROGRAM FILES\BORLAND\BDS\4.0\LIB\CP32MT.LIB|mbctype ACBP=A9
 0003:00000C00 00000100 C=BSS     S=_BSS     G=DGROUP   M=C:\PROGRAM FILES\BORLAND\BDS\4.0\LIB\CP32MT.LIB|assert ACBP=A9
 0003:00000D00 00000019 C=BSS     S=_BSS     G=DGROUP   M=C:\PROGRAM FILES\BORLAND\BDS\4.0\LIB\CP32MT.LIB|ermsghlp ACBP=A9
 0003:00000D1C 0000000C C=BSS     S=_BSS     G=DGROUP   M=C:\PROGRAM FILES\BORLAND\BDS\4.0\LIB\CP32MT.LIB|setargv ACBP=A9
 0003:00000D28 00000004 C=BSS     S=_BSS     G=DGROUP   M=C:\PROGRAM FILES\BORLAND\BDS\4.0\LIB\CP32MT.LIB|hsargv ACBP=A9
 0003:00000D2C 00000004 C=BSS     S=_BSS     G=DGROUP   M=C:\PROGRAM FILES\BORLAND\BDS\4.0\LIB\CP32MT.LIB|whsargv ACBP=A9
 0003:00000D30 00000010 C=BSS     S=_BSS     G=DGROUP   M=C:\PROGRAM FILES\BORLAND\BDS\4.0\LIB\CP32MT.LIB|setenvp ACBP=A9
 0003:00000D40 00000044 C=BSS     S=_BSS     G=DGROUP   M=C:\PROGRAM FILES\BORLAND\BDS\4.0\LIB\CP32MT.LIB|globals ACBP=A9
 0003:00000D84 00000008 C=BSS     S=_BSS     G=DGROUP   M=C:\PROGRAM FILES\BORLAND\BDS\4.0\LIB\CP32MT.LIB|thrddata ACBP=A9
 0003:00000D8C 00003004 C=BSS     S=_BSS     G=DGROUP   M=C:\PROGRAM FILES\BORLAND\BDS\4.0\LIB\CP32MT.LIB|_lock ACBP=A9
 0003:00003D90 00000010 C=BSS     S=_BSS     G=DGROUP   M=C:\PROGRAM FILES\BORLAND\BDS\4.0\LIB\CP32MT.LIB|xx ACBP=A9
 0004:00000000 0000009C C=TLS     S=_TLS     G=DGROUP   M=C:\PROGRAM FILES\BORLAND\BDS\4.0\LIB\CP32MT.LIB|xxv ACBP=A9
 0004:0000009C 00000008 C=TLS     S=_TLS     G=DGROUP   M=C:\PROGRAM FILES\BORLAND\BDS\4.0\LIB\CP32MT.LIB|tls ACBP=A9

 Address Publics by Name

 0002:0000393C  @std@%basic_filebuf$b19std@%char_traits$b%%@3
 0002:000026D4  @std@%basic_filebuf$c19std@%char_traits$c%%@3
 0002:000038AC  @std@%basic_ios$b19std@%char_traits$b%%@3
 0002:00002644  @std@%basic_ios$c19std@%char_traits$c%%@3
 0002:00003920  @std@%basic_istream$b19std@%char_traits$b%%@3
 0002:000026B8  @std@%basic_istream$c19std@%char_traits$c%%@3
 0002:00003904  @std@%basic_ostream$b19std@%char_traits$b%%@3
 0002:0000269C  @std@%basic_ostream$c19std@%char_traits$c%%@3
 0002:000038BC  @std@%basic_streambuf$b19std@%char_traits$b%%@3
 0002:00002654  @std@%basic_streambuf$c19std@%char_traits$c%%@3
 0002:00003B0C  @std@%codecvt$bci%@3
 0002:00002960  @std@%codecvt$cci%@3
 0002:0000386C  @std@%ctype$b%@3
 0002:00002600  @std@%ctype$c%@3
 0002:00002F48  @std@_Fac_deletable@3
 0002:00002B10  @std@bad_alloc@3
 0002:00002630  @std@bad_cast@3
 0002:000043B0  @std@bad_typeid@3
 0002:00002944  @std@codecvt_base@3
 0002:000025F0  @std@ctype_base@3
 0002:00001930  @std@exception@3
 0002:00001E0C  @std@ios_base@3
 0002:00001DF8  @std@ios_base@failure@3
 0002:00003250  @std@length_error@3
 0002:00002B24  @std@locale@_Locimp@3
 0002:00001E2C  @std@locale@facet@3
 0002:0000323C  @std@logic_error@3
 0002:00003228  @std@out_of_range@3
 0002:00001DE4  @std@runtime_error@3
 0002:000043C4  @std@type_info@3
 0002:000043A0  @type_info_hash@3
 0003:00000060  Callstack::B8_2
 0003:00000068  Callstack::B8_3
 0001:00001420  Callstack::C8_0
 0002:000003D0  Callstack::D8_1
 0003:00000014  Commctrl::B96_1
 0003:00000034  Commdlg::B108_1
 0001:0000F544  DefaultAllocMem
 0001:0000F540  DefaultRegisterAndUnregisterExpectedMemoryLeak
 0003:00000038  Dlgs::B114_1
 0003:0000003C  Imm::B118_1
 0003:00000058  Mainform::B7_2
 0003:0000005C  Mainform::B7_3
 0003:00000010  Messages::B30_1
 0003:00000028  Regstr::B102_1
 0003:0000002C  Shellapi::B104_1
 0003:00000030  Shlobj::B106_2
 0002:000000AC  SysInit::_16390
 0001:00000794  SysInit::_16398
 0001:000007A0  SysInit::_16399
 0003:00000044  Sysinit::B5_2
 0002:000000A8  Sysinit::DataMark
 0003:0000004C  Sysinit::DllProc
 0003:00000048  Sysinit::HInstance
 0003:00000046  Sysinit::ModuleIsCpp
 0003:00000044  Sysinit::ModuleIsLib
 0003:00000045  Sysinit::ModuleIsPackage
 0002:000000A4  Sysinit::TlsIndex
 0003:00000047  Sysinit::TlsLast
 0001:0000085C  Sysinit::VclExit()
 0001:000007C4  Sysinit::VclInit(bool, bool, int, bool)
 0001:000004C0  Sysinit::__linkproc__ __fastcall GetTls()
 0001:00004A9C  System::AnsiString::GetRec() const
 0001:0001CF88  System::AnsiString::ThrowIfOutOfRange(int) const
 0001:0001D27C  System::AnsiString::sprintf(const char *, ...)
 0001:0001D238  System::AnsiString::vprintf(const char *, void *)
 0001:00001170  System::DynamicArray<Forms::TPopupWnd>::DecRefCount()
 0001:000011A4  System::DynamicArray<Forms::TPopupWnd>::FreeData()
 0001:00001200  System::DynamicArray<Forms::TPopupWnd>::get_length() const
 0001:00001144  System::DynamicArray<Forms::TPopupWnd>::~DynamicArray<Forms::TPopupWnd>()
 0001:0001D5C0  System::TObject::TObject(const System::TObject&)
 0001:0001D4F0  Sysutils::EExternal::EExternal(const Sysutils::EExternal&)
 0001:0001D494  Sysutils::EIntError::EIntError(const Sysutils::EIntError&)
 0001:0001D438  Sysutils::ERangeError::ERangeError(const Sysutils::ERangeError&)
 0001:0001D550  Sysutils::Exception::Exception(const Sysutils::Exception&)
 0001:00002E10  TDummyDExit::~TDummyDExit()
 0002:000001C4  TForm1::
 0001:00004BBC  TModuleEntry::~TModuleEntry()
 0003:00000020  Urlmon::B98_2
 0001:000008C4  WinMain
 0003:00000000  Windows::B20_2
 0003:00000024  Wininet::B100_1
 0003:00000040  Winspool::B178_1
 0002:0000582C  _CLOCALE
 0002:0000571C  _CMonetary
 0002:00005750  _CNumeric
 0002:00005768  _CTimeDate
 0001:0001BBD0  _CatchCleanup()
 0003:00000060  _DummyDExit
 0003:00000058  _Form1
 0001:00010A20  _InitTermAndUnexPtrs()
 0001:0001BAF0  _ReThrowException(unsigned int, unsigned char *)
 0001:0001BAB8  _ThrowExceptionLDTC(void *, void *, void *, void *, unsigned int, unsigned int, unsigned int, unsigned char *, void *)
 0001:0001D789  __AfterConstruction
 0001:0000F2AC  __Atexit
 0001:0001D791  __BeforeDestruction
 0003:00000D40  __C0argc
 0003:00000D44  __C0argv
 0003:00000D48  __C0environ
 0001:0001D77C  __ClassCreate
 0001:0001D784  __ClassDestroy
 0001:0000F45C  __Clearlocks
 0001:0000A150  __Deletegloballocale
 0003:00000940  __DestructorCountPtr
 0001:00017F44  __ErrorExit
 0001:00017E18  __ErrorMessage
 0001:00017D34  __ErrorMessageHelper
 0003:00000D60  __ExcRegPtr
 0001:00010B20  __ExceptInit
 0002:00004478  __ExceptVarsSize
 0001:0000FF9B  __ExceptionHandler
 0001:0000FF8D  __ExitExceptBlock
 0001:0001D6B4  __ExitVCL
 0001:0000A078  __Fac_tidy
 0001:000003D9  __GetExceptDLLinfo
 0001:00010B70  __GetExceptDLLinfoInternal
 0001:00010708  __GetTypeInfo(void *, void *, void *)
 0001:0000F180  __Getctyptab
 0001:0000A1D4  __Getgloballocale
 0001:0001BB88  __Global_unwind
 0003:00000948  __HandlerPtr
 0001:00010D2C  __InitDefaultHander
 0001:0000FF54  __InitExceptBlockLDTC
 0001:0001D674  __InitVCL
 0001:0000F480  __Initlocks
 0001:0001D6C0  __LateVCLInit
 0001:0000F4C0  __Locksyslock
 0001:0000F420  __Mtxdst
 0001:0000F400  __Mtxinit
 0001:0000F43C  __Mtxlock
 0001:0000F44C  __Mtxunlock
 0001:0000F3BC  __Once
 0002:00001E3C  __PJP_CPP_Copyright
 0002:0000009C  __PackageInfoTable
 0001:00010D40  __SetExceptionHandler
 0001:00010CE0  __SetUserHandler
 0001:0000A1DC  __Setgloballocale
 0002:000000A4  __TLS_index
 0002:0000008F  __TLS_index4
 0001:0000F9F0  __UNNS__pheap_01c64876304be9a0::MemoryManager::MemoryManager()
 0001:0000F4F4  __Unlocksyslock
 0001:00010D55  __UnsetExceptionHandler
 0001:00010D81  __UnwindException
 0003:0000094C  __UserHandlerPtr
 0002:00000098  ___CPPdebugHook
 0002:00000098  ___CPPdebugHook_segment
 0002:000043DC  ___CPPexceptionList
 0001:0000F688  ___CRTL_MEM_CheckBorMem
 0001:0000F588  ___CRTL_MEM_GetBorMemPtrs
 0001:0000F88C  ___CRTL_MEM_Revector
 0001:0000F944  ___CRTL_MEM_UseBorMM
 0001:00018F68  ___CRTL_TLS_Alloc
 0001:00018FAC  ___CRTL_TLS_ExitThread
 0001:00018F70  ___CRTL_TLS_Free
 0001:00018FB4  ___CRTL_TLS_GetInfo
 0001:00018F80  ___CRTL_TLS_GetValue
 0001:00018FA4  ___CRTL_TLS_InitThread
 0001:00018F90  ___CRTL_TLS_SetValue
 0001:0000FA5C  ___CRTL_VCLLIB_Linkage
 0001:0000FA60  ___CRTL_VCL_HookSystem
 0001:0000FA1C  ___CRTL_VCL_Init
 0001:00011EF0  ___DOSerror
 0001:00010B98  ___DefHandler
 0001:00017F34  ___ErrorMessage
 0002:000043F8  ___ExceptStaticXbuff
 0001:00018F0C  ___GetStkIndex
 0001:00018F00  ___GetTlsIndex
 0001:00011EA4  ___IOerror
 0001:0001B218  ___JumpToCatch__
 0001:00011F10  ___NTerror
 0001:000004C0  ___System__GetTls
 0001:0001BD04  ____ExceptionHandler
 0001:00010DAC  ___access
 0001:00010A74  ___call_terminate
 0001:00010AE8  ___call_unexpected
 0001:00010DEC  ___close
 0002:00005F78  ___debuggerDisableTerminateCallback
 0001:00010D8E  ___doGlobalUnwind
 0001:00011E98  ___doserrno
 0001:00010E64  ___eof
 0001:00017DA0  ___errno
 0002:000043E0  ___exceptFlags
 0002:000043F4  ___exceptMemAllocVars
 0002:000043F0  ___exceptStaticBuffP
 0003:00000D6C  ___exit_lock
 0001:000117EC  ___fputn
 0002:00005BE0  ___ieee_64_n_inf
 0002:00005BF0  ___ieee_64_n_nanq
 0002:00005C00  ___ieee_64_n_nans
 0002:00005C10  ___ieee_64_n_zero
 0002:00005BD8  ___ieee_64_p_inf
 0002:00005BE8  ___ieee_64_p_nanq
 0002:00005BF8  ___ieee_64_p_nans
 0002:00005C08  ___ieee_64_p_zero
 0001:00016100  ___int64toa
 0002:0000007D  ___isDLL
 0002:00000044  ___isGUI
 0002:0000007C  ___isVCLPackage
 0001:00010EFC  ___isatty
 0001:00010F2C  ___isatty_osfhandle
 0001:00013A80  ___isctype
 0001:00013AC4  ___iswctype
 0001:000161B4  ___ldtrunc
 0002:00005858  ___locale
 0002:00005608  ___localeLock
 0001:000162CC  ___longtoa
 0001:00010F44  ___lseek
 0002:00005604  ___mb_cur_max
 0001:000124D8  ___mkname
 0001:0001603E  ___nextreal
 0001:00011FC8  ___org__fgetc
 0001:00015B94  ___org__lsetlocale
 0001:000163D4  ___org__matherr
 0001:00016400  ___org__matherrl
 0001:00011514  ___org__read
 0001:000114B8  ___org__rtl_read
 0001:00011530  ___org__rtl_write
 0001:00012664  ___org__snprintf
 0001:0001269C  ___org__vsnprintf
 0001:00011578  ___org__write
 0001:00015FE4  ___org_atoi
 0001:00015F7C  ___org_atol
 0001:0000F514  ___org_calloc
 0001:00004C6C  ___org_delete
 0001:00004C44  ___org_deletea
 0001:00011614  ___org_fclose
 0001:000116B4  ___org_fflush
 0001:000134B0  ___org_fgetc
 0001:00011744  ___org_fgetpos
 0001:00013500  ___org_fputc
 0001:0000F864  ___org_free
 0001:00011924  ___org_fseek
 0001:00011A28  ___org_fsetpos
 0001:00011998  ___org_ftell
 0001:00011A44  ___org_fwrite
 0001:0001635C  ___org_itoa
 0001:00015DEC  ___org_ltoa
 0001:0000F854  ___org_malloc
 0001:000156AC  ___org_mblen
 0001:00015870  ___org_mbstowcs
 0001:00015728  ___org_mbtowc
 0001:0000FAA0  ___org_memchr
 0001:0000FD80  ___org_memcmp
 0001:0000FAC0  ___org_memcpy
 0001:0000FB08  ___org_memmove
 0001:0000FB54  ___org_memset
 0001:0000B9D8  ___org_new
 0001:00018B38  ___org_raise
 0001:0000F874  ___org_realloc
 0001:00012574  ___org_setvbuf
 0001:00012604  ___org_snprintf
 0001:0000FBFC  ___org_strcat
 0001:0000FC38  ___org_strchr
 0001:0000FDEC  ___org_strdup
 0001:0000FC8C  ___org_strlen
 0001:0000FCE8  ___org_strncat
 0001:0000FD58  ___org_strncmp
 0001:0000FE20  ___org_strncpy
 0001:0000FE70  ___org_strstr
 0001:0001638C  ___org_ultoa
 0001:00012964  ___org_ungetc
 0001:00012634  ___org_vsnprintf
 0001:000159E4  ___org_wcstombs
 0001:000157FC  ___org_wctomb
 0003:00003D94  ___pCPPdebugHook
 0002:00005D74  ___pCallAtExitProcs
 0001:00010BA4  ___raiseDebuggerException
 0001:00011034  ___read
 0001:00016038  ___realcvt
 0002:000043D4  ___terminatePTR
 0002:000043EC  ___throwExceptionName
 0002:000043E4  ___throwFileName
 0002:000043E8  ___throwLineNumber
 0001:00012530  ___tmpnam
 0002:000043D8  ___unexpectdPTR
 0002:0000008A  ___useDynamicTLS
 0001:00016340  ___utoa
 0001:00012B00  ___vprinter
 0001:0001117C  ___wread
 0001:00011370  ___write
 0001:000174B0  ___xcvt
 0001:00017784  ___xcvtw
 0004:00000000  ___xxInfo
 0002:0000406C  ___xxPersonality
 0001:00017F5C  __abort
 0001:00000380  __acrtused
 0001:00014B84  __addCategoryName
 0001:000108B0  __adjustClassAdr(void *, tpid *, tpid *)
 0001:00014D24  __allocAndGetValue
 0001:00011594  __allocbuf
 0003:00000D54  __argc
 0003:00000D1C  __argv
 0002:00005E3C  __argv0
 0001:0001805C  __argv_default_expand
 0002:00005E34  __argv_expand_ptr
 0001:00017C84  __assert
 0003:00000534  __borlndmm_GetMem
 0003:0000051C  __bormm_pfn_FreeMem
 0003:00000520  __bormm_pfn_GetMem
 0003:00000528  __bormm_pfn_HeapAddRef
 0003:0000052C  __bormm_pfn_HeapRelease
 0003:00000524  __bormm_pfn_ReallocMem
 0001:0000F7E4  __bormm_stub_FreeMem
 0001:0000F7F8  __bormm_stub_GetMem
 0001:0000F810  __bormm_stub_ReallocMem
 0001:0000F84C  __bormm_stub_Terminate
 0001:00018030  __c_exit
 0001:00018020  __cexit
 0002:000044D8  __cfinfo_get
 0002:00005174  __chartype
 0002:0000448C  __chtbl__ __call_terminate()
 0002:000000C4  __chtbl__ __stdcall WinMain(void *, void *, char *, int)
 0002:00001CAC  __chtbl__ std::basic_string<char, std::char_traits<char>, std::allocator<char> >::_Copy(unsigned int, unsigned int)
 0002:00001CCC  __chtbl__ std::basic_string<char, std::char_traits<char>, std::allocator<char> >::_Copy(unsigned int, unsigned int)
 0001:000145A4  __cleanCategories
 0001:0001410C  __cleanLocale
 0001:00018CBC  __cleanup
 0001:00011A9C  __cleanup_handle_locks
 0001:000128B8  __cleanup_stream_locks
 0001:00015FF4  __clear87
 0002:00005DE8  __cmdline_escapes
 0001:00016008  __control87
 0001:000191CC  __create_lock
 0001:00018BE0  __create_shmem
 0001:00016788  __cvt_init
 0001:00016AC0  __cvt_initw
 0002:00005B98  __default87
 0003:00000D58  __dll_table
 0002:00004AC8  __dosErrorToSV
 0001:00011C0C  __dup_handle
 0002:00007444  __ectbl__ System::AnsiString::ThrowIfOutOfRange(int) const
 0002:000076E0  __ectbl__ System::TObject::TObject(const System::TObject&)
 0002:000076C8  __ectbl__ Sysutils::EExternal::EExternal(const Sysutils::EExternal&)
 0002:000076BC  __ectbl__ Sysutils::EIntError::EIntError(const Sysutils::EIntError&)
 0002:000076B0  __ectbl__ Sysutils::ERangeError::ERangeError(const Sysutils::ERangeError&)
 0002:000076D4  __ectbl__ Sysutils::Exception::Exception(const Sysutils::Exception&)
 0002:000018D0  __ectbl__ TModuleEntry::~TModuleEntry()
 0002:00004394  __ectbl__ __GetTypeInfo(void *, void *, void *)
 0002:00006BD4  __ectbl__ ___ExceptionHandler(_EXCEPTION_RECORD *, ERRbc *, _CONTEXT *, void *, unsigned long, unsigned long, unsigned long, unsigned long, unsigned long, unsigned long)
 0002:000044AC  __ectbl__ __call_terminate()
 0002:000018B8  __ectbl__ __fastcall Classes::TList::TList()
 0002:00000E0C  __ectbl__ __fastcall EnsureModuleSymbolsLoaded()
 0002:00000CE8  __ectbl__ __fastcall FillModuleListPSAPI(Classes::TList *, unsigned long, void *)
 0002:00000BCC  __ectbl__ __fastcall FillModuleListTH32(Classes::TList *, unsigned long)
 0002:00000184  __ectbl__ __fastcall Forms::TForm::TForm(Classes::TComponent *)
 0002:00000390  __ectbl__ __fastcall Forms::TForm::TForm(Classes::TComponent *, int)
 0002:000003B8  __ectbl__ __fastcall Forms::TForm::~TForm()
 0002:000001AC  __ectbl__ __fastcall System::AnsiString::AnsiString()
 0002:00007494  __ectbl__ __fastcall System::AnsiString::AnsiString(const System::AnsiString&)
 0002:0000746C  __ectbl__ __fastcall System::AnsiString::AnsiString(const char *)
 0002:000074BC  __ectbl__ __fastcall System::AnsiString::AnsiString(const char *, unsigned int)
 0002:000074E4  __ectbl__ __fastcall System::AnsiString::AnsiString(int)
 0002:0000750C  __ectbl__ __fastcall System::AnsiString::AnsiString(unsigned long)
 0002:000075F8  __ectbl__ __fastcall System::AnsiString::SubString(int, int) const
 0002:00007564  __ectbl__ __fastcall System::AnsiString::operator +(const System::AnsiString&) const
 0002:00007718  __ectbl__ __fastcall System::LoadResourceString(const System::TResStringRec * const)
 0002:00007674  __ectbl__ __fastcall System::operator +(const char *, const System::AnsiString&)
 0002:00006F1C  __ectbl__ __fastcall Sysutils::EAccessViolation::EAccessViolation(const System::AnsiString)
 0002:00007308  __ectbl__ __fastcall Sysutils::EAccessViolation::~EAccessViolation()
 0002:00006FF4  __ectbl__ __fastcall Sysutils::EControlC::EControlC(const System::AnsiString)
 0002:00007358  __ectbl__ __fastcall Sysutils::EControlC::~EControlC()
 0002:00006C28  __ectbl__ __fastcall Sysutils::EDivByZero::EDivByZero(const System::AnsiString)
 0002:000071F0  __ectbl__ __fastcall Sysutils::EDivByZero::~EDivByZero()
 0002:000071A4  __ectbl__ __fastcall Sysutils::EExternal::EExternal(const System::AnsiString)
 0002:000073F8  __ectbl__ __fastcall Sysutils::EExternal::~EExternal()
 0002:000070CC  __ectbl__ __fastcall Sysutils::EIntError::EIntError(const System::AnsiString)
 0002:000073A8  __ectbl__ __fastcall Sysutils::EIntError::~EIntError()
 0002:00006D00  __ectbl__ __fastcall Sysutils::EIntOverflow::EIntOverflow(const System::AnsiString)
 0002:00007240  __ectbl__ __fastcall Sysutils::EIntOverflow::~EIntOverflow()
 0002:00006D6C  __ectbl__ __fastcall Sysutils::EInvalidOp::EInvalidOp(const System::AnsiString)
 0002:00007268  __ectbl__ __fastcall Sysutils::EInvalidOp::~EInvalidOp()
 0002:00007138  __ectbl__ __fastcall Sysutils::EMathError::EMathError(const System::AnsiString)
 0002:000073D0  __ectbl__ __fastcall Sysutils::EMathError::~EMathError()
 0002:00006E44  __ectbl__ __fastcall Sysutils::EOverflow::EOverflow(const System::AnsiString)
 0002:000072B8  __ectbl__ __fastcall Sysutils::EOverflow::~EOverflow()
 0002:00006F88  __ectbl__ __fastcall Sysutils::EPrivilege::EPrivilege(const System::AnsiString)
 0002:00007330  __ectbl__ __fastcall Sysutils::EPrivilege::~EPrivilege()
 0002:00006C94  __ectbl__ __fastcall Sysutils::ERangeError::ERangeError(const System::AnsiString)
 0002:00007218  __ectbl__ __fastcall Sysutils::ERangeError::~ERangeError()
 0002:00007060  __ectbl__ __fastcall Sysutils::EStackOverflow::EStackOverflow(const System::AnsiString)
 0002:00007380  __ectbl__ __fastcall Sysutils::EStackOverflow::~EStackOverflow()
 0002:00006EB0  __ectbl__ __fastcall Sysutils::EUnderflow::EUnderflow(const System::AnsiString)
 0002:000072E0  __ectbl__ __fastcall Sysutils::EUnderflow::~EUnderflow()
 0002:00006DD8  __ectbl__ __fastcall Sysutils::EZeroDivide::EZeroDivide(const System::AnsiString)
 0002:00007290  __ectbl__ __fastcall Sysutils::EZeroDivide::~EZeroDivide()
 0002:0000010C  __ectbl__ __fastcall Sysutils::Exception::~Exception()
 0002:00000134  __ectbl__ __fastcall TForm1::TForm1(Classes::TComponent *)
 0002:0000015C  __ectbl__ __fastcall TForm1::bCallstackClick(System::TObject *)
 0002:00000374  __ectbl__ __fastcall TForm1::~TForm1()
 0002:00000A7C  __ectbl__ __fastcall db(System::AnsiString)
 0002:00000AE4  __ectbl__ __fastcall dble(System::AnsiString)
 0002:000016BC  __ectbl__ __fastcall dcallstack()
 0002:0000107C  __ectbl__ __fastcall dexit()
 0002:00000FB8  __ectbl__ __fastcall dinit()
 0002:00000A08  __ectbl__ __fastcall le()
 0002:000000E4  __ectbl__ __stdcall WinMain(void *, void *, char *, int)
 0002:0000777C  __ectbl__ __stdcall __LateVCLInit()
 0002:00002864  __ectbl__ const std::codecvt<char, char, int>& std::use_facet<std::codecvt<char, char, int> >(const std::locale&)
 0002:00003A64  __ectbl__ const std::codecvt<wchar_t, char, int>& std::use_facet<std::codecvt<wchar_t, char, int> >(const std::locale&)
 0002:000022C8  __ectbl__ const std::ctype<char>& std::use_facet<std::ctype<char> >(const std::locale&)
 0002:00003630  __ectbl__ const std::ctype<wchar_t>& std::use_facet<std::ctype<wchar_t> >(const std::locale&)
 0002:000020FC  __ectbl__ operator new(unsigned int, void *)
 0002:00002C2C  __ectbl__ std::_Deletegloballocale(void *)
 0002:00002F30  __ectbl__ std::_Fac_deletable::~_Fac_deletable()
 0002:00002F08  __ectbl__ std::_Fac_node::_Fac_node(std::_Fac_node *, std::locale::facet *)
 0002:00002E84  __ectbl__ std::_Fac_node::~_Fac_node()
 0002:00002BF8  __ectbl__ std::_Fac_tidy()
 0002:00002E28  __ectbl__ std::_Locinfo::_Locinfo(const char *)
 0002:00002E5C  __ectbl__ std::_Locinfo::~_Locinfo()
 0002:00001914  __ectbl__ std::_Lockit::_Lockit(int)
 0002:000030A0  __ectbl__ std::_String_base::_Xlen() const
 0002:000030F0  __ectbl__ std::_String_base::_Xran() const
 0002:000025E4  __ectbl__ std::_String_const_iterator<char, std::char_traits<char>, std::allocator<char> >::_String_const_iterator<char, std::char_traits<char>, std::allocator<char> >(const char *)
 0002:000025D8  __ectbl__ std::_String_iterator<char, std::char_traits<char>, std::allocator<char> >::_String_iterator<char, std::char_traits<char>, std::allocator<char> >(char *)
 0002:00001CA0  __ectbl__ std::_String_val<char, std::allocator<char> >::_String_val<char, std::allocator<char> >(std::allocator<char>)
 0002:000033A4  __ectbl__ std::_Winit::_Winit()
 0002:0000349C  __ectbl__ std::_Winit::~_Winit()
 0002:00001C94  __ectbl__ std::allocator<char>::allocator<char>()
 0002:00001DD8  __ectbl__ std::allocator<char>::allocator<char>(const std::allocator<char>&)
 0002:00001D14  __ectbl__ std::allocator<char>::max_size() const
 0002:00002AE0  __ectbl__ std::bad_alloc::bad_alloc()
 0002:00002AF8  __ectbl__ std::bad_alloc::bad_alloc(const std::bad_alloc&)
 0002:00002B38  __ectbl__ std::bad_alloc::what() const
 0002:00002B04  __ectbl__ std::bad_alloc::~bad_alloc()
 0002:00002370  __ectbl__ std::bad_cast::bad_cast(const std::bad_cast&)
 0002:00002504  __ectbl__ std::bad_cast::~bad_cast()
 0002:00002580  __ectbl__ std::basic_filebuf<char, std::char_traits<char> >::_Endwrite()
 0002:00002118  __ectbl__ std::basic_filebuf<char, std::char_traits<char> >::basic_filebuf<char, std::char_traits<char> >(std::FILE *)
 0002:00002424  __ectbl__ std::basic_filebuf<char, std::char_traits<char> >::basic_filebuf<char, std::char_traits<char> >(std::_Uninitialized)
 0002:0000278C  __ectbl__ std::basic_filebuf<char, std::char_traits<char> >::overflow(int)
 0002:000027D0  __ectbl__ std::basic_filebuf<char, std::char_traits<char> >::uflow()
 0002:000024C4  __ectbl__ std::basic_filebuf<char, std::char_traits<char> >::~basic_filebuf<char, std::char_traits<char> >()
 0002:0000383C  __ectbl__ std::basic_filebuf<wchar_t, std::char_traits<wchar_t> >::_Endwrite()
 0002:000034D0  __ectbl__ std::basic_filebuf<wchar_t, std::char_traits<wchar_t> >::basic_filebuf<wchar_t, std::char_traits<wchar_t> >(std::FILE *)
 0002:000036EC  __ectbl__ std::basic_filebuf<wchar_t, std::char_traits<wchar_t> >::basic_filebuf<wchar_t, std::char_traits<wchar_t> >(std::_Uninitialized)
 0002:000039CC  __ectbl__ std::basic_filebuf<wchar_t, std::char_traits<wchar_t> >::overflow(wchar_t)
 0002:00003A10  __ectbl__ std::basic_filebuf<wchar_t, std::char_traits<wchar_t> >::uflow()
 0002:000037B4  __ectbl__ std::basic_filebuf<wchar_t, std::char_traits<wchar_t> >::~basic_filebuf<wchar_t, std::char_traits<wchar_t> >()
 0002:000021EC  __ectbl__ std::basic_ios<char, std::char_traits<char> >::basic_ios<char, std::char_traits<char> >()
 0002:00002224  __ectbl__ std::basic_ios<char, std::char_traits<char> >::widen(char) const
 0002:00002548  __ectbl__ std::basic_ios<char, std::char_traits<char> >::~basic_ios<char, std::char_traits<char> >()
 0002:000035A4  __ectbl__ std::basic_ios<wchar_t, std::char_traits<wchar_t> >::basic_ios<wchar_t, std::char_traits<wchar_t> >()
 0002:000035DC  __ectbl__ std::basic_ios<wchar_t, std::char_traits<wchar_t> >::widen(char) const
 0002:00003804  __ectbl__ std::basic_ios<wchar_t, std::char_traits<wchar_t> >::~basic_ios<wchar_t, std::char_traits<wchar_t> >()
 0002:0000244C  __ectbl__ std::basic_istream<char, std::char_traits<char> >::basic_istream<char, std::char_traits<char> >(std::_Uninitialized)
 0002:00002140  __ectbl__ std::basic_istream<char, std::char_traits<char> >::basic_istream<char, std::char_traits<char> >(std::basic_streambuf<char, std::char_traits<char> > *, bool, bool)
 0002:000024EC  __ectbl__ std::basic_istream<char, std::char_traits<char> >::~basic_istream<char, std::char_traits<char> >()
 0002:00003714  __ectbl__ std::basic_istream<wchar_t, std::char_traits<wchar_t> >::basic_istream<wchar_t, std::char_traits<wchar_t> >(std::_Uninitialized)
 0002:000034F8  __ectbl__ std::basic_istream<wchar_t, std::char_traits<wchar_t> >::basic_istream<wchar_t, std::char_traits<wchar_t> >(std::basic_streambuf<wchar_t, std::char_traits<wchar_t> > *, bool, bool)
 0002:0000378C  __ectbl__ std::basic_istream<wchar_t, std::char_traits<wchar_t> >::~basic_istream<wchar_t, std::char_traits<wchar_t> >()
 0002:00002474  __ectbl__ std::basic_ostream<char, std::char_traits<char> >::basic_ostream<char, std::char_traits<char> >(std::_Uninitialized)
 0002:00002168  __ectbl__ std::basic_ostream<char, std::char_traits<char> >::basic_ostream<char, std::char_traits<char> >(std::basic_streambuf<char, std::char_traits<char> > *, bool)
 0002:0000249C  __ectbl__ std::basic_ostream<char, std::char_traits<char> >::~basic_ostream<char, std::char_traits<char> >()
 0002:0000373C  __ectbl__ std::basic_ostream<wchar_t, std::char_traits<wchar_t> >::basic_ostream<wchar_t, std::char_traits<wchar_t> >(std::_Uninitialized)
 0002:00003520  __ectbl__ std::basic_ostream<wchar_t, std::char_traits<wchar_t> >::basic_ostream<wchar_t, std::char_traits<wchar_t> >(std::basic_streambuf<wchar_t, std::char_traits<wchar_t> > *, bool)
 0002:00003764  __ectbl__ std::basic_ostream<wchar_t, std::char_traits<wchar_t> >::~basic_ostream<wchar_t, std::char_traits<wchar_t> >()
 0002:000021A0  __ectbl__ std::basic_streambuf<char, std::char_traits<char> >::basic_streambuf<char, std::char_traits<char> >()
 0002:00002520  __ectbl__ std::basic_streambuf<char, std::char_traits<char> >::basic_streambuf<char, std::char_traits<char> >(std::_Uninitialized)
 0002:000025A4  __ectbl__ std::basic_streambuf<char, std::char_traits<char> >::~basic_streambuf<char, std::char_traits<char> >()
 0002:00003558  __ectbl__ std::basic_streambuf<wchar_t, std::char_traits<wchar_t> >::basic_streambuf<wchar_t, std::char_traits<wchar_t> >()
 0002:000037DC  __ectbl__ std::basic_streambuf<wchar_t, std::char_traits<wchar_t> >::basic_streambuf<wchar_t, std::char_traits<wchar_t> >(std::_Uninitialized)
 0002:00003860  __ectbl__ std::basic_streambuf<wchar_t, std::char_traits<wchar_t> >::~basic_streambuf<wchar_t, std::char_traits<wchar_t> >()
 0002:00001CEC  __ectbl__ std::basic_string<char, std::char_traits<char>, std::allocator<char> >::_Copy(unsigned int, unsigned int)
 0002:00002810  __ectbl__ std::basic_string<char, std::char_traits<char>, std::allocator<char> >::basic_string<char, std::char_traits<char>, std::allocator<char> >()
 0002:00001B90  __ectbl__ std::basic_string<char, std::char_traits<char>, std::allocator<char> >::basic_string<char, std::char_traits<char>, std::allocator<char> >(const char *)
 0002:00001C78  __ectbl__ std::basic_string<char, std::char_traits<char>, std::allocator<char> >::basic_string<char, std::char_traits<char>, std::allocator<char> >(const std::basic_string<char, std::char_traits<char>, std::allocator<char> >&)
 0002:000025C0  __ectbl__ std::basic_string<char, std::char_traits<char>, std::allocator<char> >::basic_string<char, std::char_traits<char>, std::allocator<char> >(unsigned int, char)
 0002:000028B4  __ectbl__ std::codecvt<char, char, int>::_Getcat(const std::locale::facet * *)
 0002:000028F8  __ectbl__ std::codecvt<char, char, int>::codecvt<char, char, int>(unsigned int)
 0002:00002A00  __ectbl__ std::codecvt<char, char, int>::~codecvt<char, char, int>()
 0002:00003AA4  __ectbl__ std::codecvt<wchar_t, char, int>::_Getcat(const std::locale::facet * *)
 0002:00003AE8  __ectbl__ std::codecvt<wchar_t, char, int>::codecvt<wchar_t, char, int>(unsigned int)
 0002:00003B68  __ectbl__ std::codecvt<wchar_t, char, int>::do_always_noconv() const
 0002:00003B88  __ectbl__ std::codecvt<wchar_t, char, int>::do_encoding() const
 0002:00003B78  __ectbl__ std::codecvt<wchar_t, char, int>::do_max_length() const
 0002:00003B4C  __ectbl__ std::codecvt<wchar_t, char, int>::~codecvt<wchar_t, char, int>()
 0002:00002898  __ectbl__ std::codecvt_base::always_noconv() const
 0002:0000292C  __ectbl__ std::codecvt_base::codecvt_base(unsigned int)
 0002:000029C4  __ectbl__ std::codecvt_base::do_always_noconv() const
 0002:000029E4  __ectbl__ std::codecvt_base::do_encoding() const
 0002:000029D4  __ectbl__ std::codecvt_base::do_max_length() const
 0002:000029A8  __ectbl__ std::codecvt_base::~codecvt_base()
 0002:0000234C  __ectbl__ std::ctype<char>::_Getcat(const std::locale::facet * *)
 0002:0000239C  __ectbl__ std::ctype<char>::ctype<char>(const short *, bool, unsigned int)
 0002:00002754  __ectbl__ std::ctype<char>::~ctype<char>()
 0002:00003670  __ectbl__ std::ctype<wchar_t>::_Getcat(const std::locale::facet * *)
 0002:000036B4  __ectbl__ std::ctype<wchar_t>::ctype<wchar_t>(unsigned int)
 0002:00003994  __ectbl__ std::ctype<wchar_t>::~ctype<wchar_t>()
 0002:000023D0  __ectbl__ std::ctype_base::ctype_base(unsigned int)
 0002:0000272C  __ectbl__ std::ctype_base::~ctype_base()
 0002:00001DBC  __ectbl__ std::exception::exception()
 0002:00002828  __ectbl__ std::fpos<int>::fpos<int>(int, long)
 0002:000027F4  __ectbl__ std::fpos<int>::fpos<int>(long)
 0002:00001FDC  __ectbl__ std::ios_base::Init::Init()
 0002:000020D4  __ectbl__ std::ios_base::Init::~Init()
 0002:00001AC8  __ectbl__ std::ios_base::_Addstd()
 0002:00001AFC  __ectbl__ std::ios_base::_Init()
 0002:00001A48  __ectbl__ std::ios_base::clear(std::_Iosb<int>::_Iostate, bool)
 0002:00001B30  __ectbl__ std::ios_base::failure::failure(const std::basic_string<char, std::char_traits<char>, std::allocator<char> >&)
 0002:00001B74  __ectbl__ std::ios_base::failure::failure(const std::ios_base::failure&)
 0002:00001B5C  __ectbl__ std::ios_base::failure::~failure()
 0002:00002280  __ectbl__ std::ios_base::getloc() const
 0002:00002258  __ectbl__ std::ios_base::ios_base()
 0002:00001A9C  __ectbl__ std::ios_base::~ios_base()
 0002:00003124  __ectbl__ std::length_error::length_error(const std::basic_string<char, std::char_traits<char>, std::allocator<char> >&)
 0002:00003164  __ectbl__ std::length_error::length_error(const std::length_error&)
 0002:0000314C  __ectbl__ std::length_error::~length_error()
 0002:00002CE4  __ectbl__ std::locale::_Init()
 0002:00002D7C  __ectbl__ std::locale::_Locimp::_Locimp(bool)
 0002:00002DDC  __ectbl__ std::locale::_Locimp::~_Locimp()
 0002:00001D40  __ectbl__ std::locale::facet::_Decref()
 0002:00001D84  __ectbl__ std::locale::facet::_Incref()
 0002:00002D48  __ectbl__ std::locale::facet::_Register()
 0002:000023F8  __ectbl__ std::locale::facet::facet(unsigned int)
 0002:00002A18  __ectbl__ std::locale::id::id(unsigned int)
 0002:00002318  __ectbl__ std::locale::id::operator unsigned int()
 0002:00002C80  __ectbl__ std::locale::locale()
 0002:00001BBC  __ectbl__ std::locale::locale(const std::locale&)
 0002:00002EB8  __ectbl__ std::locale::locale(std::_Uninitialized)
 0002:00002EE0  __ectbl__ std::locale::locale(std::locale::_Locimp *)
 0002:00001BE8  __ectbl__ std::locale::~locale()
 0002:000031DC  __ectbl__ std::logic_error::logic_error(const std::basic_string<char, std::char_traits<char>, std::allocator<char> >&)
 0002:00003268  __ectbl__ std::logic_error::what() const
 0002:00003210  __ectbl__ std::logic_error::~logic_error()
 0002:00003180  __ectbl__ std::out_of_range::out_of_range(const std::basic_string<char, std::char_traits<char>, std::allocator<char> >&)
 0002:000031C0  __ectbl__ std::out_of_range::out_of_range(const std::out_of_range&)
 0002:000031A8  __ectbl__ std::out_of_range::~out_of_range()
 0002:00001C1C  __ectbl__ std::runtime_error::runtime_error(const std::basic_string<char, std::char_traits<char>, std::allocator<char> >&)
 0002:00001E20  __ectbl__ std::runtime_error::what() const
 0002:00001C50  __ectbl__ std::runtime_error::~runtime_error()
 0003:00000D3C  __env_lock
 0003:00000D30  __environ
 0003:00000D38  __envsize
 0003:00000D78  __exe_table
 0001:00018008  __exit
 0001:00010D18  __exit_except
 0001:0001279C  __exit_streams
 0001:00018134  __exitargv
 0002:00005D88  __exitargv_ptr
 0002:00005D78  __exitbuf
 0002:00005D7C  __exitfopen
 0002:00005D80  __exitopen
 0001:000186C4  __expandblock
 0001:00002334  __fastcall Classes::TList::TList()
 0001:00000564  __fastcall Commctrl::Finalization()
 0001:00000594  __fastcall Commctrl::initialization()
 0001:000006B4  __fastcall Commdlg::Finalization()
 0001:000006E4  __fastcall Commdlg::initialization()
 0001:0001CF78  __fastcall Controls::TWinControl::GetDeviceContext(void *&)
 0001:000006EC  __fastcall Dlgs::Finalization()
 0001:0000071C  __fastcall Dlgs::initialization()
 0001:00001F68  __fastcall EnsureModuleSymbolsLoaded()
 0001:00001B40  __fastcall FillModuleListPSAPI(Classes::TList *, unsigned long, void *)
 0001:0000179C  __fastcall FillModuleListTH32(Classes::TList *, unsigned long)
 0001:0001CF80  __fastcall Forms::TCustomForm::PaintWindow(void *)
 0001:00000B3C  __fastcall Forms::TForm::TForm(Classes::TComponent *)
 0001:00000D84  __fastcall Forms::TForm::TForm(Classes::TComponent *, int)
 0001:00000DE4  __fastcall Forms::TForm::~TForm()
 0001:00000724  __fastcall Imm::Finalization()
 0001:00000754  __fastcall Imm::initialization()
 0001:0000F948  __fastcall InitProntoMemoryManager()
 0001:0000052C  __fastcall Messages::Finalization()
 0001:0000055C  __fastcall Messages::initialization()
 0001:0000060C  __fastcall Regstr::Finalization()
 0001:0000063C  __fastcall Regstr::initialization()
 0001:00000644  __fastcall Shellapi::Finalization()
 0001:00000674  __fastcall Shellapi::initialization()
 0001:0000067C  __fastcall Shlobj::Finalization()
 0001:000006AC  __fastcall Shlobj::initialization()
 0001:0000088C  __fastcall Sysinit::Finalization()
 0001:000008BC  __fastcall Sysinit::initialization()
 0001:00000C0C  __fastcall System::AnsiString::AnsiString()
 0001:0001D048  __fastcall System::AnsiString::AnsiString(const System::AnsiString&)
 0001:0001D010  __fastcall System::AnsiString::AnsiString(const char *)
 0001:0001D084  __fastcall System::AnsiString::AnsiString(const char *, unsigned int)
 0001:0001D0E0  __fastcall System::AnsiString::AnsiString(int)
 0001:0001D124  __fastcall System::AnsiString::AnsiString(unsigned long)
 0001:0000158C  __fastcall System::AnsiString::Length() const
 0001:0001D2AC  __fastcall System::AnsiString::SetLength(int)
 0001:0001D2CC  __fastcall System::AnsiString::SubString(int, int) const
 0001:0001D298  __fastcall System::AnsiString::Unique()
 0001:0000168C  __fastcall System::AnsiString::c_str() const
 0001:0001D1AC  __fastcall System::AnsiString::operator +(const System::AnsiString&) const
 0001:0001D198  __fastcall System::AnsiString::operator =(const System::AnsiString&)
 0001:000015B0  __fastcall System::AnsiString::operator [](const int)
 0001:0001D168  __fastcall System::AnsiString::~AnsiString()
 0001:000012FC  __fastcall System::DelphiInterface<Controls::IDockManager>::~DelphiInterface<Controls::IDockManager>()
 0001:00001094  __fastcall System::DelphiInterface<Forms::IDesignerHook>::~DelphiInterface<Forms::IDesignerHook>()
 0001:00001054  __fastcall System::DelphiInterface<Forms::IOleForm>::~DelphiInterface<Forms::IOleForm>()
 0001:0001D604  __fastcall System::LoadResourceString(const System::TResStringRec * const)
 0001:0001D3B0  __fastcall System::operator +(const char *, const System::AnsiString&)
 0001:0001B808  __fastcall Sysutils::EAccessViolation::EAccessViolation(const System::AnsiString)
 0001:0001CD10  __fastcall Sysutils::EAccessViolation::~EAccessViolation()
 0001:0001B960  __fastcall Sysutils::EControlC::EControlC(const System::AnsiString)
 0001:0001CDC0  __fastcall Sysutils::EControlC::~EControlC()
 0001:0001B354  __fastcall Sysutils::EDivByZero::EDivByZero(const System::AnsiString)
 0001:0001CAA8  __fastcall Sysutils::EDivByZero::~EDivByZero()
 0001:0001C404  __fastcall Sysutils::EExternal::EExternal(const System::AnsiString)
 0001:0001CF20  __fastcall Sysutils::EExternal::~EExternal()
 0001:0001C1EC  __fastcall Sysutils::EIntError::EIntError(const System::AnsiString)
 0001:0001CE70  __fastcall Sysutils::EIntError::~EIntError()
 0001:0001B4AC  __fastcall Sysutils::EIntOverflow::EIntOverflow(const System::AnsiString)
 0001:0001CB58  __fastcall Sysutils::EIntOverflow::~EIntOverflow()
 0001:0001B558  __fastcall Sysutils::EInvalidOp::EInvalidOp(const System::AnsiString)
 0001:0001CBB0  __fastcall Sysutils::EInvalidOp::~EInvalidOp()
 0001:0001C2EC  __fastcall Sysutils::EMathError::EMathError(const System::AnsiString)
 0001:0001CEC8  __fastcall Sysutils::EMathError::~EMathError()
 0001:0001B6B0  __fastcall Sysutils::EOverflow::EOverflow(const System::AnsiString)
 0001:0001CC60  __fastcall Sysutils::EOverflow::~EOverflow()
 0001:0001B8B4  __fastcall Sysutils::EPrivilege::EPrivilege(const System::AnsiString)
 0001:0001CD68  __fastcall Sysutils::EPrivilege::~EPrivilege()
 0001:0001B400  __fastcall Sysutils::ERangeError::ERangeError(const System::AnsiString)
 0001:0001CB00  __fastcall Sysutils::ERangeError::~ERangeError()
 0001:0001BA0C  __fastcall Sysutils::EStackOverflow::EStackOverflow(const System::AnsiString)
 0001:0001CE18  __fastcall Sysutils::EStackOverflow::~EStackOverflow()
 0001:0001B75C  __fastcall Sysutils::EUnderflow::EUnderflow(const System::AnsiString)
 0001:0001CCB8  __fastcall Sysutils::EUnderflow::~EUnderflow()
 0001:0001B604  __fastcall Sysutils::EZeroDivide::EZeroDivide(const System::AnsiString)
 0001:0001CC08  __fastcall Sysutils::EZeroDivide::~EZeroDivide()
 0001:000009C4  __fastcall Sysutils::Exception::~Exception()
 0001:00000AE4  __fastcall TForm1::TForm1(Classes::TComponent *)
 0001:00000BAC  __fastcall TForm1::bCallstackClick(System::TObject *)
 0001:00000D38  __fastcall TForm1::~TForm1()
 0001:0000059C  __fastcall Urlmon::Finalization()
 0001:000005CC  __fastcall Urlmon::initialization()
 0001:000004D0  __fastcall Windows::Finalization()
 0001:00000514  __fastcall Windows::initialization()
 0001:000005D4  __fastcall Wininet::Finalization()
 0001:00000604  __fastcall Wininet::initialization()
 0001:0000075C  __fastcall Winspool::Finalization()
 0001:0000078C  __fastcall Winspool::initialization()
 0001:000015E4  __fastcall db(System::AnsiString)
 0001:000016AC  __fastcall dble(System::AnsiString)
 0001:00002E30  __fastcall dcallstack()
 0001:00002D40  __fastcall dexit()
 0001:000023A4  __fastcall dinit()
 0001:00001478  __fastcall le()
 0001:00011FC8  __fgetc
 0001:00012174  __fgetwc
 0002:000044DC  __fileinfo
 0002:00005C1C  __floatconvert
 0001:00011764  __flushout
 0002:00004A5C  __fmode
 0002:00004A60  __fmodeptr
 0001:00016080  __fpreset
 0001:00011C74  __free_handle
 0001:0000F934  __free_heaps
 0001:00016098  __fuildq
 0001:000160C8  __fuistq
 0001:000160EC  __fxam
 0001:000003E6  __getHInstance
 0001:00014190  __getLocale
 0001:00013824  __getLocaleNumericInfo
 0001:00014D80  __getShortValue
 0001:00011BCC  __get_handle
 0001:0001928C  __get_lock_level
 0001:00017BB0  __getmbcp
 0002:00000093  __hInstance
 0001:00018370  __handle_exitargv
 0001:00018218  __handle_setargv
 0001:00018594  __handle_wexitargv
 0001:00018400  __handle_wsetargv
 0003:00000A18  __handles
 0002:00004044  __heap_redirector
 0002:00005BA0  __huge_dble
 0002:00005B9C  __huge_flt
 0002:00005BA8  __huge_ldble
 0002:000077AC  __indStub:13847
 0002:00005BC8  __indefinite
 0001:000140F0  __initLocale
 0001:00017BB8  __initMBCSTable
 0001:00010D00  __init_except
 0001:00018BE8  __init_exit_proc
 0001:00011D2C  __init_handles
 0001:00018084  __init_setargv_handlers
 0001:000126D4  __init_streams
 0001:00018F18  __init_tls
 0001:00018040  __init_wild_handlers
 0001:000117D8  __initfileinfo
 0001:000117C8  __initfmode
 0001:00016430  __initmatherr
 0001:0000F970  __internal_free
 0001:0000F9EC  __internal_free_heaps
 0001:0000F94C  __internal_malloc
 0001:0000F998  __internal_realloc
 0001:000105D8  __isCompatTypeID(tpid *, tpid *, int, tpid * *)
 0001:000003DE  __isDLL
 0001:000104FC  __isSameTypeID(tpid *, tpid *)
 0002:00005F28  __isWindows
 0001:00017BC8  __ismbcspace
 0002:00005CB4  __kalpha
 0002:00005CB6  __kpunct
 0001:00011FE0  __lgetc
 0001:0001218C  __lgetwc
 0001:00004C2C  __linkproc__ Callstack::Finalize
 0001:00004C14  __linkproc__ Callstack::Initialize
 0001:00001410  __linkproc__ Mainform::Finalize
 0001:00001400  __linkproc__ Mainform::Initialize
 0001:00015C0F  __lldiv
 0001:00015CD0  __llmod
 0001:00015BEC  __llmul
 0001:0001553C  __llocaleconv
 0001:00015D98  __llshl
 0001:00015DB4  __llshr
 0001:00015C87  __lludiv
 0001:00015D4A  __llumod
 0001:00015DD0  __llushr
 0002:00005378  __localeconvention
 0001:000140D8  __lockLocale
 0001:00011A8C  __lock_all_handles
 0001:000127F4  __lock_all_streams
 0001:00018670  __lock_env
 0001:00019250  __lock_error
 0001:00018D28  __lock_exit
 0001:00011AD0  __lock_handle
 0001:00019230  __lock_nt
 0001:00012814  __lock_stream
 0002:00005404  __lower
 0001:00012280  __lputc
 0001:00012394  __lputwc
 0001:00015B94  __lsetlocale
 0001:000155E0  __lstrlwr
 0001:000163AC  __ltoa
 0001:00015604  __ltolower
[...]
 0002:000037F4  __odtbl__ std::basic_ios<wchar_t, std::char_traits<wchar_t> >::~basic_ios<wchar_t, std::char_traits<wchar_t> >()
 0002:00003804  __ectbl__ std::basic_ios<wchar_t, std::char_traits<wchar_t> >::~basic_ios<wchar_t, std::char_traits<wchar_t> >()
 0002:0000381C  __odtbl__ std::basic_filebuf<wchar_t, std::char_traits<wchar_t> >::_Endwrite()
 0002:0000383C  __ectbl__ std::basic_filebuf<wchar_t, std::char_traits<wchar_t> >::_Endwrite()
 0002:00003860  __ectbl__ std::basic_streambuf<wchar_t, std::char_traits<wchar_t> >::~basic_streambuf<wchar_t, std::char_traits<wchar_t> >()
 0002:0000386C  @std@%ctype$b%@3
 0002:000038AC  @std@%basic_ios$b19std@%char_traits$b%%@3
 0002:000038BC  @std@%basic_streambuf$b19std@%char_traits$b%%@3
 0002:00003904  @std@%basic_ostream$b19std@%char_traits$b%%@3
 0002:00003920  @std@%basic_istream$b19std@%char_traits$b%%@3
 0002:0000393C  @std@%basic_filebuf$b19std@%char_traits$b%%@3
 0002:00003984  __odtbl__ std::ctype<wchar_t>::~ctype<wchar_t>()
 0002:00003994  __ectbl__ std::ctype<wchar_t>::~ctype<wchar_t>()
 0002:000039AC  __odtbl__ std::basic_filebuf<wchar_t, std::char_traits<wchar_t> >::overflow(wchar_t)
 0002:000039CC  __ectbl__ std::basic_filebuf<wchar_t, std::char_traits<wchar_t> >::overflow(wchar_t)
 0002:000039F0  __odtbl__ std::basic_filebuf<wchar_t, std::char_traits<wchar_t> >::uflow()
 0002:00003A10  __ectbl__ std::basic_filebuf<wchar_t, std::char_traits<wchar_t> >::uflow()
 0002:00003A34  __odtbl__ const std::codecvt<wchar_t, char, int>& std::use_facet<std::codecvt<wchar_t, char, int> >(const std::locale&)
 0002:00003A64  __ectbl__ const std::codecvt<wchar_t, char, int>& std::use_facet<std::codecvt<wchar_t, char, int> >(const std::locale&)
 0002:00003A94  __odtbl__ std::codecvt<wchar_t, char, int>::_Getcat(const std::locale::facet * *)
 0002:00003AA4  __ectbl__ std::codecvt<wchar_t, char, int>::_Getcat(const std::locale::facet * *)
 0002:00003AC8  __odtbl__ std::codecvt<wchar_t, char, int>::codecvt<wchar_t, char, int>(unsigned int)
 0002:00003AE8  __ectbl__ std::codecvt<wchar_t, char, int>::codecvt<wchar_t, char, int>(unsigned int)
 0002:00003B0C  @std@%codecvt$bci%@3
 0002:00003B38  std::_Facetptr<std::codecvt<wchar_t, char, int> >::_Psave
 0002:00003B3C  __odtbl__ std::codecvt<wchar_t, char, int>::~codecvt<wchar_t, char, int>()
 0002:00003B4C  __ectbl__ std::codecvt<wchar_t, char, int>::~codecvt<wchar_t, char, int>()
 0002:00003B64  __thrwl__ std::codecvt<wchar_t, char, int>::do_always_noconv() const
 0002:00003B68  __ectbl__ std::codecvt<wchar_t, char, int>::do_always_noconv() const
 0002:00003B74  __thrwl__ std::codecvt<wchar_t, char, int>::do_max_length() const
 0002:00003B78  __ectbl__ std::codecvt<wchar_t, char, int>::do_max_length() const
 0002:00003B84  __thrwl__ std::codecvt<wchar_t, char, int>::do_encoding() const
 0002:00003B88  __ectbl__ std::codecvt<wchar_t, char, int>::do_encoding() const
 0002:00003B94  std::ctype<wchar_t>::id
 0002:00003B98  __vdflg__ std::ctype<wchar_t>::id
 0002:00003B9C  time_put<wchar_t, std::ostreambuf_iterator<wchar_t, std::char_traits<wchar_t> > >::id
 0002:00003BA0  __vdflg__ time_put<wchar_t, std::ostreambuf_iterator<wchar_t, std::char_traits<wchar_t> > >::id
 0002:00003BA4  std::num_get<wchar_t, std::istreambuf_iterator<wchar_t, std::char_traits<wchar_t> > >::id
 0002:00003BA8  __vdflg__ std::num_get<wchar_t, std::istreambuf_iterator<wchar_t, std::char_traits<wchar_t> > >::id
 0002:00003BAC  std::num_put<wchar_t, std::ostreambuf_iterator<wchar_t, std::char_traits<wchar_t> > >::id
 0002:00003BB0  __vdflg__ std::num_put<wchar_t, std::ostreambuf_iterator<wchar_t, std::char_traits<wchar_t> > >::id
 0002:00003BB4  std::numpunct<wchar_t>::id
 0002:00003BB8  __vdflg__ std::numpunct<wchar_t>::id
 0002:00003BBC  std::collate<wchar_t>::id
 0002:00003BC0  __vdflg__ std::collate<wchar_t>::id
 0002:00003BC4  std::messages<wchar_t>::id
 0002:00003BC8  __vdflg__ std::messages<wchar_t>::id
 0002:00003BCC  std::money_get<wchar_t, std::istreambuf_iterator<wchar_t, std::char_traits<wchar_t> > >::id
 0002:00003BD0  __vdflg__ std::money_get<wchar_t, std::istreambuf_iterator<wchar_t, std::char_traits<wchar_t> > >::id
 0002:00003BD4  std::money_put<wchar_t, std::ostreambuf_iterator<wchar_t, std::char_traits<wchar_t> > >::id
 0002:00003BD8  __vdflg__ std::money_put<wchar_t, std::ostreambuf_iterator<wchar_t, std::char_traits<wchar_t> > >::id
 0002:00003BDC  std::moneypunct<wchar_t, 0>::id
 0002:00003BE0  __vdflg__ std::moneypunct<wchar_t, 0>::id
 0002:00003BE4  std::moneypunct<wchar_t, 1>::id
 0002:00003BE8  __vdflg__ std::moneypunct<wchar_t, 1>::id
 0002:00003BEC  std::time_get<wchar_t, std::istreambuf_iterator<wchar_t, std::char_traits<wchar_t> > >::id
 0002:00003BF0  __vdflg__ std::time_get<wchar_t, std::istreambuf_iterator<wchar_t, std::char_traits<wchar_t> > >::id
 0002:00003BF4  d533_1
 0002:00003DF8  d537_1
 0002:00003E5C  d645_1
 0002:00003E64  d681_1
 0002:00004040  d691_1
 0002:00004044  __heap_redirector
 0002:00004060  d695_1
 0002:0000406C  ___xxPersonality
 0002:0000406C  d903_0
 0002:00004070  d905_1
 0002:00004394  __ectbl__ __GetTypeInfo(void *, void *, void *)
 0002:000043A0  @type_info_hash@3
 0002:000043B0  @std@bad_typeid@3
 0002:000043C4  @std@type_info@3
 0002:000043D4  d907_1
 0002:000043D4  ___terminatePTR
 0002:000043D8  ___unexpectdPTR
 0002:000043DC  ___CPPexceptionList
 0002:000043DC  d909_1
 0002:000043E0  ___exceptFlags
 0002:000043E4  ___throwFileName
 0002:000043E8  ___throwLineNumber
 0002:000043EC  ___throwExceptionName
 0002:000043F0  ___exceptStaticBuffP
 0002:000043F4  ___exceptMemAllocVars
 0002:000043F8  ___ExceptStaticXbuff
 0002:00004478  __ExceptVarsSize
 0002:0000448C  __chtbl__ __call_terminate()
 0002:000044AC  __ectbl__ __call_terminate()
 0002:000044C4  d915_1
 0002:000044C4  __stkchk
 0002:000044D8  __cfinfo_get
 0002:000044D8  d951_1
 0002:000044DC  d1031_0
 0002:000044DC  __fileinfo
 0002:000044E0  d1103_0
 0002:000044E0  __streams
 0002:00004990  __nfile
 0002:00004990  d1105_0
 0002:00004994  __openfd
 0002:00004A5C  d1115_0
 0002:00004A5C  __fmode
 0002:00004A60  d1117_1
 0002:00004A60  __fmodeptr
 0002:00004A64  d1181_1
 0002:00004AC8  __dosErrorToSV
 0002:00004AC8  d1183_1
 0002:00004BF4  d1207_1
 0002:00004C00  d1215_1
 0002:00004C00  __sys_errlist
 0002:00004CC8  __sys_nerr
 0002:00005094  d1283_1
 0002:000050FC  d1311_1
 0002:00005174  d1399_0
 0002:00005174  __chartype
 0002:00005378  d1401_1
 0002:00005378  __localeconvention
 0002:000053B4  d1403_1
 0002:00005404  __lower
 0002:00005404  d1405_0
 0002:00005504  d1409_0
 0002:00005504  __upper
 0002:00005604  d1427_1
 0002:00005604  ___mb_cur_max
 0002:00005608  ___localeLock
 0002:0000571C  _CMonetary
 0002:0000571C  d1429_0
 0002:00005750  _CNumeric
 0002:00005768  _CTimeDate
 0002:0000582C  _CLOCALE
 0002:00005858  ___locale
 0002:0000597C  d1431_1
 0002:00005A08  d1563_1
 0002:00005AC8  d1619_1
 0002:00005AC8  __realcvtptr
 0002:00005ACC  __nextrealptr
 0002:00005AD0  __scantodptr
 0002:00005AD4  __scanrsltptr
 0002:00005B30  d1621_1
 0002:00005B30  __realcvtwptr
 0002:00005B34  __nextrealwptr
 0002:00005B38  __scanwtodptr
 0002:00005B3C  __scanwrsltptr
 0002:00005B98  __default87
 0002:00005B98  d1623_0
 0002:00005B9C  __huge_flt
 0002:00005B9C  d1677_0
 0002:00005BA0  __huge_dble
 0002:00005BA8  __huge_ldble
 0002:00005BB2  __max_flt
 0002:00005BB6  __max_dble
 0002:00005BBE  __max_ldble
 0002:00005BC8  __indefinite
 0002:00005BCC  __tiny_ldble
 0002:00005BD8  ___ieee_64_p_inf
 0002:00005BE0  ___ieee_64_n_inf
 0002:00005BE8  ___ieee_64_p_nanq
 0002:00005BF0  ___ieee_64_n_nanq
 0002:00005BF8  ___ieee_64_p_nans
 0002:00005C00  ___ieee_64_n_nans
 0002:00005C08  ___ieee_64_p_zero
 0002:00005C10  ___ieee_64_n_zero
 0002:00005C18  __turboFloat
 0002:00005C18  d1687_0
 0002:00005C1C  __floatconvert
 0002:00005C20  __pmatherr
 0002:00005C20  d1725_1
 0002:00005C24  __pmatherrl
 0002:00005C28  d1753_1
 0002:00005C3C  d1755_1
 0002:00005C64  d1763_1
 0002:00005C8C  d1765_1
 0002:00005CB4  d1823_1
 0002:00005CB4  __kalpha
 0002:00005CB6  __kpunct
 0002:00005CFC  d1959_1
 0002:00005D20  d1973_1
 0002:00005D44  __messagefunc
 0002:00005D44  d1977_1
 0002:00005D48  __messagefile
 0002:00005D54  d2005_1
 0002:00005D74  ___pCallAtExitProcs
 0002:00005D74  d2007_0
 0002:00005D78  __exitbuf
 0002:00005D78  d2043_1
 0002:00005D7C  __exitfopen
 0002:00005D80  __exitopen
 0002:00005D84  __setargv_ptr
 0002:00005D84  d2063_0
 0002:00005D88  __exitargv_ptr
 0002:00005D8C  d2065_0
 0002:00005D8C  __wsetargv_ptr
 0002:00005D90  __wexitargv_ptr
 0002:00005D94  d2067_1
 0002:00005D94  __setargv__
 0002:00005DE8  d2069_1
 0002:00005DE8  __cmdline_escapes
 0002:00005E10  d2071_1
 0002:00005E34  d2125_0
 0002:00005E34  __argv_expand_ptr
 0002:00005E38  d2127_0
 0002:00005E38  __wargv_expand_ptr
 0002:00005E3C  d2129_1
 0002:00005E3C  __argv0
 0002:00005E5C  __setenvp__
 0002:00005E5C  d2143_1
 0002:00005EC8  d2147_1
 0002:00005F28  __isWindows
 0002:00005F28  d2164_0
 0002:00005F2C  d2166_1
 0002:00005F48  d2188_1
 0002:00005F64  d2194_1
 0002:00005F78  d2274_1
 0002:00005F78  ___debuggerDisableTerminateCallback
 0002:00006BC4  __odtbl__ ___ExceptionHandler(_EXCEPTION_RECORD *, ERRbc *, _CONTEXT *, void *, unsigned long, unsigned long, unsigned long, unsigned long, unsigned long, unsigned long)
 0002:00006BD4  __ectbl__ ___ExceptionHandler(_EXCEPTION_RECORD *, ERRbc *, _CONTEXT *, void *, unsigned long, unsigned long, unsigned long, unsigned long, unsigned long, unsigned long)
 0002:00006BF8  __odtbl__ __fastcall Sysutils::EDivByZero::EDivByZero(const System::AnsiString)
 0002:00006C28  __ectbl__ __fastcall Sysutils::EDivByZero::EDivByZero(const System::AnsiString)
 0002:00006C64  __odtbl__ __fastcall Sysutils::ERangeError::ERangeError(const System::AnsiString)
 0002:00006C94  __ectbl__ __fastcall Sysutils::ERangeError::ERangeError(const System::AnsiString)
 0002:00006CD0  __odtbl__ __fastcall Sysutils::EIntOverflow::EIntOverflow(const System::AnsiString)
 0002:00006D00  __ectbl__ __fastcall Sysutils::EIntOverflow::EIntOverflow(const System::AnsiString)
 0002:00006D3C  __odtbl__ __fastcall Sysutils::EInvalidOp::EInvalidOp(const System::AnsiString)
 0002:00006D6C  __ectbl__ __fastcall Sysutils::EInvalidOp::EInvalidOp(const System::AnsiString)
 0002:00006DA8  __odtbl__ __fastcall Sysutils::EZeroDivide::EZeroDivide(const System::AnsiString)
 0002:00006DD8  __ectbl__ __fastcall Sysutils::EZeroDivide::EZeroDivide(const System::AnsiString)
 0002:00006E14  __odtbl__ __fastcall Sysutils::EOverflow::EOverflow(const System::AnsiString)
 0002:00006E44  __ectbl__ __fastcall Sysutils::EOverflow::EOverflow(const System::AnsiString)
 0002:00006E80  __odtbl__ __fastcall Sysutils::EUnderflow::EUnderflow(const System::AnsiString)
 0002:00006EB0  __ectbl__ __fastcall Sysutils::EUnderflow::EUnderflow(const System::AnsiString)
 0002:00006EEC  __odtbl__ __fastcall Sysutils::EAccessViolation::EAccessViolation(const System::AnsiString)
 0002:00006F1C  __ectbl__ __fastcall Sysutils::EAccessViolation::EAccessViolation(const System::AnsiString)
 0002:00006F58  __odtbl__ __fastcall Sysutils::EPrivilege::EPrivilege(const System::AnsiString)
 0002:00006F88  __ectbl__ __fastcall Sysutils::EPrivilege::EPrivilege(const System::AnsiString)
 0002:00006FC4  __odtbl__ __fastcall Sysutils::EControlC::EControlC(const System::AnsiString)
 0002:00006FF4  __ectbl__ __fastcall Sysutils::EControlC::EControlC(const System::AnsiString)
 0002:00007030  __odtbl__ __fastcall Sysutils::EStackOverflow::EStackOverflow(const System::AnsiString)
 0002:00007060  __ectbl__ __fastcall Sysutils::EStackOverflow::EStackOverflow(const System::AnsiString)
 0002:0000709C  __odtbl__ __fastcall Sysutils::EIntError::EIntError(const System::AnsiString)
 0002:000070CC  __ectbl__ __fastcall Sysutils::EIntError::EIntError(const System::AnsiString)
 0002:00007108  __odtbl__ __fastcall Sysutils::EMathError::EMathError(const System::AnsiString)
 0002:00007138  __ectbl__ __fastcall Sysutils::EMathError::EMathError(const System::AnsiString)
 0002:00007174  __odtbl__ __fastcall Sysutils::EExternal::EExternal(const System::AnsiString)
 0002:000071A4  __ectbl__ __fastcall Sysutils::EExternal::EExternal(const System::AnsiString)
 0002:000071E0  __odtbl__ __fastcall Sysutils::EDivByZero::~EDivByZero()
 0002:000071F0  __ectbl__ __fastcall Sysutils::EDivByZero::~EDivByZero()
 0002:00007208  __odtbl__ __fastcall Sysutils::ERangeError::~ERangeError()
 0002:00007218  __ectbl__ __fastcall Sysutils::ERangeError::~ERangeError()
 0002:00007230  __odtbl__ __fastcall Sysutils::EIntOverflow::~EIntOverflow()
 0002:00007240  __ectbl__ __fastcall Sysutils::EIntOverflow::~EIntOverflow()
 0002:00007258  __odtbl__ __fastcall Sysutils::EInvalidOp::~EInvalidOp()
 0002:00007268  __ectbl__ __fastcall Sysutils::EInvalidOp::~EInvalidOp()
 0002:00007280  __odtbl__ __fastcall Sysutils::EZeroDivide::~EZeroDivide()
 0002:00007290  __ectbl__ __fastcall Sysutils::EZeroDivide::~EZeroDivide()
 0002:000072A8  __odtbl__ __fastcall Sysutils::EOverflow::~EOverflow()
 0002:000072B8  __ectbl__ __fastcall Sysutils::EOverflow::~EOverflow()
 0002:000072D0  __odtbl__ __fastcall Sysutils::EUnderflow::~EUnderflow()
 0002:000072E0  __ectbl__ __fastcall Sysutils::EUnderflow::~EUnderflow()
 0002:000072F8  __odtbl__ __fastcall Sysutils::EAccessViolation::~EAccessViolation()
 0002:00007308  __ectbl__ __fastcall Sysutils::EAccessViolation::~EAccessViolation()
 0002:00007320  __odtbl__ __fastcall Sysutils::EPrivilege::~EPrivilege()
 0002:00007330  __ectbl__ __fastcall Sysutils::EPrivilege::~EPrivilege()
 0002:00007348  __odtbl__ __fastcall Sysutils::EControlC::~EControlC()
 0002:00007358  __ectbl__ __fastcall Sysutils::EControlC::~EControlC()
 0002:00007370  __odtbl__ __fastcall Sysutils::EStackOverflow::~EStackOverflow()
 0002:00007380  __ectbl__ __fastcall Sysutils::EStackOverflow::~EStackOverflow()
 0002:00007398  __odtbl__ __fastcall Sysutils::EIntError::~EIntError()
 0002:000073A8  __ectbl__ __fastcall Sysutils::EIntError::~EIntError()
 0002:000073C0  __odtbl__ __fastcall Sysutils::EMathError::~EMathError()
 0002:000073D0  __ectbl__ __fastcall Sysutils::EMathError::~EMathError()
 0002:000073E8  __odtbl__ __fastcall Sysutils::EExternal::~EExternal()
 0002:000073F8  __ectbl__ __fastcall Sysutils::EExternal::~EExternal()
 0002:00007410  d2383_1
 0002:00007434  __odtbl__ System::AnsiString::ThrowIfOutOfRange(int) const
 0002:00007444  __ectbl__ System::AnsiString::ThrowIfOutOfRange(int) const
 0002:0000745C  __odtbl__ __fastcall System::AnsiString::AnsiString(const char *)
 0002:0000746C  __ectbl__ __fastcall System::AnsiString::AnsiString(const char *)
 0002:00007484  __odtbl__ __fastcall System::AnsiString::AnsiString(const System::AnsiString&)
 0002:00007494  __ectbl__ __fastcall System::AnsiString::AnsiString(const System::AnsiString&)
 0002:000074AC  __odtbl__ __fastcall System::AnsiString::AnsiString(const char *, unsigned int)
 0002:000074BC  __ectbl__ __fastcall System::AnsiString::AnsiString(const char *, unsigned int)
 0002:000074D4  __odtbl__ __fastcall System::AnsiString::AnsiString(int)
 0002:000074E4  __ectbl__ __fastcall System::AnsiString::AnsiString(int)
 0002:000074FC  __odtbl__ __fastcall System::AnsiString::AnsiString(unsigned long)
 0002:0000750C  __ectbl__ __fastcall System::AnsiString::AnsiString(unsigned long)
 0002:00007524  __odtbl__ __fastcall System::AnsiString::operator +(const System::AnsiString&) const
 0002:00007564  __ectbl__ __fastcall System::AnsiString::operator +(const System::AnsiString&) const
 0002:000075A0  __odtbl__ __fastcall System::AnsiString::SubString(int, int) const
 0002:000075F8  __ectbl__ __fastcall System::AnsiString::SubString(int, int) const
 0002:00007634  __odtbl__ __fastcall System::operator +(const char *, const System::AnsiString&)
 0002:00007674  __ectbl__ __fastcall System::operator +(const char *, const System::AnsiString&)
 0002:000076B0  __ectbl__ Sysutils::ERangeError::ERangeError(const Sysutils::ERangeError&)
 0002:000076BC  __ectbl__ Sysutils::EIntError::EIntError(const Sysutils::EIntError&)
 0002:000076C8  __ectbl__ Sysutils::EExternal::EExternal(const Sysutils::EExternal&)
 0002:000076D4  __ectbl__ Sysutils::Exception::Exception(const Sysutils::Exception&)
 0002:000076E0  __ectbl__ System::TObject::TObject(const System::TObject&)
 0002:000076EC  __odtbl__ __fastcall System::LoadResourceString(const System::TResStringRec * const)
 0002:00007718  __ectbl__ __fastcall System::LoadResourceString(const System::TResStringRec * const)
 0002:0000773C  d2389_1
 0002:0000774C  __odtbl__ __stdcall __LateVCLInit()
 0002:0000777C  __ectbl__ __stdcall __LateVCLInit()
 0002:000077AC  __indStub:13847
 0003:00000000  Windows::B20_2
 0003:00000010  Messages::B30_1
 0003:00000014  Commctrl::B96_1
 0003:00000020  Urlmon::B98_2
 0003:00000024  Wininet::B100_1
 0003:00000028  Regstr::B102_1
 0003:0000002C  Shellapi::B104_1
 0003:00000030  Shlobj::B106_2
 0003:00000034  Commdlg::B108_1
 0003:00000038  Dlgs::B114_1
 0003:0000003C  Imm::B118_1
 0003:00000040  Winspool::B178_1
 0003:00000044  Sysinit::ModuleIsLib
 0003:00000044  Sysinit::B5_2
 0003:00000045  Sysinit::ModuleIsPackage
 0003:00000046  Sysinit::ModuleIsCpp
 0003:00000047  Sysinit::TlsLast
 0003:00000048  Sysinit::HInstance
 0003:0000004C  Sysinit::DllProc
 0003:00000058  Mainform::B7_2
 0003:00000058  _Form1
 0003:0000005C  Mainform::B7_3
 0003:00000060  Callstack::B8_2
 0003:00000060  _DummyDExit
 0003:00000068  Callstack::B8_3
 0003:0000006C  std::_Ios_init
 0003:0000006C  b491_2
 0003:00000074  std::_Wios_init
 0003:0000012C  std::cin
 0003:0000017C  std::cout
 0003:0000021C  std::cerr
 0003:00000264  std::clog
 0003:000002B0  std::fpos<int>::_Stz
 0003:000002B4  b495_2
 0003:000002BC  b497_2
 0003:000002CC  b505_2
 0003:000002D0  b525_2
 0003:000003D8  std::wcin
 0003:00000428  std::wcout
 0003:00000470  std::wcerr
 0003:000004B8  std::wclog
 0003:00000504  b537_2
 0003:0000050C  b645_2
 0003:0000051C  b681_2
 0003:0000051C  __bormm_pfn_FreeMem
 0003:00000520  __bormm_pfn_GetMem
 0003:00000524  __bormm_pfn_ReallocMem
 0003:00000528  __bormm_pfn_HeapAddRef
 0003:0000052C  __bormm_pfn_HeapRelease
 0003:00000534  __borlndmm_GetMem
 0003:00000538  b905_2
 0003:00000940  b909_2
 0003:00000940  __DestructorCountPtr
 0003:00000948  __HandlerPtr
 0003:00000948  b915_2
 0003:0000094C  __UserHandlerPtr
 0003:00000950  __pidtab
 0003:00000950  b1105_1
 0003:00000A18  __handles
 0003:00000AE0  b1181_2
 0003:00000AE8  b1189_1
 0003:00000AEC  b1191_1
 0003:00000AF0  b1283_2
 0003:00000AF8  b1823_2
 0003:00000AF8  __mbctype
 0003:00000BFC  __mbcsCodePage
 0003:00000C00  b1959_2
 0003:00000D00  b1973_2
 0003:00000D1C  b2067_2
 0003:00000D1C  __argv
 0003:00000D28  b2069_2
 0003:00000D2C  b2071_2
 0003:00000D30  __environ
 0003:00000D30  b2143_2
 0003:00000D38  __envsize
 0003:00000D3C  __env_lock
 0003:00000D40  b2164_1
 0003:00000D40  __C0argc
 0003:00000D44  __C0argv
 0003:00000D48  __C0environ
 0003:00000D4C  __oscmd
 0003:00000D50  __osenv
 0003:00000D54  __argc
 0003:00000D58  __dll_table
 0003:00000D60  __ExcRegPtr
 0003:00000D64  __wosenv
 0003:00000D68  __woscmd
 0003:00000D6C  ___exit_lock
 0003:00000D70  __wC0argv
 0003:00000D74  __wC0environ
 0003:00000D78  __exe_table
 0003:00000D80  __stkbase
 0003:00000D84  b2188_2
 0003:00000D8C  b2194_2
 0003:00003D90  b2274_2
 0003:00003D94  ___pCPPdebugHook
 0004:00000000  t909_3
 0004:00000000  ___xxInfo
 0004:0000009C  __stkindex
 0004:0000009C  t2180_1
 0004:000000A0  __tlsindex
