
 Start Length Name Class
 0001:00401000 00008319CH _TEXT                  CODE
 0002:00485000 0000092F8H _DATA                  DATA
 0003:0048E2F8 0000073B4H _BSS                   BSS
 0004:00000000 0000000E4H _TLS                   TLS


Detailed map of segments
 0001:00000380 0000014F C=CODE    S=_TEXT    G=(none)   M=C:\PROGRAM FILES\BORLAND\BDS\4.0\LIB\C0W32.OBJ ACBP=A9
 0001:000004CF 00000131 C=CODE    S=_TEXT    G=(none)   M=C:\PROGRAM FILES\BORLAND\BDS\4.0\LIB\OBJ\SYSINIT.OBJ ACBP=A9
 0001:00000600 00000220 C=CODE    S=_TEXT    G=(none)   M=C:\ANDRE\MAP2DBG\CALLDEMO\DEBUG_BUILD\CALLDEMO.OBJ ACBP=A9
 0001:00000820 0000093C C=CODE    S=_TEXT    G=(none)   M=C:\ANDRE\MAP2DBG\CALLDEMO\DEBUG_BUILD\MAINFORM.OBJ ACBP=A9
 0001:0000115C 00003821 C=CODE    S=_TEXT    G=(none)   M=C:\ANDRE\MAP2DBG\CALLDEMO\DEBUG_BUILD\CALLSTACK.OBJ ACBP=A9
 0001:0000497D 0000003B C=CODE    S=_TEXT    G=(none)   M=C:\PROGRAM FILES\BORLAND\BDS\4.0\LIB\DEBUG\RTL.LIB|WinSpool ACBP=A9
 0001:000049B8 00000038 C=CODE    S=_TEXT    G=(none)   M=C:\PROGRAM FILES\BORLAND\BDS\4.0\LIB\DEBUG\RTL.LIB|WinInet ACBP=A9
 0001:000049F0 000002FD C=CODE    S=_TEXT    G=(none)   M=C:\PROGRAM FILES\BORLAND\BDS\4.0\LIB\DEBUG\RTL.LIB|Windows ACBP=A9
 0001:00004CED 00000A66 C=CODE    S=_TEXT    G=(none)   M=C:\PROGRAM FILES\BORLAND\BDS\4.0\LIB\DEBUG\RTL.LIB|UxTheme ACBP=A9
 0001:00005753 00000039 C=CODE    S=_TEXT    G=(none)   M=C:\PROGRAM FILES\BORLAND\BDS\4.0\LIB\DEBUG\RTL.LIB|UrlMon ACBP=A9
 0001:0000578C 00000038 C=CODE    S=_TEXT    G=(none)   M=C:\PROGRAM FILES\BORLAND\BDS\4.0\LIB\DEBUG\RTL.LIB|ShlObj ACBP=A9
 0001:000057C4 00000038 C=CODE    S=_TEXT    G=(none)   M=C:\PROGRAM FILES\BORLAND\BDS\4.0\LIB\DEBUG\RTL.LIB|ShellAPI ACBP=A9
 0001:000057FC 00000038 C=CODE    S=_TEXT    G=(none)   M=C:\PROGRAM FILES\BORLAND\BDS\4.0\LIB\DEBUG\RTL.LIB|RegStr ACBP=A9
 0001:00005834 0000087F C=CODE    S=_TEXT    G=(none)   M=C:\PROGRAM FILES\BORLAND\BDS\4.0\LIB\DEBUG\RTL.LIB|MultiMon ACBP=A9
 0001:000060B3 00000039 C=CODE    S=_TEXT    G=(none)   M=C:\PROGRAM FILES\BORLAND\BDS\4.0\LIB\DEBUG\RTL.LIB|Messages ACBP=A9
 0001:000060EC 00000038 C=CODE    S=_TEXT    G=(none)   M=C:\PROGRAM FILES\BORLAND\BDS\4.0\LIB\DEBUG\RTL.LIB|Imm ACBP=A9
 0001:00006124 00000038 C=CODE    S=_TEXT    G=(none)   M=C:\PROGRAM FILES\BORLAND\BDS\4.0\LIB\DEBUG\RTL.LIB|ImageHlp ACBP=A9
 0001:0000615C 0000036B C=CODE    S=_TEXT    G=(none)   M=C:\PROGRAM FILES\BORLAND\BDS\4.0\LIB\DEBUG\RTL.LIB|FlatSB ACBP=A9
 0001:000064C7 00000039 C=CODE    S=_TEXT    G=(none)   M=C:\PROGRAM FILES\BORLAND\BDS\4.0\LIB\DEBUG\RTL.LIB|Dlgs ACBP=A9
 0001:00006500 00000038 C=CODE    S=_TEXT    G=(none)   M=C:\PROGRAM FILES\BORLAND\BDS\4.0\LIB\DEBUG\RTL.LIB|CommDlg ACBP=A9
 0001:00006538 00000038 C=CODE    S=_TEXT    G=(none)   M=C:\PROGRAM FILES\BORLAND\BDS\4.0\LIB\DEBUG\RTL.LIB|CommCtrl ACBP=A9
 0001:00006570 00000038 C=CODE    S=_TEXT    G=(none)   M=C:\PROGRAM FILES\BORLAND\BDS\4.0\LIB\DEBUG\RTL.LIB|ActiveX ACBP=A9
 0001:000065A8 0000130C C=CODE    S=_TEXT    G=(none)   M=C:\PROGRAM FILES\BORLAND\BDS\4.0\LIB\DEBUG\RTL.LIB|HelpIntfs ACBP=A9
 0001:000078B4 0000BAFE C=CODE    S=_TEXT    G=(none)   M=C:\PROGRAM FILES\BORLAND\BDS\4.0\LIB\DEBUG\RTL.LIB|Classes ACBP=A9
 0001:000133B2 000009CE C=CODE    S=_TEXT    G=(none)   M=C:\PROGRAM FILES\BORLAND\BDS\4.0\LIB\DEBUG\RTL.LIB|TypInfo ACBP=A9
 0001:00013D80 00000038 C=CODE    S=_TEXT    G=(none)   M=C:\PROGRAM FILES\BORLAND\BDS\4.0\LIB\DEBUG\RTL.LIB|StrUtils ACBP=A9
 0001:00013DB8 000006DC C=CODE    S=_TEXT    G=(none)   M=C:\PROGRAM FILES\BORLAND\BDS\4.0\LIB\DEBUG\RTL.LIB|Registry ACBP=A9
 0001:00014494 00000038 C=CODE    S=_TEXT    G=(none)   M=C:\PROGRAM FILES\BORLAND\BDS\4.0\LIB\DEBUG\RTL.LIB|Math ACBP=A9
 0001:000144CC 00000068 C=CODE    S=_TEXT    G=(none)   M=C:\PROGRAM FILES\BORLAND\BDS\4.0\LIB\DEBUG\RTL.LIB|IniFiles ACBP=A9
 0001:00014534 00000354 C=CODE    S=_TEXT    G=(none)   M=C:\PROGRAM FILES\BORLAND\BDS\4.0\LIB\DEBUG\RTL.LIB|Contnrs ACBP=A9
 0001:00014888 00000130 C=CODE    S=_TEXT    G=(none)   M=C:\PROGRAM FILES\BORLAND\BDS\4.0\LIB\DEBUG\RTL.LIB|RTLConsts ACBP=A9
 0001:000149B8 000000FC C=CODE    S=_TEXT    G=(none)   M=C:\PROGRAM FILES\BORLAND\BDS\4.0\LIB\DEBUG\RTL.LIB|Types ACBP=A9
 0001:00014AB4 00000204 C=CODE    S=_TEXT    G=(none)   M=C:\PROGRAM FILES\BORLAND\BDS\4.0\LIB\DEBUG\RTL.LIB|SyncObjs ACBP=A9
 0001:00014CB8 000079A8 C=CODE    S=_TEXT    G=(none)   M=C:\PROGRAM FILES\BORLAND\BDS\4.0\LIB\DEBUG\RTL.LIB|SysUtils ACBP=A9
 0001:0001C660 00000310 C=CODE    S=_TEXT    G=(none)   M=C:\PROGRAM FILES\BORLAND\BDS\4.0\LIB\DEBUG\RTL.LIB|SysConst ACBP=A9
 0001:0001C970 00000847 C=CODE    S=_TEXT    G=(none)   M=C:\PROGRAM FILES\BORLAND\BDS\4.0\LIB\DEBUG\RTL.LIB|VarUtils ACBP=A9
 0001:0001D1B7 00002A3B C=CODE    S=_TEXT    G=(none)   M=C:\PROGRAM FILES\BORLAND\BDS\4.0\LIB\DEBUG\RTL.LIB|Variants ACBP=A9
 0001:0001FBF2 0000525B C=CODE    S=_TEXT    G=(none)   M=C:\PROGRAM FILES\BORLAND\BDS\4.0\LIB\DEBUG\RTL.LIB|System ACBP=A9
 0001:00024E4D 00000CF7 C=CODE    S=_TEXT    G=(none)   M=C:\PROGRAM FILES\BORLAND\BDS\4.0\LIB\DEBUG\VCL.LIB|Themes ACBP=A9
 0001:00025B44 00000250 C=CODE    S=_TEXT    G=(none)   M=C:\PROGRAM FILES\BORLAND\BDS\4.0\LIB\DEBUG\VCL.LIB|Consts ACBP=A9
 0001:00025D94 00000DDF C=CODE    S=_TEXT    G=(none)   M=C:\PROGRAM FILES\BORLAND\BDS\4.0\LIB\DEBUG\VCL.LIB|GraphUtil ACBP=A9
 0001:00026B73 0000017D C=CODE    S=_TEXT    G=(none)   M=C:\PROGRAM FILES\BORLAND\BDS\4.0\LIB\DEBUG\VCL.LIB|StdActns ACBP=A9
 0001:00026CF0 00001AF0 C=CODE    S=_TEXT    G=(none)   M=C:\PROGRAM FILES\BORLAND\BDS\4.0\LIB\DEBUG\VCL.LIB|ImgList ACBP=A9
 0001:000287E0 000019F6 C=CODE    S=_TEXT    G=(none)   M=C:\PROGRAM FILES\BORLAND\BDS\4.0\LIB\DEBUG\VCL.LIB|ActnList ACBP=A9
 0001:0002A1D6 0000367A C=CODE    S=_TEXT    G=(none)   M=C:\PROGRAM FILES\BORLAND\BDS\4.0\LIB\DEBUG\VCL.LIB|StdCtrls ACBP=A9
 0001:0002D850 00000048 C=CODE    S=_TEXT    G=(none)   M=C:\PROGRAM FILES\BORLAND\BDS\4.0\LIB\DEBUG\VCL.LIB|Printers ACBP=A9
 0001:0002D898 00007FB5 C=CODE    S=_TEXT    G=(none)   M=C:\PROGRAM FILES\BORLAND\BDS\4.0\LIB\DEBUG\VCL.LIB|Menus ACBP=A9
 0001:0003584D 00008AE2 C=CODE    S=_TEXT    G=(none)   M=C:\PROGRAM FILES\BORLAND\BDS\4.0\LIB\DEBUG\VCL.LIB|Graphics ACBP=A9
 0001:0003E32F 00011805 C=CODE    S=_TEXT    G=(none)   M=C:\PROGRAM FILES\BORLAND\BDS\4.0\LIB\DEBUG\VCL.LIB|Forms ACBP=A9
 0001:0004FB34 00001AB4 C=CODE    S=_TEXT    G=(none)   M=C:\PROGRAM FILES\BORLAND\BDS\4.0\LIB\DEBUG\VCL.LIB|ExtCtrls ACBP=A9
 0001:000515E8 000007B1 C=CODE    S=_TEXT    G=(none)   M=C:\PROGRAM FILES\BORLAND\BDS\4.0\LIB\DEBUG\VCL.LIB|Dialogs ACBP=A9
 0001:00051D99 00017F92 C=CODE    S=_TEXT    G=(none)   M=C:\PROGRAM FILES\BORLAND\BDS\4.0\LIB\DEBUG\VCL.LIB|Controls ACBP=A9
 0001:00069D2B 00000099 C=CODE    S=_TEXT    G=(none)   M=C:\PROGRAM FILES\BORLAND\BDS\4.0\LIB\DEBUG\VCL.LIB|Clipbrd ACBP=A9
 0001:00069DC4 00000028 C=CODE    S=_TEXT    G=(none)   M=C:\PROGRAM FILES\BORLAND\BDS\4.0\LIB\CP32MT.LIB|delaop ACBP=A9
 0001:00069DEC 0000002E C=CODE    S=_TEXT    G=(none)   M=C:\PROGRAM FILES\BORLAND\BDS\4.0\LIB\CP32MT.LIB|delop ACBP=A9
 0001:00069E1C 00000117 C=CODE    S=_TEXT    G=(none)   M=C:\PROGRAM FILES\BORLAND\BDS\4.0\LIB\CP32MT.LIB|exceptio ACBP=A9
 0001:00069F33 00000079 C=CODE    S=_TEXT    G=(none)   M=C:\PROGRAM FILES\BORLAND\BDS\4.0\LIB\CP32MT.LIB|gccex ACBP=A9
 0001:00069FAC 000019E8 C=CODE    S=_TEXT    G=(none)   M=C:\PROGRAM FILES\BORLAND\BDS\4.0\LIB\CP32MT.LIB|ios ACBP=A9
 0001:0006B994 00003492 C=CODE    S=_TEXT    G=(none)   M=C:\PROGRAM FILES\BORLAND\BDS\4.0\LIB\CP32MT.LIB|iostream ACBP=A9
 0001:0006EE00 00000323 C=CODE    S=_TEXT    G=(none)   M=C:\PROGRAM FILES\BORLAND\BDS\4.0\LIB\CP32MT.LIB|dwlocale ACBP=A9
 0001:0006F0FC 00001A5C C=CODE    S=_TEXT    G=(none)   M=C:\PROGRAM FILES\BORLAND\BDS\4.0\LIB\CP32MT.LIB|locale0 ACBP=A9
 0001:00070B58 0000001B C=CODE    S=_TEXT    G=(none)   M=C:\PROGRAM FILES\BORLAND\BDS\4.0\LIB\CP32MT.LIB|new ACBP=A9
 0001:00070B58 0000011E C=CODE    S=_TEXT    G=(none)   M=C:\PROGRAM FILES\BORLAND\BDS\4.0\LIB\CP32MT.LIB|newop ACBP=A9
 0001:00070C53 000005AA C=CODE    S=_TEXT    G=(none)   M=C:\PROGRAM FILES\BORLAND\BDS\4.0\LIB\CP32MT.LIB|string ACBP=A9
 0001:000711D8 00002FD6 C=CODE    S=_TEXT    G=(none)   M=C:\PROGRAM FILES\BORLAND\BDS\4.0\LIB\CP32MT.LIB|wiostrea ACBP=A9
 0001:00074188 0000019D C=CODE    S=_TEXT    G=(none)   M=C:\PROGRAM FILES\BORLAND\BDS\4.0\LIB\CP32MT.LIB|wlocale ACBP=A9
 0001:000742FD 000000D4 C=CODE    S=_TEXT    G=(none)   M=C:\PROGRAM FILES\BORLAND\BDS\4.0\LIB\CP32MT.LIB|xlocinfo ACBP=A9
 0001:000743D4 00000110 C=CODE    S=_TEXT    G=(none)   M=C:\PROGRAM FILES\BORLAND\BDS\4.0\LIB\CP32MT.LIB|xstart ACBP=A9
 0001:000744E4 00000057 C=CODE    S=_TEXT    G=(none)   M=C:\PROGRAM FILES\BORLAND\BDS\4.0\LIB\CP32MT.LIB|wchar ACBP=A9
 0001:0007453C 000000A0 C=CODE    S=_TEXT    G=(none)   M=C:\PROGRAM FILES\BORLAND\BDS\4.0\LIB\CP32MT.LIB|xmtx ACBP=A9
 0001:000745DC 000000B8 C=CODE    S=_TEXT    G=(none)   M=C:\PROGRAM FILES\BORLAND\BDS\4.0\LIB\CP32MT.LIB|xsyslock ACBP=A9
 0001:00074694 0000002B C=CODE    S=_TEXT    G=(none)   M=C:\PROGRAM FILES\BORLAND\BDS\4.0\LIB\CP32MT.LIB|calloc ACBP=A9
 0001:000746C0 000002A1 C=CODE    S=_TEXT    G=(none)   M=C:\PROGRAM FILES\BORLAND\BDS\4.0\LIB\CP32MT.LIB|hrdir_b ACBP=A9
 0001:00074964 0000006F C=CODE    S=_TEXT    G=(none)   M=C:\PROGRAM FILES\BORLAND\BDS\4.0\LIB\CP32MT.LIB|hrdir_bh ACBP=A9
 0001:000749D4 00000020 C=CODE    S=_TEXT    G=(none)   M=C:\PROGRAM FILES\BORLAND\BDS\4.0\LIB\CP32MT.LIB|hrdir_mf ACBP=A9
 0001:000749F4 00000016 C=CODE    S=_TEXT    G=(none)   M=C:\PROGRAM FILES\BORLAND\BDS\4.0\LIB\CP32MT.LIB|hrdir_r ACBP=A9
 0001:00074A0C 000000B8 C=CODE    S=_TEXT    G=(none)   M=C:\PROGRAM FILES\BORLAND\BDS\4.0\LIB\CP32MT.LIB|hrdir_s ACBP=A9
 0001:00074AC4 00000001 C=CODE    S=_TEXT    G=(none)   M=C:\PROGRAM FILES\BORLAND\BDS\4.0\LIB\CP32MT.LIB|hrdir_us ACBP=A9
 0001:00074AC8 000000D4 C=CODE    S=_TEXT    G=(none)   M=C:\PROGRAM FILES\BORLAND\BDS\4.0\LIB\CP32MT.LIB|pheap ACBP=A9
 0001:00074B9C 0000003F C=CODE    S=_TEXT    G=(none)   M=C:\PROGRAM FILES\BORLAND\BDS\4.0\LIB\CP32MT.LIB|crtlvcl ACBP=A9
 0001:00074BDC 00000001 C=CODE    S=_TEXT    G=(none)   M=C:\PROGRAM FILES\BORLAND\BDS\4.0\LIB\CP32MT.LIB|vlibstub ACBP=A9
 0001:00074BDD 00000042 C=CODE    S=_TEXT    G=(none)   M=C:\PROGRAM FILES\BORLAND\BDS\4.0\LIB\CP32MT.LIB|syshook ACBP=A9
 0001:00074C20 0000001E C=CODE    S=_TEXT    G=(none)   M=C:\PROGRAM FILES\BORLAND\BDS\4.0\LIB\CP32MT.LIB|memchr ACBP=A9
 0001:00074C40 00000024 C=CODE    S=_TEXT    G=(none)   M=C:\PROGRAM FILES\BORLAND\BDS\4.0\LIB\CP32MT.LIB|memcpy ACBP=A9
 0001:00074C64 00000024 C=CODE    S=_TEXT    G=(none)   M=C:\PROGRAM FILES\BORLAND\BDS\4.0\LIB\CP32MT.LIB|wmemcpy ACBP=A9
 0001:00074C88 0000004A C=CODE    S=_TEXT    G=(none)   M=C:\PROGRAM FILES\BORLAND\BDS\4.0\LIB\CP32MT.LIB|memmove ACBP=A9
 0001:00074CD4 0000008F C=CODE    S=_TEXT    G=(none)   M=C:\PROGRAM FILES\BORLAND\BDS\4.0\LIB\CP32MT.LIB|memset ACBP=A9
 0001:00074D64 00000018 C=CODE    S=_TEXT    G=(none)   M=C:\PROGRAM FILES\BORLAND\BDS\4.0\LIB\CP32MT.LIB|wmemset ACBP=A9
 0001:00074D7C 0000003C C=CODE    S=_TEXT    G=(none)   M=C:\PROGRAM FILES\BORLAND\BDS\4.0\LIB\CP32MT.LIB|strcat ACBP=A9
 0001:00074DB8 00000053 C=CODE    S=_TEXT    G=(none)   M=C:\PROGRAM FILES\BORLAND\BDS\4.0\LIB\CP32MT.LIB|strchr ACBP=A9
 0001:00074E0C 0000005A C=CODE    S=_TEXT    G=(none)   M=C:\PROGRAM FILES\BORLAND\BDS\4.0\LIB\CP32MT.LIB|strlen ACBP=A9
 0001:00074E68 0000006E C=CODE    S=_TEXT    G=(none)   M=C:\PROGRAM FILES\BORLAND\BDS\4.0\LIB\CP32MT.LIB|strncat ACBP=A9
 0001:00074ED8 00000027 C=CODE    S=_TEXT    G=(none)   M=C:\PROGRAM FILES\BORLAND\BDS\4.0\LIB\CP32MT.LIB|strncmp ACBP=A9
 0001:00074F00 0000006C C=CODE    S=_TEXT    G=(none)   M=C:\PROGRAM FILES\BORLAND\BDS\4.0\LIB\CP32MT.LIB|memcmp ACBP=A9
 0001:00074F6C 00000032 C=CODE    S=_TEXT    G=(none)   M=C:\PROGRAM FILES\BORLAND\BDS\4.0\LIB\CP32MT.LIB|strdup ACBP=A9
 0001:00074FA0 0000004F C=CODE    S=_TEXT    G=(none)   M=C:\PROGRAM FILES\BORLAND\BDS\4.0\LIB\CP32MT.LIB|strncpy ACBP=A9
 0001:00074FF0 00000054 C=CODE    S=_TEXT    G=(none)   M=C:\PROGRAM FILES\BORLAND\BDS\4.0\LIB\CP32MT.LIB|strstr ACBP=A9
 0001:00075044 00000037 C=CODE    S=_TEXT    G=(none)   M=C:\PROGRAM FILES\BORLAND\BDS\4.0\LIB\CP32MT.LIB|_stpcpy ACBP=A9
 0001:0007507C 00000018 C=CODE    S=_TEXT    G=(none)   M=C:\PROGRAM FILES\BORLAND\BDS\4.0\LIB\CP32MT.LIB|wcslen ACBP=A9
 0001:00075094 0000003F C=CODE    S=_TEXT    G=(none)   M=C:\PROGRAM FILES\BORLAND\BDS\4.0\LIB\CP32MT.LIB|wcscpy ACBP=A9
 0001:000750D4 00000070 C=CODE    S=_TEXT    G=(none)   M=C:\PROGRAM FILES\BORLAND\BDS\4.0\LIB\CP32MT.LIB|xxa ACBP=A9
 0001:00075144 00000A5A C=CODE    S=_TEXT    G=(none)   M=C:\PROGRAM FILES\BORLAND\BDS\4.0\LIB\CP32MT.LIB|xxtype ACBP=A9
 0001:00075B9E 0000005B C=CODE    S=_TEXT    G=(none)   M=C:\PROGRAM FILES\BORLAND\BDS\4.0\LIB\CP32MT.LIB|xxut ACBP=A9
 0001:00075BC8 0000014F C=CODE    S=_TEXT    G=(none)   M=C:\PROGRAM FILES\BORLAND\BDS\4.0\LIB\CP32MT.LIB|xxv ACBP=A9
 0001:00075D18 0000000A C=CODE    S=_TEXT    G=(none)   M=C:\PROGRAM FILES\BORLAND\BDS\4.0\LIB\CP32MT.LIB|defhandl ACBP=A9
 0001:00075D24 00000199 C=CODE    S=_TEXT    G=(none)   M=C:\PROGRAM FILES\BORLAND\BDS\4.0\LIB\CP32MT.LIB|except ACBP=A9
 0001:00075EC0 00000046 C=CODE    S=_TEXT    G=(none)   M=C:\PROGRAM FILES\BORLAND\BDS\4.0\LIB\CP32MT.LIB|setexc ACBP=A9
 0001:00075F08 00000022 C=CODE    S=_TEXT    G=(none)   M=C:\PROGRAM FILES\BORLAND\BDS\4.0\LIB\CP32MT.LIB|ta ACBP=A9
 0001:00075F2C 00000040 C=CODE    S=_TEXT    G=(none)   M=C:\PROGRAM FILES\BORLAND\BDS\4.0\LIB\CP32MT.LIB|__access ACBP=A9
 0001:00075F6C 00000077 C=CODE    S=_TEXT    G=(none)   M=C:\PROGRAM FILES\BORLAND\BDS\4.0\LIB\CP32MT.LIB|__close ACBP=A9
 0001:00075FE4 00000098 C=CODE    S=_TEXT    G=(none)   M=C:\PROGRAM FILES\BORLAND\BDS\4.0\LIB\CP32MT.LIB|__eof ACBP=A9
 0001:0007607C 00000047 C=CODE    S=_TEXT    G=(none)   M=C:\PROGRAM FILES\BORLAND\BDS\4.0\LIB\CP32MT.LIB|__isatty ACBP=A9
 0001:000760C4 00000084 C=CODE    S=_TEXT    G=(none)   M=C:\PROGRAM FILES\BORLAND\BDS\4.0\LIB\CP32MT.LIB|__lseek ACBP=A9
 0001:00076148 000001B2 C=CODE    S=_TEXT    G=(none)   M=C:\PROGRAM FILES\BORLAND\BDS\4.0\LIB\CP32MT.LIB|__read ACBP=A9
 0001:000762FC 000001F4 C=CODE    S=_TEXT    G=(none)   M=C:\PROGRAM FILES\BORLAND\BDS\4.0\LIB\CP32MT.LIB|__wread ACBP=A9
 0001:000764F0 00000132 C=CODE    S=_TEXT    G=(none)   M=C:\PROGRAM FILES\BORLAND\BDS\4.0\LIB\CP32MT.LIB|__write ACBP=A9
 0001:00076624 00000011 C=CODE    S=_TEXT    G=(none)   M=C:\PROGRAM FILES\BORLAND\BDS\4.0\LIB\CP32MT.LIB|_cfinfo ACBP=A9
 0001:00076638 00000075 C=CODE    S=_TEXT    G=(none)   M=C:\PROGRAM FILES\BORLAND\BDS\4.0\LIB\CP32MT.LIB|_read ACBP=A9
 0001:000766B0 00000061 C=CODE    S=_TEXT    G=(none)   M=C:\PROGRAM FILES\BORLAND\BDS\4.0\LIB\CP32MT.LIB|_write ACBP=A9
 0001:00076714 0000007D C=CODE    S=_TEXT    G=(none)   M=C:\PROGRAM FILES\BORLAND\BDS\4.0\LIB\CP32MT.LIB|allocbuf ACBP=A9
 0001:00076794 0000009F C=CODE    S=_TEXT    G=(none)   M=C:\PROGRAM FILES\BORLAND\BDS\4.0\LIB\CP32MT.LIB|fclose ACBP=A9
 0001:00076834 0000008F C=CODE    S=_TEXT    G=(none)   M=C:\PROGRAM FILES\BORLAND\BDS\4.0\LIB\CP32MT.LIB|fflush ACBP=A9
 0001:000768C4 0000001E C=CODE    S=_TEXT    G=(none)   M=C:\PROGRAM FILES\BORLAND\BDS\4.0\LIB\CP32MT.LIB|fgetpos ACBP=A9
 0001:000768E4 00000064 C=CODE    S=_TEXT    G=(none)   M=C:\PROGRAM FILES\BORLAND\BDS\4.0\LIB\CP32MT.LIB|flushout ACBP=A9
 0001:00076948 00000023 C=CODE    S=_TEXT    G=(none)   M=C:\PROGRAM FILES\BORLAND\BDS\4.0\LIB\CP32MT.LIB|fmodeptr ACBP=A9
 0001:0007696C 000000DB C=CODE    S=_TEXT    G=(none)   M=C:\PROGRAM FILES\BORLAND\BDS\4.0\LIB\CP32MT.LIB|fputn ACBP=A9
 0001:00076A48 0000015E C=CODE    S=_TEXT    G=(none)   M=C:\PROGRAM FILES\BORLAND\BDS\4.0\LIB\CP32MT.LIB|fseek ACBP=A9
 0001:00076BA8 00000019 C=CODE    S=_TEXT    G=(none)   M=C:\PROGRAM FILES\BORLAND\BDS\4.0\LIB\CP32MT.LIB|fsetpos ACBP=A9
 0001:00076BC4 00000045 C=CODE    S=_TEXT    G=(none)   M=C:\PROGRAM FILES\BORLAND\BDS\4.0\LIB\CP32MT.LIB|fwrite ACBP=A9
 0001:00076C0C 0000040B C=CODE    S=_TEXT    G=(none)   M=C:\PROGRAM FILES\BORLAND\BDS\4.0\LIB\CP32MT.LIB|handles ACBP=A9
 0001:00077018 0000008A C=CODE    S=_TEXT    G=(none)   M=C:\PROGRAM FILES\BORLAND\BDS\4.0\LIB\CP32MT.LIB|ioerror ACBP=A9
 0001:000770A4 000001A5 C=CODE    S=_TEXT    G=(none)   M=C:\PROGRAM FILES\BORLAND\BDS\4.0\LIB\CP32MT.LIB|lgetc ACBP=A9
 0001:0007724C 000001B1 C=CODE    S=_TEXT    G=(none)   M=C:\PROGRAM FILES\BORLAND\BDS\4.0\LIB\CP32MT.LIB|lgetwc ACBP=A9
 0001:00077400 00000112 C=CODE    S=_TEXT    G=(none)   M=C:\PROGRAM FILES\BORLAND\BDS\4.0\LIB\CP32MT.LIB|lputc ACBP=A9
 0001:00077514 00000141 C=CODE    S=_TEXT    G=(none)   M=C:\PROGRAM FILES\BORLAND\BDS\4.0\LIB\CP32MT.LIB|lputwc ACBP=A9
 0001:00077658 00000099 C=CODE    S=_TEXT    G=(none)   M=C:\PROGRAM FILES\BORLAND\BDS\4.0\LIB\CP32MT.LIB|mkname ACBP=A9
 0001:000776F1 00000083 C=CODE    S=_TEXT    G=(none)   M=C:\PROGRAM FILES\BORLAND\BDS\4.0\LIB\CP32MT.LIB|perror ACBP=A9
 0001:000776F4 0000005F C=CODE    S=_TEXT    G=(none)   M=C:\PROGRAM FILES\BORLAND\BDS\4.0\LIB\CP32MT.LIB|setvbuf ACBP=A9
 0001:00077754 00000100 C=CODE    S=_TEXT    G=(none)   M=C:\PROGRAM FILES\BORLAND\BDS\4.0\LIB\CP32MT.LIB|snprntf ACBP=A9
 0001:00077854 00000290 C=CODE    S=_TEXT    G=(none)   M=C:\PROGRAM FILES\BORLAND\BDS\4.0\LIB\CP32MT.LIB|streams ACBP=A9
 0001:00077AE4 00000062 C=CODE    S=_TEXT    G=(none)   M=C:\PROGRAM FILES\BORLAND\BDS\4.0\LIB\CP32MT.LIB|ungetc ACBP=A9
 0001:00077B48 0000006C C=CODE    S=_TEXT    G=(none)   M=C:\PROGRAM FILES\BORLAND\BDS\4.0\LIB\CP32MT.LIB|ungetwc ACBP=A9
 0001:00077BB4 0000001A C=CODE    S=_TEXT    G=(none)   M=C:\PROGRAM FILES\BORLAND\BDS\4.0\LIB\CP32MT.LIB|unlink ACBP=A9
 0001:00077BD0 00000A2A C=CODE    S=_TEXT    G=(none)   M=C:\PROGRAM FILES\BORLAND\BDS\4.0\LIB\CP32MT.LIB|vprinter ACBP=A9
 0001:000785FC 00000031 C=CODE    S=_TEXT    G=(none)   M=C:\PROGRAM FILES\BORLAND\BDS\4.0\LIB\CP32MT.LIB|xfflush ACBP=A9
 0001:00078630 00000025 C=CODE    S=_TEXT    G=(none)   M=C:\PROGRAM FILES\BORLAND\BDS\4.0\LIB\CP32MT.LIB|fgetc ACBP=A9
 0001:00078658 00000025 C=CODE    S=_TEXT    G=(none)   M=C:\PROGRAM FILES\BORLAND\BDS\4.0\LIB\CP32MT.LIB|fgetwc ACBP=A9
 0001:00078680 0000002B C=CODE    S=_TEXT    G=(none)   M=C:\PROGRAM FILES\BORLAND\BDS\4.0\LIB\CP32MT.LIB|fputc ACBP=A9
 0001:000786AC 0000002C C=CODE    S=_TEXT    G=(none)   M=C:\PROGRAM FILES\BORLAND\BDS\4.0\LIB\CP32MT.LIB|fputwc ACBP=A9
 0001:000786D8 00000006 C=CODE    S=_TEXT    G=(none)   M=C:\PROGRAM FILES\BORLAND\BDS\4.0\LIB\CP32MT.LIB|cconv ACBP=A9
 0001:000786D8 000002CC C=CODE    S=_TEXT    G=(none)   M=C:\PROGRAM FILES\BORLAND\BDS\4.0\LIB\CP32MT.LIB|convt ACBP=A9
 0001:000789A4 00000051 C=CODE    S=_TEXT    G=(none)   M=C:\PROGRAM FILES\BORLAND\BDS\4.0\LIB\CP32MT.LIB|getinfo ACBP=A9
 0001:000789F8 00000102 C=CODE    S=_TEXT    G=(none)   M=C:\PROGRAM FILES\BORLAND\BDS\4.0\LIB\CP32MT.LIB|is ACBP=A9
 0001:00078AFC 00000103 C=CODE    S=_TEXT    G=(none)   M=C:\PROGRAM FILES\BORLAND\BDS\4.0\LIB\CP32MT.LIB|wis ACBP=A9
 0001:00078C00 00000043 C=CODE    S=_TEXT    G=(none)   M=C:\PROGRAM FILES\BORLAND\BDS\4.0\LIB\CP32MT.LIB|isctype ACBP=A9
 0001:00078C44 00000055 C=CODE    S=_TEXT    G=(none)   M=C:\PROGRAM FILES\BORLAND\BDS\4.0\LIB\CP32MT.LIB|iswctype ACBP=A9
 0001:00078C9C 00001207 C=CODE    S=_TEXT    G=(none)   M=C:\PROGRAM FILES\BORLAND\BDS\4.0\LIB\CP32MT.LIB|locale ACBP=A9
 0001:00079EA4 00000816 C=CODE    S=_TEXT    G=(none)   M=C:\PROGRAM FILES\BORLAND\BDS\4.0\LIB\CP32MT.LIB|initcat ACBP=A9
 0001:0007A6BC 000000A1 C=CODE    S=_TEXT    G=(none)   M=C:\PROGRAM FILES\BORLAND\BDS\4.0\LIB\CP32MT.LIB|lconv ACBP=A9
 0001:0007A760 00000024 C=CODE    S=_TEXT    G=(none)   M=C:\PROGRAM FILES\BORLAND\BDS\4.0\LIB\CP32MT.LIB|lstrlwr ACBP=A9
 0001:0007A784 00000054 C=CODE    S=_TEXT    G=(none)   M=C:\PROGRAM FILES\BORLAND\BDS\4.0\LIB\CP32MT.LIB|ltolower ACBP=A9
 0001:0007A7D8 00000054 C=CODE    S=_TEXT    G=(none)   M=C:\PROGRAM FILES\BORLAND\BDS\4.0\LIB\CP32MT.LIB|ltoupper ACBP=A9
 0001:0007A82C 000004E6 C=CODE    S=_TEXT    G=(none)   M=C:\PROGRAM FILES\BORLAND\BDS\4.0\LIB\CP32MT.LIB|mbyte1 ACBP=A9
 0001:0007AD14 00000026 C=CODE    S=_TEXT    G=(none)   M=C:\PROGRAM FILES\BORLAND\BDS\4.0\LIB\CP32MT.LIB|lsetlocl ACBP=A9
 0001:0007AD3C 0000002E C=CODE    S=_TEXT    G=(none)   M=C:\PROGRAM FILES\BORLAND\BDS\4.0\LIB\CP32MT.LIB|tolower ACBP=A9
 0001:0007AD6C 00000200 C=CODE    S=_TEXT    G=(none)   M=C:\PROGRAM FILES\BORLAND\BDS\4.0\LIB\CP32MT.LIB|_ll ACBP=A9
 0001:0007AF6C 00000008 C=CODE    S=_TEXT    G=(none)   M=C:\PROGRAM FILES\BORLAND\BDS\4.0\LIB\CP32MT.LIB|_ltoa1 ACBP=A9
 0001:0007AF74 00000188 C=CODE    S=_TEXT    G=(none)   M=C:\PROGRAM FILES\BORLAND\BDS\4.0\LIB\CP32MT.LIB|_pow10 ACBP=A9
 0001:0007B0FC 00000077 C=CODE    S=_TEXT    G=(none)   M=C:\PROGRAM FILES\BORLAND\BDS\4.0\LIB\CP32MT.LIB|atol ACBP=A9
 0001:0007B174 00000013 C=CODE    S=_TEXT    G=(none)   M=C:\PROGRAM FILES\BORLAND\BDS\4.0\LIB\CP32MT.LIB|clear87 ACBP=A9
 0001:0007B188 0000002F C=CODE    S=_TEXT    G=(none)   M=C:\PROGRAM FILES\BORLAND\BDS\4.0\LIB\CP32MT.LIB|ctrl87 ACBP=A9
 0001:0007B1B8 00000018 C=CODE    S=_TEXT    G=(none)   M=C:\PROGRAM FILES\BORLAND\BDS\4.0\LIB\CP32MT.LIB|cvtentry ACBP=A9
 0001:0007B1D0 00000018 C=CODE    S=_TEXT    G=(none)   M=C:\PROGRAM FILES\BORLAND\BDS\4.0\LIB\CP32MT.LIB|cvtfak ACBP=A9
 0001:0007B1E8 00000018 C=CODE    S=_TEXT    G=(none)   M=C:\PROGRAM FILES\BORLAND\BDS\4.0\LIB\CP32MT.LIB|cvtfakw ACBP=A9
 0001:0007B200 00000016 C=CODE    S=_TEXT    G=(none)   M=C:\PROGRAM FILES\BORLAND\BDS\4.0\LIB\CP32MT.LIB|fpreset ACBP=A9
 0001:0007B218 0000002D C=CODE    S=_TEXT    G=(none)   M=C:\PROGRAM FILES\BORLAND\BDS\4.0\LIB\CP32MT.LIB|fuildq ACBP=A9
 0001:0007B248 00000021 C=CODE    S=_TEXT    G=(none)   M=C:\PROGRAM FILES\BORLAND\BDS\4.0\LIB\CP32MT.LIB|fuistq ACBP=A9
 0001:0007B26C 00000011 C=CODE    S=_TEXT    G=(none)   M=C:\PROGRAM FILES\BORLAND\BDS\4.0\LIB\CP32MT.LIB|fxam ACBP=A9
 0001:0007B280 000000B1 C=CODE    S=_TEXT    G=(none)   M=C:\PROGRAM FILES\BORLAND\BDS\4.0\LIB\CP32MT.LIB|int64toa ACBP=A9
 0001:0007B334 00000118 C=CODE    S=_TEXT    G=(none)   M=C:\PROGRAM FILES\BORLAND\BDS\4.0\LIB\CP32MT.LIB|ldtrunc ACBP=A9
 0001:0007B44C 0000008F C=CODE    S=_TEXT    G=(none)   M=C:\PROGRAM FILES\BORLAND\BDS\4.0\LIB\CP32MT.LIB|longtoa ACBP=A9
 0001:0007B4DC 00000075 C=CODE    S=_TEXT    G=(none)   M=C:\PROGRAM FILES\BORLAND\BDS\4.0\LIB\CP32MT.LIB|ltoa1 ACBP=A9
 0001:0007B554 0000002A C=CODE    S=_TEXT    G=(none)   M=C:\PROGRAM FILES\BORLAND\BDS\4.0\LIB\CP32MT.LIB|matherr ACBP=A9
 0001:0007B580 0000002E C=CODE    S=_TEXT    G=(none)   M=C:\PROGRAM FILES\BORLAND\BDS\4.0\LIB\CP32MT.LIB|matherrl ACBP=A9
 0001:0007B5B0 00000019 C=CODE    S=_TEXT    G=(none)   M=C:\PROGRAM FILES\BORLAND\BDS\4.0\LIB\CP32MT.LIB|mathptr ACBP=A9
 0001:0007B5CC 00000025 C=CODE    S=_TEXT    G=(none)   M=C:\PROGRAM FILES\BORLAND\BDS\4.0\LIB\CP32MT.LIB|qdiv10 ACBP=A9
 0001:0007B5F4 0000002E C=CODE    S=_TEXT    G=(none)   M=C:\PROGRAM FILES\BORLAND\BDS\4.0\LIB\CP32MT.LIB|qmul10 ACBP=A9
 0001:0007B624 000002F9 C=CODE    S=_TEXT    G=(none)   M=C:\PROGRAM FILES\BORLAND\BDS\4.0\LIB\CP32MT.LIB|realcvt ACBP=A9
 0001:0007B920 00000335 C=CODE    S=_TEXT    G=(none)   M=C:\PROGRAM FILES\BORLAND\BDS\4.0\LIB\CP32MT.LIB|realcvtw ACBP=A9
 0001:0007BC58 000004E9 C=CODE    S=_TEXT    G=(none)   M=C:\PROGRAM FILES\BORLAND\BDS\4.0\LIB\CP32MT.LIB|scantod ACBP=A9
 0001:0007C144 000004E9 C=CODE    S=_TEXT    G=(none)   M=C:\PROGRAM FILES\BORLAND\BDS\4.0\LIB\CP32MT.LIB|scanwtod ACBP=A9
 0001:0007C630 000002D4 C=CODE    S=_TEXT    G=(none)   M=C:\PROGRAM FILES\BORLAND\BDS\4.0\LIB\CP32MT.LIB|xcvt ACBP=A9
 0001:0007C904 000002F3 C=CODE    S=_TEXT    G=(none)   M=C:\PROGRAM FILES\BORLAND\BDS\4.0\LIB\CP32MT.LIB|xcvtw ACBP=A9
 0001:0007CBF8 0000014D C=CODE    S=_TEXT    G=(none)   M=C:\PROGRAM FILES\BORLAND\BDS\4.0\LIB\CP32MT.LIB|mbctype ACBP=A9
 0001:0007CD48 0000001A C=CODE    S=_TEXT    G=(none)   M=C:\PROGRAM FILES\BORLAND\BDS\4.0\LIB\CP32MT.LIB|mbisspc ACBP=A9
 0001:0007CD64 00000058 C=CODE    S=_TEXT    G=(none)   M=C:\PROGRAM FILES\BORLAND\BDS\4.0\LIB\CP32MT.LIB|mbsrchr ACBP=A9
 0001:0007CDBC 000000A6 C=CODE    S=_TEXT    G=(none)   M=C:\PROGRAM FILES\BORLAND\BDS\4.0\LIB\CP32MT.LIB|assert ACBP=A9
 0001:0007CE64 000000BA C=CODE    S=_TEXT    G=(none)   M=C:\PROGRAM FILES\BORLAND\BDS\4.0\LIB\CP32MT.LIB|ermsghlp ACBP=A9
 0001:0007CF20 0000001E C=CODE    S=_TEXT    G=(none)   M=C:\PROGRAM FILES\BORLAND\BDS\4.0\LIB\CP32MT.LIB|errno ACBP=A9
 0001:0007CF40 0000019B C=CODE    S=_TEXT    G=(none)   M=C:\PROGRAM FILES\BORLAND\BDS\4.0\LIB\CP32MT.LIB|errormsg ACBP=A9
 0001:0007D0DC 00000022 C=CODE    S=_TEXT    G=(none)   M=C:\PROGRAM FILES\BORLAND\BDS\4.0\LIB\CP32MT.LIB|abort ACBP=A9
 0001:0007D100 000000BF C=CODE    S=_TEXT    G=(none)   M=C:\PROGRAM FILES\BORLAND\BDS\4.0\LIB\CP32MT.LIB|exit ACBP=A9
 0001:0007D1C0 0000001A C=CODE    S=_TEXT    G=(none)   M=C:\PROGRAM FILES\BORLAND\BDS\4.0\LIB\CP32MT.LIB|initwild ACBP=A9
 0001:0007D1DC 00000011 C=CODE    S=_TEXT    G=(none)   M=C:\PROGRAM FILES\BORLAND\BDS\4.0\LIB\CP32MT.LIB|exparg ACBP=A9
 0001:0007D1F0 00000011 C=CODE    S=_TEXT    G=(none)   M=C:\PROGRAM FILES\BORLAND\BDS\4.0\LIB\CP32MT.LIB|wexparg ACBP=A9
 0001:0007D204 00000027 C=CODE    S=_TEXT    G=(none)   M=C:\PROGRAM FILES\BORLAND\BDS\4.0\LIB\CP32MT.LIB|initargv ACBP=A9
 0001:0007D22C 0000016C C=CODE    S=_TEXT    G=(none)   M=C:\PROGRAM FILES\BORLAND\BDS\4.0\LIB\CP32MT.LIB|setargv ACBP=A9
 0001:0007D398 000001E5 C=CODE    S=_TEXT    G=(none)   M=C:\PROGRAM FILES\BORLAND\BDS\4.0\LIB\CP32MT.LIB|hsargv ACBP=A9
 0001:0007D580 00000227 C=CODE    S=_TEXT    G=(none)   M=C:\PROGRAM FILES\BORLAND\BDS\4.0\LIB\CP32MT.LIB|whsargv ACBP=A9
 0001:0007D7A8 00000045 C=CODE    S=_TEXT    G=(none)   M=C:\PROGRAM FILES\BORLAND\BDS\4.0\LIB\CP32MT.LIB|setargv0 ACBP=A9
 0001:0007D7F0 000001D2 C=CODE    S=_TEXT    G=(none)   M=C:\PROGRAM FILES\BORLAND\BDS\4.0\LIB\CP32MT.LIB|setenvp ACBP=A9
 0001:0007D9C4 0000038A C=CODE    S=_TEXT    G=(none)   M=C:\PROGRAM FILES\BORLAND\BDS\4.0\LIB\CP32MT.LIB|signal ACBP=A9
 0001:0007DD50 0000018B C=CODE    S=_TEXT    G=(none)   M=C:\PROGRAM FILES\BORLAND\BDS\4.0\LIB\CP32MT.LIB|initexit ACBP=A9
 0001:0007DEDC 000001A4 C=CODE    S=_TEXT    G=(none)   M=C:\PROGRAM FILES\BORLAND\BDS\4.0\LIB\CP32MT.LIB|startup ACBP=A9
 0001:0007E080 00000067 C=CODE    S=_TEXT    G=(none)   M=C:\PROGRAM FILES\BORLAND\BDS\4.0\LIB\CP32MT.LIB|tls ACBP=A9
 0001:0007E0E8 0000004F C=CODE    S=_TEXT    G=(none)   M=C:\PROGRAM FILES\BORLAND\BDS\4.0\LIB\CP32MT.LIB|tlsstat ACBP=A9
 0001:0007E138 0000003B C=CODE    S=_TEXT    G=(none)   M=C:\PROGRAM FILES\BORLAND\BDS\4.0\LIB\CP32MT.LIB|thrdbuf ACBP=A9
 0001:0007E174 000001D8 C=CODE    S=_TEXT    G=(none)   M=C:\PROGRAM FILES\BORLAND\BDS\4.0\LIB\CP32MT.LIB|thrddata ACBP=A9
 0001:0007E34C 000000E1 C=CODE    S=_TEXT    G=(none)   M=C:\PROGRAM FILES\BORLAND\BDS\4.0\LIB\CP32MT.LIB|_lock ACBP=A9
 0001:0007E430 00003D11 C=CODE    S=_TEXT    G=(none)   M=C:\PROGRAM FILES\BORLAND\BDS\4.0\LIB\CP32MT.LIB|xx ACBP=A9
 0001:000820F5 0000000D C=CODE    S=_TEXT    G=(none)   M=C:\PROGRAM FILES\BORLAND\BDS\4.0\LIB\DEBUG\VCLE.LIB|_t_Contr ACBP=A9
 0001:000820FD 0000000D C=CODE    S=_TEXT    G=(none)   M=C:\PROGRAM FILES\BORLAND\BDS\4.0\LIB\DEBUG\VCLE.LIB|_t_Forms ACBP=A9
 0001:00082105 000006CB C=CODE    S=_TEXT    G=(none)   M=C:\PROGRAM FILES\BORLAND\BDS\4.0\LIB\DEBUG\VCLE.LIB|dstring ACBP=A9
 0001:00082784 00000087 C=CODE    S=_TEXT    G=(none)   M=C:\PROGRAM FILES\BORLAND\BDS\4.0\LIB\DEBUG\VCLE.LIB|syssupp ACBP=A9
 0001:000827F2 00000158 C=CODE    S=_TEXT    G=(none)   M=C:\PROGRAM FILES\BORLAND\BDS\4.0\LIB\DEBUG\VCLE.LIB|vclinit ACBP=A9
 0001:000828FC 00000031 C=CODE    S=_TEXT    G=(none)   M=C:\PROGRAM FILES\BORLAND\BDS\4.0\LIB\DEBUG\VCLE.LIB|classcre ACBP=A9
 0002:00000000 000000A4 C=DATA    S=_DATA    G=DGROUP   M=C:\PROGRAM FILES\BORLAND\BDS\4.0\LIB\C0W32.OBJ ACBP=A9
 0002:000000A4 00000030 C=DATA    S=_DATA    G=DGROUP   M=C:\PROGRAM FILES\BORLAND\BDS\4.0\LIB\OBJ\SYSINIT.OBJ ACBP=A9
 0002:000000C4 00000060 C=DATA    S=_DATA    G=DGROUP   M=C:\ANDRE\MAP2DBG\CALLDEMO\DEBUG_BUILD\CALLDEMO.OBJ ACBP=A9
 0002:00000124 000002AC C=DATA    S=_DATA    G=DGROUP   M=C:\ANDRE\MAP2DBG\CALLDEMO\DEBUG_BUILD\MAINFORM.OBJ ACBP=A9
 0002:000003D0 0000150C C=DATA    S=_DATA    G=DGROUP   M=C:\ANDRE\MAP2DBG\CALLDEMO\DEBUG_BUILD\CALLSTACK.OBJ ACBP=A9
 0002:000018DC 00000001 C=DATA    S=_DATA    G=DGROUP   M=C:\PROGRAM FILES\BORLAND\BDS\4.0\LIB\DEBUG\RTL.LIB|Windows ACBP=A9
 0002:000018DC 00000010 C=DATA    S=_DATA    G=DGROUP   M=C:\PROGRAM FILES\BORLAND\BDS\4.0\LIB\DEBUG\RTL.LIB|UrlMon ACBP=A9
 0002:000018DC 00000010 C=DATA    S=_DATA    G=DGROUP   M=C:\PROGRAM FILES\BORLAND\BDS\4.0\LIB\DEBUG\RTL.LIB|ShlObj ACBP=A9
 0002:000018DC 00000010 C=DATA    S=_DATA    G=DGROUP   M=C:\PROGRAM FILES\BORLAND\BDS\4.0\LIB\DEBUG\RTL.LIB|ActiveX ACBP=A9
 0002:000018DC 00000074 C=DATA    S=_DATA    G=DGROUP   M=C:\PROGRAM FILES\BORLAND\BDS\4.0\LIB\DEBUG\RTL.LIB|Classes ACBP=A9
 0002:00001950 0000000C C=DATA    S=_DATA    G=DGROUP   M=C:\PROGRAM FILES\BORLAND\BDS\4.0\LIB\DEBUG\RTL.LIB|TypInfo ACBP=A9
 0002:0000195C 0000003A C=DATA    S=_DATA    G=DGROUP   M=C:\PROGRAM FILES\BORLAND\BDS\4.0\LIB\DEBUG\RTL.LIB|StrUtils ACBP=A9
 0002:0000195C 00000008 C=DATA    S=_DATA    G=DGROUP   M=C:\PROGRAM FILES\BORLAND\BDS\4.0\LIB\DEBUG\RTL.LIB|Registry ACBP=A9
 0002:00001964 00000008 C=DATA    S=_DATA    G=DGROUP   M=C:\PROGRAM FILES\BORLAND\BDS\4.0\LIB\DEBUG\RTL.LIB|Math ACBP=A9
 0002:00001964 00000008 C=DATA    S=_DATA    G=DGROUP   M=C:\PROGRAM FILES\BORLAND\BDS\4.0\LIB\DEBUG\RTL.LIB|IniFiles ACBP=A9
 0002:0000196C 00000008 C=DATA    S=_DATA    G=DGROUP   M=C:\PROGRAM FILES\BORLAND\BDS\4.0\LIB\DEBUG\RTL.LIB|Contnrs ACBP=A9
 0002:0000196C 00000260 C=DATA    S=_DATA    G=DGROUP   M=C:\PROGRAM FILES\BORLAND\BDS\4.0\LIB\DEBUG\RTL.LIB|SysUtils ACBP=A9
 0002:00001BBC 00000008 C=DATA    S=_DATA    G=DGROUP   M=C:\PROGRAM FILES\BORLAND\BDS\4.0\LIB\DEBUG\RTL.LIB|VarUtils ACBP=A9
 0002:00001BC4 0000008E C=DATA    S=_DATA    G=DGROUP   M=C:\PROGRAM FILES\BORLAND\BDS\4.0\LIB\DEBUG\RTL.LIB|Variants ACBP=A9
 0002:00001C54 00000798 C=DATA    S=_DATA    G=DGROUP   M=C:\PROGRAM FILES\BORLAND\BDS\4.0\LIB\DEBUG\RTL.LIB|System ACBP=A9
 0002:000023E8 00000068 C=DATA    S=_DATA    G=DGROUP   M=C:\PROGRAM FILES\BORLAND\BDS\4.0\LIB\DEBUG\VCL.LIB|Themes ACBP=A9
 0002:00002450 00000458 C=DATA    S=_DATA    G=DGROUP   M=C:\PROGRAM FILES\BORLAND\BDS\4.0\LIB\DEBUG\VCL.LIB|GraphUtil ACBP=A9
 0002:000028A0 00000040 C=DATA    S=_DATA    G=DGROUP   M=C:\PROGRAM FILES\BORLAND\BDS\4.0\LIB\DEBUG\VCL.LIB|StdActns ACBP=A9
 0002:000028A0 0000002C C=DATA    S=_DATA    G=DGROUP   M=C:\PROGRAM FILES\BORLAND\BDS\4.0\LIB\DEBUG\VCL.LIB|ImgList ACBP=A9
 0002:000028C0 00000004 C=DATA    S=_DATA    G=DGROUP   M=C:\PROGRAM FILES\BORLAND\BDS\4.0\LIB\DEBUG\VCL.LIB|ActnList ACBP=A9
 0002:000028C0 0000007C C=DATA    S=_DATA    G=DGROUP   M=C:\PROGRAM FILES\BORLAND\BDS\4.0\LIB\DEBUG\VCL.LIB|StdCtrls ACBP=A9
 0002:00002930 0000000C C=DATA    S=_DATA    G=DGROUP   M=C:\PROGRAM FILES\BORLAND\BDS\4.0\LIB\DEBUG\VCL.LIB|Printers ACBP=A9
 0002:00002934 000000F4 C=DATA    S=_DATA    G=DGROUP   M=C:\PROGRAM FILES\BORLAND\BDS\4.0\LIB\DEBUG\VCL.LIB|Menus ACBP=A9
 0002:00002A28 0000030C C=DATA    S=_DATA    G=DGROUP   M=C:\PROGRAM FILES\BORLAND\BDS\4.0\LIB\DEBUG\VCL.LIB|Graphics ACBP=A9
 0002:00002D34 00000138 C=DATA    S=_DATA    G=DGROUP   M=C:\PROGRAM FILES\BORLAND\BDS\4.0\LIB\DEBUG\VCL.LIB|Forms ACBP=A9
 0002:00002E6C 00000030 C=DATA    S=_DATA    G=DGROUP   M=C:\PROGRAM FILES\BORLAND\BDS\4.0\LIB\DEBUG\VCL.LIB|ExtCtrls ACBP=A9
 0002:00002E8C 000000A0 C=DATA    S=_DATA    G=DGROUP   M=C:\PROGRAM FILES\BORLAND\BDS\4.0\LIB\DEBUG\VCL.LIB|Dialogs ACBP=A9
 0002:00002F00 0000013C C=DATA    S=_DATA    G=DGROUP   M=C:\PROGRAM FILES\BORLAND\BDS\4.0\LIB\DEBUG\VCL.LIB|Controls ACBP=A9
 0002:0000303C 00000010 C=DATA    S=_DATA    G=DGROUP   M=C:\PROGRAM FILES\BORLAND\BDS\4.0\LIB\CP32MT.LIB|delaop ACBP=A9
 0002:0000304C 00000010 C=DATA    S=_DATA    G=DGROUP   M=C:\PROGRAM FILES\BORLAND\BDS\4.0\LIB\CP32MT.LIB|delop ACBP=A9
 0002:0000305C 00000030 C=DATA    S=_DATA    G=DGROUP   M=C:\PROGRAM FILES\BORLAND\BDS\4.0\LIB\CP32MT.LIB|exceptio ACBP=A9
 0002:0000308C 00000018 C=DATA    S=_DATA    G=DGROUP   M=C:\PROGRAM FILES\BORLAND\BDS\4.0\LIB\CP32MT.LIB|gccex ACBP=A9
 0002:000030A4 000004F8 C=DATA    S=_DATA    G=DGROUP   M=C:\PROGRAM FILES\BORLAND\BDS\4.0\LIB\CP32MT.LIB|ios ACBP=A9
 0002:0000359C 00000BE8 C=DATA    S=_DATA    G=DGROUP   M=C:\PROGRAM FILES\BORLAND\BDS\4.0\LIB\CP32MT.LIB|iostream ACBP=A9
 0002:00004184 0000015C C=DATA    S=_DATA    G=DGROUP   M=C:\PROGRAM FILES\BORLAND\BDS\4.0\LIB\CP32MT.LIB|dwlocale ACBP=A9
 0002:000042A4 00000414 C=DATA    S=_DATA    G=DGROUP   M=C:\PROGRAM FILES\BORLAND\BDS\4.0\LIB\CP32MT.LIB|locale0 ACBP=A9
 0002:000046B8 0000001C C=DATA    S=_DATA    G=DGROUP   M=C:\PROGRAM FILES\BORLAND\BDS\4.0\LIB\CP32MT.LIB|new ACBP=A9
 0002:000046BC 00000100 C=DATA    S=_DATA    G=DGROUP   M=C:\PROGRAM FILES\BORLAND\BDS\4.0\LIB\CP32MT.LIB|newop ACBP=A9
 0002:000047A8 0000022C C=DATA    S=_DATA    G=DGROUP   M=C:\PROGRAM FILES\BORLAND\BDS\4.0\LIB\CP32MT.LIB|string ACBP=A9
 0002:000049D4 00000920 C=DATA    S=_DATA    G=DGROUP   M=C:\PROGRAM FILES\BORLAND\BDS\4.0\LIB\CP32MT.LIB|wiostrea ACBP=A9
 0002:000052F4 00000069 C=DATA    S=_DATA    G=DGROUP   M=C:\PROGRAM FILES\BORLAND\BDS\4.0\LIB\CP32MT.LIB|wlocale ACBP=A9
 0002:00005354 00000202 C=DATA    S=_DATA    G=DGROUP   M=C:\PROGRAM FILES\BORLAND\BDS\4.0\LIB\CP32MT.LIB|xlocinfo ACBP=A9
 0002:00005558 00000064 C=DATA    S=_DATA    G=DGROUP   M=C:\PROGRAM FILES\BORLAND\BDS\4.0\LIB\CP32MT.LIB|xstart ACBP=A9
 0002:000055BC 00000008 C=DATA    S=_DATA    G=DGROUP   M=C:\PROGRAM FILES\BORLAND\BDS\4.0\LIB\CP32MT.LIB|xsyslock ACBP=A9
 0002:000055C4 000001DC C=DATA    S=_DATA    G=DGROUP   M=C:\PROGRAM FILES\BORLAND\BDS\4.0\LIB\CP32MT.LIB|hrdir_b ACBP=A9
 0002:000057A0 00000020 C=DATA    S=_DATA    G=DGROUP   M=C:\PROGRAM FILES\BORLAND\BDS\4.0\LIB\CP32MT.LIB|hrdir_s ACBP=A9
 0002:000057C0 0000000C C=DATA    S=_DATA    G=DGROUP   M=C:\PROGRAM FILES\BORLAND\BDS\4.0\LIB\CP32MT.LIB|pheap ACBP=A9
 0002:000057CC 00000004 C=DATA    S=_DATA    G=DGROUP   M=C:\PROGRAM FILES\BORLAND\BDS\4.0\LIB\CP32MT.LIB|xx_xpf ACBP=A9
 0002:000057D0 00000364 C=DATA    S=_DATA    G=DGROUP   M=C:\PROGRAM FILES\BORLAND\BDS\4.0\LIB\CP32MT.LIB|xxtype ACBP=A9
 0002:00005B34 00000014 C=DATA    S=_DATA    G=DGROUP   M=C:\PROGRAM FILES\BORLAND\BDS\4.0\LIB\CP32MT.LIB|xxut ACBP=A9
 0002:00005B3C 000000E8 C=DATA    S=_DATA    G=DGROUP   M=C:\PROGRAM FILES\BORLAND\BDS\4.0\LIB\CP32MT.LIB|xxv ACBP=A9
 0002:00005C24 00000014 C=DATA    S=_DATA    G=DGROUP   M=C:\PROGRAM FILES\BORLAND\BDS\4.0\LIB\CP32MT.LIB|except ACBP=A9
 0002:00005C38 00000004 C=DATA    S=_DATA    G=DGROUP   M=C:\PROGRAM FILES\BORLAND\BDS\4.0\LIB\CP32MT.LIB|_cfinfo ACBP=A9
 0002:00005C3C 00000004 C=DATA    S=_DATA    G=DGROUP   M=C:\PROGRAM FILES\BORLAND\BDS\4.0\LIB\CP32MT.LIB|cfinfo ACBP=A9
 0002:00005C40 000004B0 C=DATA    S=_DATA    G=DGROUP   M=C:\PROGRAM FILES\BORLAND\BDS\4.0\LIB\CP32MT.LIB|files ACBP=A9
 0002:000060F0 000000CC C=DATA    S=_DATA    G=DGROUP   M=C:\PROGRAM FILES\BORLAND\BDS\4.0\LIB\CP32MT.LIB|files2 ACBP=A9
 0002:000061BC 00000004 C=DATA    S=_DATA    G=DGROUP   M=C:\PROGRAM FILES\BORLAND\BDS\4.0\LIB\CP32MT.LIB|fmode ACBP=A9
 0002:000061C0 00000004 C=DATA    S=_DATA    G=DGROUP   M=C:\PROGRAM FILES\BORLAND\BDS\4.0\LIB\CP32MT.LIB|fmodeptr ACBP=A9
 0002:000061C4 00000064 C=DATA    S=_DATA    G=DGROUP   M=C:\PROGRAM FILES\BORLAND\BDS\4.0\LIB\CP32MT.LIB|handles ACBP=A9
 0002:00006228 0000012B C=DATA    S=_DATA    G=DGROUP   M=C:\PROGRAM FILES\BORLAND\BDS\4.0\LIB\CP32MT.LIB|ioerror ACBP=A9
 0002:00006354 0000000C C=DATA    S=_DATA    G=DGROUP   M=C:\PROGRAM FILES\BORLAND\BDS\4.0\LIB\CP32MT.LIB|mkname ACBP=A9
 0002:00006360 00000494 C=DATA    S=_DATA    G=DGROUP   M=C:\PROGRAM FILES\BORLAND\BDS\4.0\LIB\CP32MT.LIB|perror ACBP=A9
 0002:000067F4 00000068 C=DATA    S=_DATA    G=DGROUP   M=C:\PROGRAM FILES\BORLAND\BDS\4.0\LIB\CP32MT.LIB|streams ACBP=A9
 0002:0000685C 00000076 C=DATA    S=_DATA    G=DGROUP   M=C:\PROGRAM FILES\BORLAND\BDS\4.0\LIB\CP32MT.LIB|vprinter ACBP=A9
 0002:000068D4 00000202 C=DATA    S=_DATA    G=DGROUP   M=C:\PROGRAM FILES\BORLAND\BDS\4.0\LIB\CP32MT.LIB|bigctype ACBP=A9
 0002:00006AD8 0000003C C=DATA    S=_DATA    G=DGROUP   M=C:\PROGRAM FILES\BORLAND\BDS\4.0\LIB\CP32MT.LIB|cconv ACBP=A9
 0002:00006B14 00000050 C=DATA    S=_DATA    G=DGROUP   M=C:\PROGRAM FILES\BORLAND\BDS\4.0\LIB\CP32MT.LIB|convt ACBP=A9
 0002:00006B64 00000100 C=DATA    S=_DATA    G=DGROUP   M=C:\PROGRAM FILES\BORLAND\BDS\4.0\LIB\CP32MT.LIB|clower ACBP=A9
 0002:00006C64 00000100 C=DATA    S=_DATA    G=DGROUP   M=C:\PROGRAM FILES\BORLAND\BDS\4.0\LIB\CP32MT.LIB|cupper ACBP=A9
 0002:00006D64 00000118 C=DATA    S=_DATA    G=DGROUP   M=C:\PROGRAM FILES\BORLAND\BDS\4.0\LIB\CP32MT.LIB|locale ACBP=A9
 0002:00006E7C 00000260 C=DATA    S=_DATA    G=DGROUP   M=C:\PROGRAM FILES\BORLAND\BDS\4.0\LIB\CP32MT.LIB|clocale ACBP=A9
 0002:000070DC 0000008C C=DATA    S=_DATA    G=DGROUP   M=C:\PROGRAM FILES\BORLAND\BDS\4.0\LIB\CP32MT.LIB|initcat ACBP=A9
 0002:00007168 000000C0 C=DATA    S=_DATA    G=DGROUP   M=C:\PROGRAM FILES\BORLAND\BDS\4.0\LIB\CP32MT.LIB|_pow10 ACBP=A9
 0002:00007228 00000068 C=DATA    S=_DATA    G=DGROUP   M=C:\PROGRAM FILES\BORLAND\BDS\4.0\LIB\CP32MT.LIB|cvtfak ACBP=A9
 0002:00007290 00000068 C=DATA    S=_DATA    G=DGROUP   M=C:\PROGRAM FILES\BORLAND\BDS\4.0\LIB\CP32MT.LIB|cvtfakw ACBP=A9
 0002:000072F8 00000004 C=DATA    S=_DATA    G=DGROUP   M=C:\PROGRAM FILES\BORLAND\BDS\4.0\LIB\CP32MT.LIB|deflt87 ACBP=A9
 0002:000072FC 0000007C C=DATA    S=_DATA    G=DGROUP   M=C:\PROGRAM FILES\BORLAND\BDS\4.0\LIB\CP32MT.LIB|hugeval ACBP=A9
 0002:00007378 00000008 C=DATA    S=_DATA    G=DGROUP   M=C:\PROGRAM FILES\BORLAND\BDS\4.0\LIB\CP32MT.LIB|initcvt ACBP=A9
 0002:00007380 00000008 C=DATA    S=_DATA    G=DGROUP   M=C:\PROGRAM FILES\BORLAND\BDS\4.0\LIB\CP32MT.LIB|mathptr ACBP=A9
 0002:00007388 00000014 C=DATA    S=_DATA    G=DGROUP   M=C:\PROGRAM FILES\BORLAND\BDS\4.0\LIB\CP32MT.LIB|realcvt ACBP=A9
 0002:0000739C 00000028 C=DATA    S=_DATA    G=DGROUP   M=C:\PROGRAM FILES\BORLAND\BDS\4.0\LIB\CP32MT.LIB|realcvtw ACBP=A9
 0002:000073C4 00000028 C=DATA    S=_DATA    G=DGROUP   M=C:\PROGRAM FILES\BORLAND\BDS\4.0\LIB\CP32MT.LIB|scantod ACBP=A9
 0002:000073EC 00000028 C=DATA    S=_DATA    G=DGROUP   M=C:\PROGRAM FILES\BORLAND\BDS\4.0\LIB\CP32MT.LIB|scanwtod ACBP=A9
 0002:00007414 00000048 C=DATA    S=_DATA    G=DGROUP   M=C:\PROGRAM FILES\BORLAND\BDS\4.0\LIB\CP32MT.LIB|mbctype ACBP=A9
 0002:0000745C 00000024 C=DATA    S=_DATA    G=DGROUP   M=C:\PROGRAM FILES\BORLAND\BDS\4.0\LIB\CP32MT.LIB|assert ACBP=A9
 0002:00007480 00000024 C=DATA    S=_DATA    G=DGROUP   M=C:\PROGRAM FILES\BORLAND\BDS\4.0\LIB\CP32MT.LIB|ermsghlp ACBP=A9
 0002:000074A4 00000010 C=DATA    S=_DATA    G=DGROUP   M=C:\PROGRAM FILES\BORLAND\BDS\4.0\LIB\CP32MT.LIB|errormsg ACBP=A9
 0002:000074B4 00000020 C=DATA    S=_DATA    G=DGROUP   M=C:\PROGRAM FILES\BORLAND\BDS\4.0\LIB\CP32MT.LIB|abort ACBP=A9
 0002:000074D4 00000004 C=DATA    S=_DATA    G=DGROUP   M=C:\PROGRAM FILES\BORLAND\BDS\4.0\LIB\CP32MT.LIB|patexit ACBP=A9
 0002:000074D8 0000000C C=DATA    S=_DATA    G=DGROUP   M=C:\PROGRAM FILES\BORLAND\BDS\4.0\LIB\CP32MT.LIB|exit ACBP=A9
 0002:000074E4 00000008 C=DATA    S=_DATA    G=DGROUP   M=C:\PROGRAM FILES\BORLAND\BDS\4.0\LIB\CP32MT.LIB|saptr ACBP=A9
 0002:000074EC 00000008 C=DATA    S=_DATA    G=DGROUP   M=C:\PROGRAM FILES\BORLAND\BDS\4.0\LIB\CP32MT.LIB|wsaptr ACBP=A9
 0002:000074F4 00000054 C=DATA    S=_DATA    G=DGROUP   M=C:\PROGRAM FILES\BORLAND\BDS\4.0\LIB\CP32MT.LIB|setargv ACBP=A9
 0002:00007548 00000028 C=DATA    S=_DATA    G=DGROUP   M=C:\PROGRAM FILES\BORLAND\BDS\4.0\LIB\CP32MT.LIB|hsargv ACBP=A9
 0002:00007570 00000024 C=DATA    S=_DATA    G=DGROUP   M=C:\PROGRAM FILES\BORLAND\BDS\4.0\LIB\CP32MT.LIB|whsargv ACBP=A9
 0002:00007594 00000004 C=DATA    S=_DATA    G=DGROUP   M=C:\PROGRAM FILES\BORLAND\BDS\4.0\LIB\CP32MT.LIB|wildptr ACBP=A9
 0002:00007598 00000004 C=DATA    S=_DATA    G=DGROUP   M=C:\PROGRAM FILES\BORLAND\BDS\4.0\LIB\CP32MT.LIB|wwildptr ACBP=A9
 0002:0000759C 00000020 C=DATA    S=_DATA    G=DGROUP   M=C:\PROGRAM FILES\BORLAND\BDS\4.0\LIB\CP32MT.LIB|setargv0 ACBP=A9
 0002:000075BC 0000006C C=DATA    S=_DATA    G=DGROUP   M=C:\PROGRAM FILES\BORLAND\BDS\4.0\LIB\CP32MT.LIB|setenvp ACBP=A9
 0002:00007628 0000005E C=DATA    S=_DATA    G=DGROUP   M=C:\PROGRAM FILES\BORLAND\BDS\4.0\LIB\CP32MT.LIB|signal ACBP=A9
 0002:00007688 00000004 C=DATA    S=_DATA    G=DGROUP   M=C:\PROGRAM FILES\BORLAND\BDS\4.0\LIB\CP32MT.LIB|globals ACBP=A9
 0002:0000768C 0000001C C=DATA    S=_DATA    G=DGROUP   M=C:\PROGRAM FILES\BORLAND\BDS\4.0\LIB\CP32MT.LIB|initexit ACBP=A9
 0002:000076A8 0000001C C=DATA    S=_DATA    G=DGROUP   M=C:\PROGRAM FILES\BORLAND\BDS\4.0\LIB\CP32MT.LIB|thrddata ACBP=A9
 0002:000076C4 00000014 C=DATA    S=_DATA    G=DGROUP   M=C:\PROGRAM FILES\BORLAND\BDS\4.0\LIB\CP32MT.LIB|_lock ACBP=A9
 0002:000076D8 000014B0 C=DATA    S=_DATA    G=DGROUP   M=C:\PROGRAM FILES\BORLAND\BDS\4.0\LIB\CP32MT.LIB|xx ACBP=A9
 0002:00008B70 000002F4 C=DATA    S=_DATA    G=DGROUP   M=C:\PROGRAM FILES\BORLAND\BDS\4.0\LIB\DEBUG\VCLE.LIB|dstring ACBP=A9
 0002:00008E4C 00000068 C=DATA    S=_DATA    G=DGROUP   M=C:\PROGRAM FILES\BORLAND\BDS\4.0\LIB\DEBUG\VCLE.LIB|syssupp ACBP=A9
 0002:00008E9C 00000070 C=DATA    S=_DATA    G=DGROUP   M=C:\PROGRAM FILES\BORLAND\BDS\4.0\LIB\DEBUG\VCLE.LIB|vclinit ACBP=A9
 0002:00008F0C 000003F0 C=DATA    S=_DATA    G=DGROUP   M=<internal> ACBP=A9
 0003:00000000 00000014 C=BSS     S=_BSS     G=DGROUP   M=C:\PROGRAM FILES\BORLAND\BDS\4.0\LIB\OBJ\SYSINIT.OBJ ACBP=A9
 0003:00000014 00000008 C=BSS     S=_BSS     G=DGROUP   M=C:\ANDRE\MAP2DBG\CALLDEMO\DEBUG_BUILD\MAINFORM.OBJ ACBP=A9
 0003:0000001C 0000000C C=BSS     S=_BSS     G=DGROUP   M=C:\ANDRE\MAP2DBG\CALLDEMO\DEBUG_BUILD\CALLSTACK.OBJ ACBP=A9
 0003:00000028 00000004 C=BSS     S=_BSS     G=DGROUP   M=C:\PROGRAM FILES\BORLAND\BDS\4.0\LIB\DEBUG\RTL.LIB|WinSpool ACBP=A9
 0003:0000002C 00000004 C=BSS     S=_BSS     G=DGROUP   M=C:\PROGRAM FILES\BORLAND\BDS\4.0\LIB\DEBUG\RTL.LIB|WinInet ACBP=A9
 0003:00000030 00000010 C=BSS     S=_BSS     G=DGROUP   M=C:\PROGRAM FILES\BORLAND\BDS\4.0\LIB\DEBUG\RTL.LIB|Windows ACBP=A9
 0003:00000040 000000CC C=BSS     S=_BSS     G=DGROUP   M=C:\PROGRAM FILES\BORLAND\BDS\4.0\LIB\DEBUG\RTL.LIB|UxTheme ACBP=A9
 0003:0000010C 00000004 C=BSS     S=_BSS     G=DGROUP   M=C:\PROGRAM FILES\BORLAND\BDS\4.0\LIB\DEBUG\RTL.LIB|UrlMon ACBP=A9
 0003:00000110 00000004 C=BSS     S=_BSS     G=DGROUP   M=C:\PROGRAM FILES\BORLAND\BDS\4.0\LIB\DEBUG\RTL.LIB|ShlObj ACBP=A9
 0003:00000114 00000004 C=BSS     S=_BSS     G=DGROUP   M=C:\PROGRAM FILES\BORLAND\BDS\4.0\LIB\DEBUG\RTL.LIB|ShellAPI ACBP=A9
 0003:00000118 00000004 C=BSS     S=_BSS     G=DGROUP   M=C:\PROGRAM FILES\BORLAND\BDS\4.0\LIB\DEBUG\RTL.LIB|RegStr ACBP=A9
 0003:0000011C 00000031 C=BSS     S=_BSS     G=DGROUP   M=C:\PROGRAM FILES\BORLAND\BDS\4.0\LIB\DEBUG\RTL.LIB|MultiMon ACBP=A9
 0003:00000150 00000004 C=BSS     S=_BSS     G=DGROUP   M=C:\PROGRAM FILES\BORLAND\BDS\4.0\LIB\DEBUG\RTL.LIB|Messages ACBP=A9
 0003:00000154 00000004 C=BSS     S=_BSS     G=DGROUP   M=C:\PROGRAM FILES\BORLAND\BDS\4.0\LIB\DEBUG\RTL.LIB|Imm ACBP=A9
 0003:00000158 00000004 C=BSS     S=_BSS     G=DGROUP   M=C:\PROGRAM FILES\BORLAND\BDS\4.0\LIB\DEBUG\RTL.LIB|ImageHlp ACBP=A9
 0003:0000015C 00000034 C=BSS     S=_BSS     G=DGROUP   M=C:\PROGRAM FILES\BORLAND\BDS\4.0\LIB\DEBUG\RTL.LIB|FlatSB ACBP=A9
 0003:00000190 00000004 C=BSS     S=_BSS     G=DGROUP   M=C:\PROGRAM FILES\BORLAND\BDS\4.0\LIB\DEBUG\RTL.LIB|Dlgs ACBP=A9
 0003:00000194 00000004 C=BSS     S=_BSS     G=DGROUP   M=C:\PROGRAM FILES\BORLAND\BDS\4.0\LIB\DEBUG\RTL.LIB|CommDlg ACBP=A9
 0003:00000198 0000000C C=BSS     S=_BSS     G=DGROUP   M=C:\PROGRAM FILES\BORLAND\BDS\4.0\LIB\DEBUG\RTL.LIB|CommCtrl ACBP=A9
 0003:000001A4 00000004 C=BSS     S=_BSS     G=DGROUP   M=C:\PROGRAM FILES\BORLAND\BDS\4.0\LIB\DEBUG\RTL.LIB|ActiveX ACBP=A9
 0003:000001A8 00000008 C=BSS     S=_BSS     G=DGROUP   M=C:\PROGRAM FILES\BORLAND\BDS\4.0\LIB\DEBUG\RTL.LIB|HelpIntfs ACBP=A9
 0003:000001B0 00000044 C=BSS     S=_BSS     G=DGROUP   M=C:\PROGRAM FILES\BORLAND\BDS\4.0\LIB\DEBUG\RTL.LIB|Classes ACBP=A9
 0003:000001F4 00000004 C=BSS     S=_BSS     G=DGROUP   M=C:\PROGRAM FILES\BORLAND\BDS\4.0\LIB\DEBUG\RTL.LIB|TypInfo ACBP=A9
 0003:000001F8 00000004 C=BSS     S=_BSS     G=DGROUP   M=C:\PROGRAM FILES\BORLAND\BDS\4.0\LIB\DEBUG\RTL.LIB|StrUtils ACBP=A9
 0003:000001FC 00000004 C=BSS     S=_BSS     G=DGROUP   M=C:\PROGRAM FILES\BORLAND\BDS\4.0\LIB\DEBUG\RTL.LIB|Registry ACBP=A9
 0003:00000200 00000004 C=BSS     S=_BSS     G=DGROUP   M=C:\PROGRAM FILES\BORLAND\BDS\4.0\LIB\DEBUG\RTL.LIB|Math ACBP=A9
 0003:00000204 00000004 C=BSS     S=_BSS     G=DGROUP   M=C:\PROGRAM FILES\BORLAND\BDS\4.0\LIB\DEBUG\RTL.LIB|IniFiles ACBP=A9
 0003:00000208 00000004 C=BSS     S=_BSS     G=DGROUP   M=C:\PROGRAM FILES\BORLAND\BDS\4.0\LIB\DEBUG\RTL.LIB|Contnrs ACBP=A9
 0003:0000020C 00000004 C=BSS     S=_BSS     G=DGROUP   M=C:\PROGRAM FILES\BORLAND\BDS\4.0\LIB\DEBUG\RTL.LIB|RTLConsts ACBP=A9
 0003:00000210 00000004 C=BSS     S=_BSS     G=DGROUP   M=C:\PROGRAM FILES\BORLAND\BDS\4.0\LIB\DEBUG\RTL.LIB|Types ACBP=A9
 0003:00000214 00000008 C=BSS     S=_BSS     G=DGROUP   M=C:\PROGRAM FILES\BORLAND\BDS\4.0\LIB\DEBUG\RTL.LIB|SyncObjs ACBP=A9
 0003:0000021C 00000A24 C=BSS     S=_BSS     G=DGROUP   M=C:\PROGRAM FILES\BORLAND\BDS\4.0\LIB\DEBUG\RTL.LIB|SysUtils ACBP=A9
 0003:00000C40 00000004 C=BSS     S=_BSS     G=DGROUP   M=C:\PROGRAM FILES\BORLAND\BDS\4.0\LIB\DEBUG\RTL.LIB|SysConst ACBP=A9
 0003:00000C44 0000005C C=BSS     S=_BSS     G=DGROUP   M=C:\PROGRAM FILES\BORLAND\BDS\4.0\LIB\DEBUG\RTL.LIB|VarUtils ACBP=A9
 0003:00000CA0 00000040 C=BSS     S=_BSS     G=DGROUP   M=C:\PROGRAM FILES\BORLAND\BDS\4.0\LIB\DEBUG\RTL.LIB|Variants ACBP=A9
 0003:00000CE0 00002804 C=BSS     S=_BSS     G=DGROUP   M=C:\PROGRAM FILES\BORLAND\BDS\4.0\LIB\DEBUG\RTL.LIB|System ACBP=A9
 0003:000034E4 00000008 C=BSS     S=_BSS     G=DGROUP   M=C:\PROGRAM FILES\BORLAND\BDS\4.0\LIB\DEBUG\VCL.LIB|Themes ACBP=A9
 0003:000034EC 00000004 C=BSS     S=_BSS     G=DGROUP   M=C:\PROGRAM FILES\BORLAND\BDS\4.0\LIB\DEBUG\VCL.LIB|Consts ACBP=A9
 0003:000034F0 00000004 C=BSS     S=_BSS     G=DGROUP   M=C:\PROGRAM FILES\BORLAND\BDS\4.0\LIB\DEBUG\VCL.LIB|GraphUtil ACBP=A9
 0003:000034F4 00000004 C=BSS     S=_BSS     G=DGROUP   M=C:\PROGRAM FILES\BORLAND\BDS\4.0\LIB\DEBUG\VCL.LIB|StdActns ACBP=A9
 0003:000034F8 0000000C C=BSS     S=_BSS     G=DGROUP   M=C:\PROGRAM FILES\BORLAND\BDS\4.0\LIB\DEBUG\VCL.LIB|ImgList ACBP=A9
 0003:00003504 00000004 C=BSS     S=_BSS     G=DGROUP   M=C:\PROGRAM FILES\BORLAND\BDS\4.0\LIB\DEBUG\VCL.LIB|ActnList ACBP=A9
 0003:00003508 00000004 C=BSS     S=_BSS     G=DGROUP   M=C:\PROGRAM FILES\BORLAND\BDS\4.0\LIB\DEBUG\VCL.LIB|StdCtrls ACBP=A9
 0003:0000350C 00000004 C=BSS     S=_BSS     G=DGROUP   M=C:\PROGRAM FILES\BORLAND\BDS\4.0\LIB\DEBUG\VCL.LIB|Printers ACBP=A9
 0003:00003510 00000010 C=BSS     S=_BSS     G=DGROUP   M=C:\PROGRAM FILES\BORLAND\BDS\4.0\LIB\DEBUG\VCL.LIB|Menus ACBP=A9
 0003:00003520 00000060 C=BSS     S=_BSS     G=DGROUP   M=C:\PROGRAM FILES\BORLAND\BDS\4.0\LIB\DEBUG\VCL.LIB|Graphics ACBP=A9
 0003:00003580 00000024 C=BSS     S=_BSS     G=DGROUP   M=C:\PROGRAM FILES\BORLAND\BDS\4.0\LIB\DEBUG\VCL.LIB|Forms ACBP=A9
 0003:000035A4 00000008 C=BSS     S=_BSS     G=DGROUP   M=C:\PROGRAM FILES\BORLAND\BDS\4.0\LIB\DEBUG\VCL.LIB|ExtCtrls ACBP=A9
 0003:000035AC 00000040 C=BSS     S=_BSS     G=DGROUP   M=C:\PROGRAM FILES\BORLAND\BDS\4.0\LIB\DEBUG\VCL.LIB|Dialogs ACBP=A9
 0003:000035EC 00000088 C=BSS     S=_BSS     G=DGROUP   M=C:\PROGRAM FILES\BORLAND\BDS\4.0\LIB\DEBUG\VCL.LIB|Controls ACBP=A9
 0003:00003674 0000000C C=BSS     S=_BSS     G=DGROUP   M=C:\PROGRAM FILES\BORLAND\BDS\4.0\LIB\DEBUG\VCL.LIB|Clipbrd ACBP=A9
 0003:00003680 00000010 C=BSS     S=_BSS     G=DGROUP   M=C:\PROGRAM FILES\BORLAND\BDS\4.0\LIB\CP32MT.LIB|ios ACBP=A9
 0003:00003680 00000248 C=BSS     S=_BSS     G=DGROUP   M=C:\PROGRAM FILES\BORLAND\BDS\4.0\LIB\CP32MT.LIB|iostream ACBP=A9
 0003:000038C8 00000008 C=BSS     S=_BSS     G=DGROUP   M=C:\PROGRAM FILES\BORLAND\BDS\4.0\LIB\CP32MT.LIB|dwlocale ACBP=A9
 0003:000038D0 00000010 C=BSS     S=_BSS     G=DGROUP   M=C:\PROGRAM FILES\BORLAND\BDS\4.0\LIB\CP32MT.LIB|locale0 ACBP=A9
 0003:000038E0 00000004 C=BSS     S=_BSS     G=DGROUP   M=C:\PROGRAM FILES\BORLAND\BDS\4.0\LIB\CP32MT.LIB|newop ACBP=A9
 0003:000038E4 00000238 C=BSS     S=_BSS     G=DGROUP   M=C:\PROGRAM FILES\BORLAND\BDS\4.0\LIB\CP32MT.LIB|wiostrea ACBP=A9
 0003:00003B18 00000008 C=BSS     S=_BSS     G=DGROUP   M=C:\PROGRAM FILES\BORLAND\BDS\4.0\LIB\CP32MT.LIB|xstart ACBP=A9
 0003:00003B20 00000010 C=BSS     S=_BSS     G=DGROUP   M=C:\PROGRAM FILES\BORLAND\BDS\4.0\LIB\CP32MT.LIB|xsyslock ACBP=A9
 0003:00003B30 0000001C C=BSS     S=_BSS     G=DGROUP   M=C:\PROGRAM FILES\BORLAND\BDS\4.0\LIB\CP32MT.LIB|hrdir_b ACBP=A9
 0003:00003B4C 00000408 C=BSS     S=_BSS     G=DGROUP   M=C:\PROGRAM FILES\BORLAND\BDS\4.0\LIB\CP32MT.LIB|xxtype ACBP=A9
 0003:00003F54 00000008 C=BSS     S=_BSS     G=DGROUP   M=C:\PROGRAM FILES\BORLAND\BDS\4.0\LIB\CP32MT.LIB|xxv ACBP=A9
 0003:00003F5C 00000008 C=BSS     S=_BSS     G=DGROUP   M=C:\PROGRAM FILES\BORLAND\BDS\4.0\LIB\CP32MT.LIB|except ACBP=A9
 0003:00003F64 00000190 C=BSS     S=_BSS     G=DGROUP   M=C:\PROGRAM FILES\BORLAND\BDS\4.0\LIB\CP32MT.LIB|files2 ACBP=A9
 0003:000040F4 00000008 C=BSS     S=_BSS     G=DGROUP   M=C:\PROGRAM FILES\BORLAND\BDS\4.0\LIB\CP32MT.LIB|handles ACBP=A9
 0003:000040FC 00000001 C=BSS     S=_BSS     G=DGROUP   M=C:\PROGRAM FILES\BORLAND\BDS\4.0\LIB\CP32MT.LIB|lgetc ACBP=A9
 0003:00004100 00000002 C=BSS     S=_BSS     G=DGROUP   M=C:\PROGRAM FILES\BORLAND\BDS\4.0\LIB\CP32MT.LIB|lgetwc ACBP=A9
 0003:00004102 00000002 C=BSS     S=_BSS     G=DGROUP   M=C:\PROGRAM FILES\BORLAND\BDS\4.0\LIB\CP32MT.LIB|mkname ACBP=A9
 0003:00004104 00000008 C=BSS     S=_BSS     G=DGROUP   M=C:\PROGRAM FILES\BORLAND\BDS\4.0\LIB\CP32MT.LIB|streams ACBP=A9
 0003:0000410C 00000108 C=BSS     S=_BSS     G=DGROUP   M=C:\PROGRAM FILES\BORLAND\BDS\4.0\LIB\CP32MT.LIB|mbctype ACBP=A9
 0003:00004214 00000100 C=BSS     S=_BSS     G=DGROUP   M=C:\PROGRAM FILES\BORLAND\BDS\4.0\LIB\CP32MT.LIB|assert ACBP=A9
 0003:00004314 00000019 C=BSS     S=_BSS     G=DGROUP   M=C:\PROGRAM FILES\BORLAND\BDS\4.0\LIB\CP32MT.LIB|ermsghlp ACBP=A9
 0003:00004330 0000000C C=BSS     S=_BSS     G=DGROUP   M=C:\PROGRAM FILES\BORLAND\BDS\4.0\LIB\CP32MT.LIB|setargv ACBP=A9
 0003:0000433C 00000004 C=BSS     S=_BSS     G=DGROUP   M=C:\PROGRAM FILES\BORLAND\BDS\4.0\LIB\CP32MT.LIB|hsargv ACBP=A9
 0003:00004340 00000004 C=BSS     S=_BSS     G=DGROUP   M=C:\PROGRAM FILES\BORLAND\BDS\4.0\LIB\CP32MT.LIB|whsargv ACBP=A9
 0003:00004344 00000010 C=BSS     S=_BSS     G=DGROUP   M=C:\PROGRAM FILES\BORLAND\BDS\4.0\LIB\CP32MT.LIB|setenvp ACBP=A9
 0003:00004354 00000044 C=BSS     S=_BSS     G=DGROUP   M=C:\PROGRAM FILES\BORLAND\BDS\4.0\LIB\CP32MT.LIB|globals ACBP=A9
 0003:00004398 00000008 C=BSS     S=_BSS     G=DGROUP   M=C:\PROGRAM FILES\BORLAND\BDS\4.0\LIB\CP32MT.LIB|thrddata ACBP=A9
 0003:000043A0 00003004 C=BSS     S=_BSS     G=DGROUP   M=C:\PROGRAM FILES\BORLAND\BDS\4.0\LIB\CP32MT.LIB|_lock ACBP=A9
 0003:000073A4 00000010 C=BSS     S=_BSS     G=DGROUP   M=C:\PROGRAM FILES\BORLAND\BDS\4.0\LIB\CP32MT.LIB|xx ACBP=A9
 0004:00000000 00000008 C=TLS     S=_TLS     G=DGROUP   M=C:\PROGRAM FILES\BORLAND\BDS\4.0\LIB\DEBUG\RTL.LIB|Classes ACBP=A9
 0004:00000008 00000004 C=TLS     S=_TLS     G=DGROUP   M=C:\PROGRAM FILES\BORLAND\BDS\4.0\LIB\DEBUG\RTL.LIB|SyncObjs ACBP=A9
 0004:00000008 00000008 C=TLS     S=_TLS     G=DGROUP   M=C:\PROGRAM FILES\BORLAND\BDS\4.0\LIB\DEBUG\RTL.LIB|System ACBP=A9
 0004:00000010 00000030 C=TLS     S=_TLS     G=DGROUP   M=C:\PROGRAM FILES\BORLAND\BDS\4.0\LIB\DEBUG\VCL.LIB|GraphUtil ACBP=A9
 0004:00000040 0000009C C=TLS     S=_TLS     G=DGROUP   M=C:\PROGRAM FILES\BORLAND\BDS\4.0\LIB\CP32MT.LIB|xxv ACBP=A9
 0004:000000DC 00000008 C=TLS     S=_TLS     G=DGROUP   M=C:\PROGRAM FILES\BORLAND\BDS\4.0\LIB\CP32MT.LIB|tls ACBP=A9

 Address Publics by Name

 0002:0000509C  @std@%basic_filebuf$b19std@%char_traits$b%%@3
 0002:00003E34  @std@%basic_filebuf$c19std@%char_traits$c%%@3
 0002:0000500C  @std@%basic_ios$b19std@%char_traits$b%%@3
 0002:00003DA4  @std@%basic_ios$c19std@%char_traits$c%%@3
 0002:00005080  @std@%basic_istream$b19std@%char_traits$b%%@3
 0002:00003E18  @std@%basic_istream$c19std@%char_traits$c%%@3
 0002:00005064  @std@%basic_ostream$b19std@%char_traits$b%%@3
 0002:00003DFC  @std@%basic_ostream$c19std@%char_traits$c%%@3
 0002:0000501C  @std@%basic_streambuf$b19std@%char_traits$b%%@3
 0002:00003DB4  @std@%basic_streambuf$c19std@%char_traits$c%%@3
 0002:0000526C  @std@%codecvt$bci%@3
 0002:000040C0  @std@%codecvt$cci%@3
 0002:00004FCC  @std@%ctype$b%@3
 0002:00003D60  @std@%ctype$c%@3
 0002:000046A8  @std@_Fac_deletable@3
 0002:00004270  @std@bad_alloc@3
 0002:00003D90  @std@bad_cast@3
 0002:00005B10  @std@bad_typeid@3
 0002:000040A4  @std@codecvt_base@3
 0002:00003D50  @std@ctype_base@3
 0002:00003090  @std@exception@3
 0002:0000356C  @std@ios_base@3
 0002:00003558  @std@ios_base@failure@3
 0002:000049B0  @std@length_error@3
 0002:00004284  @std@locale@_Locimp@3
 0002:0000358C  @std@locale@facet@3
 0002:0000499C  @std@logic_error@3
 0002:00004988  @std@out_of_range@3
 0002:00003544  @std@runtime_error@3
 0002:00005B24  @std@type_info@3
 0002:00005B00  @type_info_hash@3
 0003:000001A4  Activex::B134_2
 0003:00003504  Actnlist::B248_2
 0001:00028C08  Actnlist::TActionLink::
 0001:000287E0  Actnlist::TContainedAction::
 0001:00028B00  Actnlist::TCustomAction::
 0001:00028904  Actnlist::TCustomActionList::
 0001:000289E4  Actnlist::TShortCutList::
 0003:0000001C  Callstack::B6_2
 0003:00000024  Callstack::B6_3
 0001:0000115C  Callstack::C6_0
 0002:000003D0  Callstack::D6_1
 0002:000018DC  Classes::AddDataModule
 0002:000018EC  Classes::ApplicationHandleException
 0002:000018F4  Classes::ApplicationShowException
 0003:000001B0  Classes::B146_2
 0002:00001908  Classes::CreateVCLComObjectProc
 0002:000018DC  Classes::D146_1
 0001:00007E54  Classes::EBitsError::
 0001:00007D44  Classes::EClassNotFound::
 0001:00007F0C  Classes::EComponentError::
 0001:00007B88  Classes::EFCreateError::
 0001:00007BE4  Classes::EFOpenError::
 0001:00007B28  Classes::EFileStreamError::
 0001:00007C3C  Classes::EFilerError::
 0001:00007FC4  Classes::EInvalidOperation::
 0001:00007DFC  Classes::EListError::
 0001:00007F68  Classes::EOutOfResources::
 0001:00007C94  Classes::EReadError::
 0001:00007DA0  Classes::EResNotFound::
 0001:00007ACC  Classes::EStreamError::
 0001:00007EAC  Classes::EStringListError::
 0001:00008B30  Classes::EThread::
 0001:00007CEC  Classes::EWriteError::
 0003:000001B0  Classes::GlobalNameSpace
 0003:000001B4  Classes::IsUniqueGlobalComponentNameProc
 0002:000018FC  Classes::RegisterComponentsProc
 0002:00001900  Classes::RegisterNoIconProc
 0002:00001904  Classes::RegisterNonActiveXProc
 0002:000018E4  Classes::RemoveDataModule
 0003:000001B8  Classes::SyncEvent
 0004:00000000  Classes::T146_3
 0001:00008E58  Classes::TBasicAction::
 0001:00008DD8  Classes::TBasicActionLink::
 0001:000080E0  Classes::TBits::
 0001:000089DC  Classes::TClassFinder::
 0001:00008C78  Classes::TComponent::
 0001:000086D0  Classes::TCustomMemoryStream::
 0001:00008648  Classes::TFileStream::
 0001:00008A38  Classes::TFiler::
 0001:000085D0  Classes::THandleStream::
 0001:00008224  Classes::TInterfacedPersistent::
 0001:00008024  Classes::TList::
 0001:0000874C  Classes::TMemoryStream::
 0001:00008134  Classes::TPersistent::
 0001:00008A9C  Classes::TReader::
 0001:000087C8  Classes::TResourceStream::
 0001:00008560  Classes::TStream::
 0001:00008954  Classes::TStreamAdapter::
 0001:00008448  Classes::TStringList::
 0001:00008310  Classes::TStrings::
 0001:00008088  Classes::TThreadList::
 0002:0000190C  Classes::WakeMainThread
 0001:000081D0  Classes::_16453
 0001:00008840  Classes::_16502
 0001:00008BD0  Classes::_16559
 0002:00001914  Classes::_16573
 0001:00009020  Classes::_16584
 0001:00009078  Classes::_16586
 0001:000090D0  Classes::_16588
 0001:000090F0  Classes::_16589
 0001:00009164  Classes::_16590
 0001:000091F8  Classes::_16591
 0001:0000925C  Classes::_16592
 0001:000092B0  Classes::_16593
 0001:00009348  Classes::_16595
 0001:000093A0  Classes::_16596
 0001:00009468  Classes::_16598
 0001:000094A0  Classes::_16600
 0001:000094D0  Classes::_16601
 0001:000095C0  Classes::_16602
 0001:00009628  Classes::_16604
 0001:000096B4  Classes::_16605
 0001:0000973C  Classes::_16606
 0001:000097A0  Classes::_16607
 0001:00009808  Classes::_16609
 0001:00009898  Classes::_16610
 0001:00009984  Classes::_16611
 0001:0000999C  Classes::_16612
 0001:000099CC  Classes::_16614
 0001:00009A24  Classes::_16615
 0001:00009A90  Classes::_16616
 0001:00009AA8  Classes::_16618
 0001:00009D34  Classes::_16623
 0001:00009D40  Classes::_16624
 0001:0000A004  Classes::_16642
 0001:0000A05C  Classes::_16644
 0001:0000A32C  Classes::_16655
 0001:0000A4EC  Classes::_16659
 0001:0000A79C  Classes::_16677
 0001:0000AE90  Classes::_16735
 0001:0000B670  Classes::_16817
 0001:0000B7F4  Classes::_16821
 0001:0000CE70  Classes::_16894
 0001:0000D110  Classes::_16905
 0001:0000DB5C  Classes::_16951
 0001:0000DDB0  Classes::_16958
 0001:0000DE28  Classes::_16960
 0001:0000DE88  Classes::_16962
 0001:0000DEFC  Classes::_16963
 0001:0000DF68  Classes::_16964
 0001:0000DF8C  Classes::_16965
 0001:0000E128  Classes::_16967
 0001:0000E164  Classes::_16968
 0001:0000E50C  Classes::_16976
 0001:0000E52C  Classes::_16977
 0001:0000E53C  Classes::_16978
 0001:0000E570  Classes::_16980
 0001:0000E8C0  Classes::_16991
 0001:0000EEC4  Classes::_17006
 0001:0000EEE8  Classes::_17007
 0001:0000EF34  Classes::_17008
 0001:0000EFBC  Classes::_17009
 0001:0000F044  Classes::_17010
 0001:0000F06C  Classes::_17011
 0001:0000F0D8  Classes::_17012
 0001:0000F1EC  Classes::_17013
 0001:0000F28C  Classes::_17014
 0001:0000FA78  Classes::_17029
 0001:0000FB78  Classes::_17030
 0002:00001918  Classes::_17032
 0001:0000FDD0  Classes::_17033
 0001:0000FE1C  Classes::_17034
 0001:0000FE64  Classes::_17035
 0001:0000FEC0  Classes::_17036
 0001:000102AC  Classes::_17038
 0001:000109C8  Classes::_17049
 0001:000109F4  Classes::_17050
 0001:00010A28  Classes::_17051
 0001:00010F78  Classes::_17065
 0002:00001920  Classes::_17188
 0001:00011610  Classes::_17189
 0001:00011648  Classes::_17190
 0001:00011664  Classes::_17191
 0001:00011674  Classes::_17192
 0001:00012F94  Classes::_17325
 0001:00013010  Classes::_17326
 0001:00013024  Classes::_17350
 0001:00013044  Classes::_17351
 0002:00001924  Classes::_17352
 0002:00001928  Classes::_17355
 0001:0001316C  Classes::_17356
 0003:00003674  Clipbrd::B322_1
 0003:00003676  Clipbrd::CF_COMPONENT
 0003:00003674  Clipbrd::CF_PICTURE
 0003:00000198  Commctrl::B124_1
 0003:00000194  Commdlg::B122_1
 0003:000034EC  Consts::B228_1
 0001:FFC0EF8F  Consts::_16400
 0001:FFC0EF70  Consts::_16402
 0001:FFC0EF71  Consts::_16414
 0001:FFC0EF72  Consts::_16420
 0001:FFC0EF73  Consts::_16422
 0001:FFC0EF74  Consts::_16424
 0001:FFC0EF75  Consts::_16426
 0001:FFC0EF76  Consts::_16432
 0001:FFC0EF77  Consts::_16436
 0001:FFC0EF78  Consts::_16438
 0001:FFC0EF79  Consts::_16440
 0001:FFC0EF7A  Consts::_16442
 0001:FFC0EF7B  Consts::_16446
 0001:FFC0EF7C  Consts::_16450
 0001:FFC0EF7D  Consts::_16452
 0001:FFC0EF7E  Consts::_16456
 0001:FFC0EF7F  Consts::_16458
 0001:FFC0EF60  Consts::_16460
 0001:FFC0EF61  Consts::_16466
 0001:FFC0EF62  Consts::_16468
 0001:FFC0EF63  Consts::_16470
 0001:FFC0EF64  Consts::_16472
 0001:FFC0EF65  Consts::_16484
 0001:FFC0EF66  Consts::_16488
 0001:FFC0EF67  Consts::_16492
 0001:FFC0EF68  Consts::_16514
 0001:FFC0EF69  Consts::_16584
 0001:FFC0EF6A  Consts::_16586
 0001:FFC0EF6B  Consts::_16588
 0001:FFC0EF6C  Consts::_16590
 0001:FFC0EF6D  Consts::_16592
 0001:FFC0EF6E  Consts::_16594
 0001:FFC0EF6F  Consts::_16596
 0001:FFC0EF50  Consts::_16598
 0001:FFC0EF51  Consts::_16600
 0001:FFC0EF52  Consts::_16606
 0001:FFC0EF53  Consts::_16608
 0001:FFC0EF54  Consts::_16610
 0001:FFC0EF55  Consts::_16612
 0001:FFC0EF56  Consts::_16614
 0001:FFC0EF57  Consts::_16616
 0001:FFC0EF58  Consts::_16618
 0001:FFC0EF59  Consts::_16620
 0001:FFC0EF5A  Consts::_16622
 0001:FFC0EF5B  Consts::_16624
 0001:FFC0EF5C  Consts::_16626
 0001:FFC0EF5D  Consts::_16628
 0001:FFC0EF5E  Consts::_16630
 0001:FFC0EF5F  Consts::_16632
 0001:FFC0EF40  Consts::_16634
 0001:FFC0EF41  Consts::_16636
 0001:FFC0EF42  Consts::_16638
 0001:FFC0EF43  Consts::_16640
 0001:FFC0EF44  Consts::_16642
 0001:FFC0EF45  Consts::_16644
 0001:FFC0EF46  Consts::_16646
 0001:FFC0EF47  Consts::_16648
 0001:FFC0EF48  Consts::_16650
 0001:FFC0EF49  Consts::_16652
 0001:FFC0EF4A  Consts::_16690
 0001:FFC0EF4B  Consts::_16696
 0001:FFC0EF4C  Consts::_16714
 0001:FFC0EF4D  Consts::_16800
 0001:FFC0EF4E  Consts::_16802
 0001:FFC0EF4F  Consts::_16804
 0001:FFC0EF30  Consts::_16806
 0001:FFC0EF31  Consts::_16808
 0001:00025C0C  Consts::_SCannotDragForm
 0001:00025BAC  Consts::_SCannotFocus
 0001:00025BCC  Consts::_SCannotShowModal
 0001:00025B54  Consts::_SChangeIconSize
 0001:00025C04  Consts::_SControlParentSetToSelf
 0001:00025D3C  Consts::_SDockTreeRemoveError
 0001:00025D4C  Consts::_SDockZoneHasNoCtl
 0001:00025D44  Consts::_SDockZoneNotFound
 0001:00025D54  Consts::_SDockZoneVersionConflict
 0001:00025D34  Consts::_SDockedCtlNeedsName
 0001:00025D2C  Consts::_SDuplicateMenus
 0001:00025BF4  Consts::_SGroupIndexTooLow
 0001:00025D1C  Consts::_SIconToClipboard
 0001:00025B84  Consts::_SImageIndexError
 0001:00025B8C  Consts::_SImageReadFail
 0001:00025B94  Consts::_SImageWriteFail
 0001:00025B44  Consts::_SInvalidBitmap
 0001:00025B4C  Consts::_SInvalidIcon
 0001:00025B7C  Consts::_SInvalidImageList
 0001:00025B74  Consts::_SInvalidImageSize
 0001:00025D24  Consts::_SInvalidMemoSize
 0001:00025BBC  Consts::_SMDIChildNotVisible
 0001:00025BD4  Consts::_SMenuIndexError
 0001:00025BE4  Consts::_SMenuNotFound
 0001:00025BDC  Consts::_SMenuReinserted
 0001:00025C5C  Consts::_SMsgDlgAbort
 0001:00025C74  Consts::_SMsgDlgAll
 0001:00025C4C  Consts::_SMsgDlgCancel
 0001:00025C2C  Consts::_SMsgDlgConfirm
 0001:00025C1C  Consts::_SMsgDlgError
 0001:00025C54  Consts::_SMsgDlgHelp
 0001:00025C6C  Consts::_SMsgDlgIgnore
 0001:00025C24  Consts::_SMsgDlgInformation
 0001:00025C3C  Consts::_SMsgDlgNo
 0001:00025C7C  Consts::_SMsgDlgNoToAll
 0001:00025C44  Consts::_SMsgDlgOK
 0001:00025C64  Consts::_SMsgDlgRetry
 0001:00025C14  Consts::_SMsgDlgWarning
 0001:00025C34  Consts::_SMsgDlgYes
 0001:00025C84  Consts::_SMsgDlgYesToAll
 0001:00025B6C  Consts::_SNoCanvasHandle
 0001:00025BFC  Consts::_SNoMDIForm
 0001:00025BEC  Consts::_SNoTimers
 0001:00025B64  Consts::_SOutOfResources
 0001:00025BB4  Consts::_SParentRequired
 0001:00025B5C  Consts::_SUnknownClipboardFormat
 0001:00025BC4  Consts::_SVisibleChanged
 0001:00025BA4  Consts::_SWindowClass
 0001:00025B9C  Consts::_SWindowDCError
 0001:00025D14  Consts::_SmkcAlt
 0001:00025C8C  Consts::_SmkcBkSp
 0001:00025D0C  Consts::_SmkcCtrl
 0001:00025CFC  Consts::_SmkcDel
 0001:00025CEC  Consts::_SmkcDown
 0001:00025CC4  Consts::_SmkcEnd
 0001:00025CA4  Consts::_SmkcEnter
 0001:00025C9C  Consts::_SmkcEsc
 0001:00025CCC  Consts::_SmkcHome
 0001:00025CF4  Consts::_SmkcIns
 0001:00025CD4  Consts::_SmkcLeft
 0001:00025CBC  Consts::_SmkcPgDn
 0001:00025CB4  Consts::_SmkcPgUp
 0001:00025CE4  Consts::_SmkcRight
 0001:00025D04  Consts::_SmkcShift
 0001:00025CAC  Consts::_SmkcSpace
 0001:00025C94  Consts::_SmkcTab
 0001:00025CDC  Consts::_SmkcUp
 0003:00000208  Contnrs::B187_2
 0001:00014534  Contnrs::TObjectList::
 0001:0001459C  Contnrs::TOrderedList::
 0001:00014604  Contnrs::TStack::
 0002:00002F0C  Controls::AnchorAlign
 0002:00002F00  Controls::AnimateWindowProc
 0003:000035EC  Controls::B315_2
 0002:00002F04  Controls::CreationControl
 0002:00002F00  Controls::D315_1
 0002:00002F08  Controls::DefaultDockTreeClass
 0003:000035F0  Controls::IsVCLControlHook
 0003:000035EC  Controls::Mouse
 0003:000035F8  Controls::NewStyleControls
 0001:00051F50  Controls::TBaseDragControlObject::
 0001:000532DC  Controls::TControl::
 0001:00052420  Controls::TControlActionLink::
 0001:00052298  Controls::TControlCanvas::
 0001:00053F80  Controls::TCustomControl::
 0001:00052338  Controls::TCustomControlAction::
 0001:000543C8  Controls::TDockTree::
 0001:0005427C  Controls::TDockZone::
 0001:00052014  Controls::TDragControlObject::
 0001:000520A0  Controls::TDragControlObjectEx::
 0001:00052130  Controls::TDragDockObject::
 0001:000521F8  Controls::TDragDockObjectEx::
 0001:00051E2C  Controls::TDragObject::
 0001:00051ED0  Controls::TDragObjectEx::
 0001:000540EC  Controls::THintWindow::
 0001:00052870  Controls::TMargins::
 0001:0005446C  Controls::TMouse::
 0001:00052988  Controls::TPadding::
 0001:00052724  Controls::TSizeConstraints::
 0001:00053B70  Controls::TWinControl::
 0001:0005374C  Controls::TWinControlActionLink::
 0001:000542D4  Controls::_16489
 0001:000545CC  Controls::_16519
 0002:00002F14  Controls::_16524
 0001:00054710  Controls::_16525
 0002:00002FC4  Controls::_16534
 0001:00054AA0  Controls::_16538
 0001:00054B08  Controls::_16540
 0001:00054B5C  Controls::_16541
 0001:00054B9C  Controls::_16542
 0001:00054C30  Controls::_16543
 0001:00054C78  Controls::_16544
 0001:00055394  Controls::_16575
 0001:00055514  Controls::_16583
 0001:000555A8  Controls::_16584
 0001:0005576C  Controls::_16585
 0001:000557B8  Controls::_16586
 0001:00055918  Controls::_16587
 0001:00055988  Controls::_16588
 0001:000559F0  Controls::_16589
 0001:00055A68  Controls::_16590
 0001:00055AAC  Controls::_16591
 0001:00055B18  Controls::_16592
 0001:00055B68  Controls::_16593
 0001:00055C38  Controls::_16594
 0001:00055F84  Controls::_16595
 0001:0005612C  Controls::_16596
 0001:00056310  Controls::_16597
 0001:0005679C  Controls::_16602
 0001:000567D4  Controls::_16603
 0001:0005684C  Controls::_16605
 0001:00056908  Controls::_16606
 0001:000591A8  Controls::_16722
 0001:0005AA2C  Controls::_16778
 0001:0005AA6C  Controls::_16779
 0001:0005BAD8  Controls::_16820
 0001:0005BFC4  Controls::_16833
 0001:0005D010  Controls::_16873
 0001:0005D098  Controls::_16874
 0001:0005D1EC  Controls::_16875
 0001:0005D240  Controls::_16877
 0001:0005D3F8  Controls::_16878
 0001:0005E2FC  Controls::_16904
 0001:0005E334  Controls::_16905
 0001:0005E75C  Controls::_16913
 0001:0005EC14  Controls::_16921
 0001:0005F690  Controls::_16927
 0001:000612F8  Controls::_16992
 0002:00002FC8  Controls::_17014
 0002:00002FCC  Controls::_17044
 0001:00063194  Controls::_17082
 0002:00002FD0  Controls::_17094
 0002:00002FE0  Controls::_17095
 0002:00002FF0  Controls::_17096
 0002:00003000  Controls::_17097
 0002:00003008  Controls::_17128
 0001:00064BC8  Controls::_17135
 0001:0006509C  Controls::_17152
 0001:000650D0  Controls::_17153
 0001:00065678  Controls::_17165
 0001:000658A8  Controls::_17169
 0001:00065C88  Controls::_17180
 0001:00065D2C  Controls::_17182
 0002:00003014  Controls::_17186
 0002:0000301C  Controls::_17187
 0001:00066690  Controls::_17193
 0002:00003024  Controls::_17195
 0001:00066854  Controls::_17196
 0001:00066C44  Controls::_17198
 0001:00066CDC  Controls::_17199
 0001:00066D70  Controls::_17200
 0001:0006725C  Controls::_17204
 0001:000678C4  Controls::_17210
 0001:00067950  Controls::_17211
 0001:00067C48  Controls::_17213
 0001:00068050  Controls::_17223
 0001:00068180  Controls::_17225
 0001:00068208  Controls::_17226
 0001:000682A4  Controls::_17227
 0002:00003028  Controls::_17229
 0001:00068A7C  Controls::_17236
 0002:00003030  Controls::_17254
 0001:000690B0  Controls::_17255
 0002:00003034  Controls::_17257
 0001:0006947C  Controls::_17275
 0001:00069504  Controls::_17276
 0001:000746C4  DefaultAllocMem
 0001:000746C0  DefaultRegisterAndUnregisterExpectedMemoryLeak
 0003:000035AC  Dialogs::B311_2
 0001:000515E8  Dialogs::TCommonDialog::
 0002:00002E8C  Dialogs::_16435
 0002:00002E90  Dialogs::_16436
 0002:00002E94  Dialogs::_16548
 0002:00002EA8  Dialogs::_16551
 0001:00051B08  Dialogs::_16552
 0002:00002ED4  Dialogs::_16553
 0001:00051BAC  Dialogs::_16570
 0001:00051C44  Dialogs::_16571
 0003:00000190  Dlgs::B116_1
 0001:00050864  ExtCtrls::_16487
 0002:00002E6C  ExtCtrls::_16529
 0002:00002E74  ExtCtrls::_16536
 0002:00002E80  ExtCtrls::_16537
 0001:00050F78  ExtCtrls::_16538
 0003:000035A4  Extctrls::B305_2
 0001:0004FC48  Extctrls::TCustomPanel::
 0003:000035A4  Extctrls::TCustomTrayIcon::RM_TaskbarCreated
 0001:0004FDD4  Extctrls::TPanel::
 0001:0004FB34  Extctrls::TTimer::
 0001:000061C8  FlatSB::_16389
 0003:0000015C  Flatsb::B114_1
 0003:0000015C  Flatsb::FlatSB_EnableScrollBar
 0003:00000168  Flatsb::FlatSB_GetScrollInfo
 0003:0000016C  Flatsb::FlatSB_GetScrollPos
 0003:00000164  Flatsb::FlatSB_GetScrollRange
 0003:00000174  Flatsb::FlatSB_SetScrollInfo
 0003:00000170  Flatsb::FlatSB_SetScrollPos
 0003:00000178  Flatsb::FlatSB_SetScrollRange
 0003:00000160  Flatsb::FlatSB_ShowScrollBar
 0003:00003580  Forms::Application
 0003:00003580  Forms::B295_2
 0002:00002D38  Forms::Ctl3DCtlColorEx
 0002:00002D34  Forms::Ctl3DDlgFramePaint
 0002:00002D34  Forms::D295_1
 0002:00002D40  Forms::HintWindowClass
 0003:00003584  Forms::Screen
 0002:00002D3C  Forms::SetLayeredWindowAttributes
 0001:00040CB8  Forms::TApplication::
 0001:0003E390  Forms::TControlScrollBar::
 0001:00040974  Forms::TCustomDockForm::
 0001:0003F70C  Forms::TCustomForm::
 0001:0003FA88  Forms::TForm::
 0001:00040B5C  Forms::TMonitor::
 0001:00040BB4  Forms::TScreen::
 0001:0003E8FC  Forms::TScrollBox::
 0001:0003E62C  Forms::TScrollingWinControl::
 0002:00002D44  Forms::_16448
 0002:00002D48  Forms::_16449
 0001:00040DD0  Forms::_16452
 0002:00002D4C  Forms::_16453
 0002:00002D50  Forms::_16454
 0002:00002D54  Forms::_16455
 0002:00002D58  Forms::_16456
 0002:00002D5C  Forms::_16457
 0001:00040E3C  Forms::_16458
 0001:00040E74  Forms::_16459
 0001:00041000  Forms::_16463
 0001:00041078  Forms::_16464
 0001:000410CC  Forms::_16465
 0001:00041108  Forms::_16466
 0001:00041168  Forms::_16468
 0001:00041398  Forms::_16483
 0001:00041638  Forms::_16490
 0001:000416DC  Forms::_16491
 0001:00041880  Forms::_16494
 0001:000418C4  Forms::_16495
 0001:000419FC  Forms::_16499
 0002:00002D60  Forms::_16501
 0002:00002D68  Forms::_16506
 0002:00002D70  Forms::_16514
 0002:00002D98  Forms::_16516
 0001:00042150  Forms::_16517
 0002:00002DA4  Forms::_16544
 0001:00044A0C  Forms::_16602
 0001:00044A58  Forms::_16603
 0001:00045634  Forms::_16619
 0002:00002DAC  Forms::_16625
 0002:00002DB4  Forms::_16645
 0001:0004652C  Forms::_16648
 0001:00046DD8  Forms::_16652
 0001:0004774C  Forms::_16666
 0001:00047BB0  Forms::_16678
 0002:00002DC0  Forms::_16693
 0001:000484F4  Forms::_16698
 0001:00048548  Forms::_16699
 0001:00048598  Forms::_16700
 0001:00048858  Forms::_16703
 0002:00002DCC  Forms::_16709
 0001:00049940  Forms::_16728
 0001:00049AB4  Forms::_16733
 0001:00049AF0  Forms::_16734
 0001:00049BE4  Forms::_16736
 0001:00049C20  Forms::_16737
 0001:00049D14  Forms::_16739
 0002:00002DD8  Forms::_16744
 0002:00002DE0  Forms::_16745
 0002:00002DE8  Forms::_16799
 0001:0004B534  Forms::_16820
 0001:0004B5E4  Forms::_16821
 0001:0004B7EC  Forms::_16822
 0001:0004B968  Forms::_16823
 0001:0004BB04  Forms::_16828
 0001:0004BB54  Forms::_16829
 0001:0004BB9C  Forms::_16830
 0001:0004BBF0  Forms::_16831
 0001:0004BC50  Forms::_16832
 0001:0004BC94  Forms::_16833
 0001:0004BD10  Forms::_16834
 0001:0004BD6C  Forms::_16835
 0001:0004BDA4  Forms::_16836
 0001:0004BDD4  Forms::_16837
 0002:00002E3C  Forms::_16851
 0001:0004BF3C  Forms::_16852
 0001:0004C5DC  Forms::_16857
 0001:0004C8DC  Forms::_16865
 0001:0004CBBC  Forms::_16873
 0001:0004CBF8  Forms::_16874
 0001:0004DF3C  Forms::_16900
 0001:0004E7C0  Forms::_16916
 0002:00002E64  Forms::_16922
 0002:00002E68  Forms::_16923
 0001:0004EB08  Forms::_16924
 0001:0004EF34  Forms::_16933
 0001:0004EF48  Forms::_16934
 0001:0004F0CC  Forms::_16935
 0001:0004F134  Forms::_16936
 0001:0004F92C  Forms::_16947
 0001:0004FA7C  Forms::_16952
 0001:00025D94  GraphUtil::_16388
 0003:00003520  Graphics::B294_2
 0002:00002A58  Graphics::DDBsOnly
 0002:00002A28  Graphics::DefFontData
 0001:00035868  Graphics::EInvalidGraphic::
 0001:000358C4  Graphics::EInvalidGraphicOperation::
 0003:00003520  Graphics::SystemPalette16
 0001:00036324  Graphics::TBitmap::
 0001:000362C4  Graphics::TBitmapImage::
 0001:00035F30  Graphics::TBrush::
 0001:00035FF4  Graphics::TCanvas::
 0001:00035C90  Graphics::TFont::
 0001:00036178  Graphics::TGraphic::
 0001:00035BBC  Graphics::TGraphicsObject::
 0001:0003646C  Graphics::TIcon::
 0001:00036410  Graphics::TIconImage::
 0001:00035E30  Graphics::TPen::
 0001:00036264  Graphics::TSharedImage::
 0001:00036104  Graphics::_16426
 0001:00036548  Graphics::_16464
 0001:0003656C  Graphics::_16465
 0001:000365D4  Graphics::_16467
 0001:00036640  Graphics::_16469
 0001:00036654  Graphics::_16470
 0001:000366A8  Graphics::_16471
 0001:000366D8  Graphics::_16472
 0001:000366F0  Graphics::_16473
 0001:00036708  Graphics::_16474
 0001:0003680C  Graphics::_16475
 0001:000368EC  Graphics::_16476
 0001:00036970  Graphics::_16477
 0001:00036980  Graphics::_16478
 0001:00036A00  Graphics::_16479
 0001:00036A24  Graphics::_16480
 0002:00002A5C  Graphics::_16483
 0001:00036B6C  Graphics::_16484
 0002:00002BFC  Graphics::_16496
 0001:00037090  Graphics::_16497
 0001:00037294  Graphics::_16501
 0001:000375D4  Graphics::_16509
 0002:00002C8C  Graphics::_16526
 0002:00002C9C  Graphics::_16536
 0002:00002CB0  Graphics::_16544
 0002:00002CC0  Graphics::_16614
 0001:00038CF8  Graphics::_16620
 0001:00038D18  Graphics::_16621
 0001:00038D38  Graphics::_16622
 0001:00038D44  Graphics::_16623
 0001:00038D50  Graphics::_16625
 0001:00038DA4  Graphics::_16626
 0001:00038E50  Graphics::_16627
 0001:00038E74  Graphics::_16628
 0001:00038FE0  Graphics::_16629
 0001:0003931C  Graphics::_16632
 0001:00039390  Graphics::_16633
 0001:0003943C  Graphics::_16634
 0001:00039490  Graphics::_16635
 0001:000395BC  Graphics::_16636
 0001:00039664  Graphics::_16637
 0001:00039744  Graphics::_16638
 0001:000397AC  Graphics::_16639
 0001:00039970  Graphics::_16640
 0001:00039998  Graphics::_16641
 0001:00039A44  Graphics::_16642
 0001:00039D90  Graphics::_16644
 0001:00039EC4  Graphics::_16645
 0001:00039F60  Graphics::_16647
 0001:0003A050  Graphics::_16649
 0001:0003A054  Graphics::_16650
 0001:0003A06C  Graphics::_16651
 0001:0003A2FC  Graphics::_16656
 0002:00002CE0  Graphics::_16687
 0002:00002CE4  Graphics::_16688
 0002:00002CE8  Graphics::_16766
 0001:0003A6D0  Graphics::_16767
 0001:0003A744  Graphics::_16768
 0001:0003A818  Graphics::_16770
 0001:0003A8B4  Graphics::_16771
 0001:0003A904  Graphics::_16772
 0001:0003A940  Graphics::_16773
 0001:0003A9F0  Graphics::_16774
 0001:0003AC38  Graphics::_16785
 0001:0003AD08  Graphics::_16786
 0001:0003AD78  Graphics::_16787
 0001:0003B460  Graphics::_16789
 0002:00002CEC  Graphics::_16824
 0002:00002CF0  Graphics::_16839
 0002:00002CF4  Graphics::_16877
 0001:0003DB88  Graphics::_16878
 0001:0003DC20  Graphics::_16880
 0001:0003DDA0  Graphics::_16881
 0001:0003DDFC  Graphics::_16883
 0001:0003DE40  Graphics::_16884
 0001:0003DE78  Graphics::_16885
 0001:0003DE90  Graphics::_16886
 0001:0003DEA8  Graphics::_16887
 0001:0003DF74  Graphics::_16888
 0001:0003E094  Graphics::_16889
 0003:000034F0  Graphutil::B232_2
 0004:00000010  Graphutil::T232_3
 0002:00002450  Graphutil::WebNamedColors
 0001:00006730  HelpIntfs::_16398
 0001:00006858  HelpIntfs::_16399
 0001:000068CC  HelpIntfs::_16401
 0001:000068D4  HelpIntfs::_16403
 0001:000068DC  HelpIntfs::_16405
 0001:000068E4  HelpIntfs::_16407
 0001:000068EC  HelpIntfs::_16409
 0001:000068F4  HelpIntfs::_16411
 0001:00006968  HelpIntfs::_16416
 0001:000069F4  HelpIntfs::_16418
 0001:00006A4C  HelpIntfs::_16419
 0001:00006A90  HelpIntfs::_16420
 0001:00006C58  HelpIntfs::_16421
 0001:00006D88  HelpIntfs::_16422
 0001:00007008  HelpIntfs::_16423
 0001:000070A4  HelpIntfs::_16424
 0001:00007374  HelpIntfs::_16425
 0001:00007388  HelpIntfs::_16426
 0001:00007484  HelpIntfs::_16427
 0001:000074EC  HelpIntfs::_16428
 0001:000075B8  HelpIntfs::_16429
 0001:000076DC  HelpIntfs::_16430
 0001:000076F8  HelpIntfs::_16431
 0001:00007718  HelpIntfs::_16432
 0001:000077E8  HelpIntfs::_16433
 0003:000001A8  Helpintfs::B142_1
 0001:000066CC  Helpintfs::EHelpSystemException::
 0001:FFC0EFF0  Helpintfs::_16402
 0001:FFC0EFF1  Helpintfs::_16404
 0001:FFC0EFF2  Helpintfs::_16406
 0001:FFC0EFF3  Helpintfs::_16408
 0001:FFC0EFF4  Helpintfs::_16410
 0003:00000158  Imagehlp::B112_1
 0002:000028A0  ImgList::_16396
 0002:000028B0  ImgList::_16397
 0001:00026E44  ImgList::_16398
 0001:00026E80  ImgList::_16399
 0002:000028B8  ImgList::_16415
 0001:00027E8C  ImgList::_16464
 0001:00027FDC  ImgList::_16466
 0003:000034F8  Imglist::B246_2
 0001:00026CF0  Imglist::TChangeLink::
 0001:00026D6C  Imglist::TCustomImageList::
 0003:00000154  Imm::B110_1
 0002:00001964  IniFiles::_16421
 0001:000144CC  IniFiles::_16422
 0003:00000204  Inifiles::B181_2
 0003:00000014  Mainform::B5_2
 0003:00000018  Mainform::B5_3
 0003:00000200  Math::B177_2
 0003:00003510  Menus::B281_2
 0001:0002D898  Menus::EMenuError::
 0003:00003510  Menus::PopupList
 0003:00003514  Menus::ShortCutItems
 0001:0002E144  Menus::TMainMenu::
 0001:0002E048  Menus::TMenu::
 0001:0002DB4C  Menus::TMenuActionLink::
 0001:0002DC24  Menus::TMenuItem::
 0001:0002E738  Menus::TMenuItemStack::
 0001:0002E6CC  Menus::TPopupList::
 0001:0002E428  Menus::TPopupMenu::
 0002:00002934  Menus::ValidMenuHotkeys
 0001:0002E7A0  Menus::_16416
 0002:00002938  Menus::_16417
 0002:0000293C  Menus::_16418
 0002:00002940  Menus::_16419
 0002:00002944  Menus::_16420
 0001:0002E7D0  Menus::_16421
 0001:0002E818  Menus::_16422
 0001:0002E824  Menus::_16423
 0002:00002948  Menus::_16428
 0001:0002E89C  Menus::_16429
 0001:0002EB1C  Menus::_16431
 0001:0002ED4C  Menus::_16433
 0001:0002ED78  Menus::_16434
 0001:0002EDE4  Menus::_16435
 0002:00002990  Menus::_16463
 0002:00002998  Menus::_16464
 0002:000029A0  Menus::_16465
 0002:000029AC  Menus::_16466
 0002:000029B4  Menus::_16467
 0002:000029C0  Menus::_16468
 0002:000029C8  Menus::_16469
 0002:000029D0  Menus::_16470
 0002:000029D8  Menus::_16471
 0002:000029E0  Menus::_16472
[...]
 0002:00008D00  __odtbl__ __fastcall System::AnsiString::SubString(int, int) const
 0002:00008D58  __ectbl__ __fastcall System::AnsiString::SubString(int, int) const
 0002:00008D94  __odtbl__ __fastcall System::operator +(const char *, const System::AnsiString&)
 0002:00008DD4  __ectbl__ __fastcall System::operator +(const char *, const System::AnsiString&)
 0002:00008E10  __ectbl__ Sysutils::ERangeError::ERangeError(const Sysutils::ERangeError&)
 0002:00008E1C  __ectbl__ Sysutils::EIntError::EIntError(const Sysutils::EIntError&)
 0002:00008E28  __ectbl__ Sysutils::EExternal::EExternal(const Sysutils::EExternal&)
 0002:00008E34  __ectbl__ Sysutils::Exception::Exception(const Sysutils::Exception&)
 0002:00008E40  __ectbl__ System::TObject::TObject(const System::TObject&)
 0002:00008E4C  __odtbl__ __fastcall System::LoadResourceString(const System::TResStringRec * const)
 0002:00008E78  __ectbl__ __fastcall System::LoadResourceString(const System::TResStringRec * const)
 0002:00008E9C  d2429_1
 0002:00008EAC  __odtbl__ __stdcall __LateVCLInit()
 0002:00008EDC  __ectbl__ __stdcall __LateVCLInit()
 0002:00008F0C  __indStub:135
 0002:00008F10  __indStub:4012
 0002:00008F14  __indStub:3988
 0002:00008F18  __indStub:3971
 0002:00008F1C  __indStub:3970
 0002:00008F20  __indStub:3982
 0002:00008F24  __indStub:3999
 0002:00008F28  __indStub:3963
 0002:00008F2C  __indStub:3961
 0002:00008F30  __indStub:3969
 0002:00008F34  __indStub:4002
 0002:00008F38  __indStub:3973
 0002:00008F3C  __indStub:3979
 0002:00008F40  __indStub:3980
 0002:00008F44  __indStub:3978
 0002:00008F48  __indStub:4003
 0002:00008F4C  __indStub:3986
 0002:00008F50  __indStub:3983
 0002:00008F54  __indStub:3967
 0002:00008F58  __indStub:3968
 0002:00008F5C  __indStub:3966
 0002:00008F60  __indStub:3981
 0002:00008F64  __indStub:3985
 0002:00008F68  __indStub:3976
 0002:00008F6C  __indStub:3987
 0002:00008F70  __indStub:3965
 0002:00008F74  __indStub:3975
 0002:00008F78  __indStub:3974
 0002:00008F7C  __indStub:3962
 0002:00008F80  __indStub:3984
 0002:00008F84  __indStub:3977
 0002:00008F88  __indStub:4536
 0002:00008F8C  __indStub:4073
 0002:00008F90  __indStub:7025
 0002:00008F94  __indStub:7116
 0002:00008F98  __indStub:7088
 0002:00008F9C  __indStub:7081
 0002:00008FA0  __indStub:7082
 0002:00008FA4  __indStub:7083
 0002:00008FA8  __indStub:7084
 0002:00008FAC  __indStub:7085
 0002:00008FB0  __indStub:7086
 0002:00008FB4  __indStub:7087
 0002:00008FB8  __indStub:7089
 0002:00008FBC  __indStub:3960
 0002:00008FC0  __indStub:7090
 0002:00008FC4  __indStub:7091
 0002:00008FC8  __indStub:7092
 0002:00008FCC  __indStub:7093
 0002:00008FD0  __indStub:7094
 0002:00008FD4  __indStub:7117
 0002:00008FD8  __indStub:7095
 0002:00008FDC  __indStub:7115
 0002:00008FE0  __indStub:7096
 0002:00008FE4  __indStub:7099
 0002:00008FE8  __indStub:7098
 0002:00008FEC  __indStub:7097
 0002:00008FF0  __indStub:7078
 0002:00008FF4  __indStub:7079
 0002:00008FF8  __indStub:7028
 0002:00008FFC  __indStub:7029
 0002:00009000  __indStub:7102
 0002:00009004  __indStub:7112
 0002:00009008  __indStub:7113
 0002:0000900C  __indStub:7103
 0002:00009010  __indStub:7105
 0002:00009014  __indStub:7100
 0002:00009018  __indStub:7101
 0002:0000901C  __indStub:7104
 0002:00009020  __indStub:7107
 0002:00009024  __indStub:7106
 0002:00009028  __indStub:7108
 0002:0000902C  __indStub:7109
 0002:00009030  __indStub:7110
 0002:00009034  __indStub:7111
 0002:00009038  __indStub:7114
 0002:0000903C  __indStub:7123
 0002:00009040  __indStub:7124
 0002:00009044  __indStub:7040
 0002:00009048  __indStub:7041
 0002:0000904C  __indStub:7042
 0002:00009050  __indStub:7043
 0002:00009054  __indStub:7044
 0002:00009058  __indStub:7045
 0002:0000905C  __indStub:7046
 0002:00009060  __indStub:7047
 0002:00009064  __indStub:7048
 0002:00009068  __indStub:7049
 0002:0000906C  __indStub:7050
 0002:00009070  __indStub:7051
 0002:00009074  __indStub:7052
 0002:00009078  __indStub:7053
 0002:0000907C  __indStub:7054
 0002:00009080  __indStub:7055
 0002:00009084  __indStub:7056
 0002:00009088  __indStub:7057
 0002:0000908C  __indStub:7058
 0002:00009090  __indStub:7059
 0002:00009094  __indStub:7060
 0002:00009098  __indStub:7061
 0002:0000909C  __indStub:7062
 0002:000090A0  __indStub:7063
 0002:000090A4  __indStub:7064
 0002:000090A8  __indStub:7065
 0002:000090AC  __indStub:7066
 0002:000090B0  __indStub:7067
 0002:000090B4  __indStub:7068
 0002:000090B8  __indStub:7069
 0002:000090BC  __indStub:7070
 0002:000090C0  __indStub:7071
 0002:000090C4  __indStub:7072
 0002:000090C8  __indStub:7073
 0002:000090CC  __indStub:7074
 0002:000090D0  __indStub:7075
 0002:000090D4  __indStub:7076
 0002:000090D8  __indStub:7077
 0002:000090DC  __indStub:7339
 0002:000090E0  __indStub:7341
 0002:000090E4  __indStub:7346
 0002:000090E8  __indStub:7343
 0002:000090EC  __indStub:7305
 0002:000090F0  __indStub:7348
 0002:000090F4  __indStub:7352
 0002:000090F8  __indStub:7313
 0002:000090FC  __indStub:7956
 0002:00009100  __indStub:7957
 0002:00009104  __indStub:7958
 0002:00009108  __indStub:7209
 0002:0000910C  __indStub:7211
 0002:00009110  __indStub:7233
 0002:00009114  __indStub:7224
 0002:00009118  __indStub:7223
 0002:0000911C  __indStub:7226
 0002:00009120  __indStub:7227
 0002:00009124  __indStub:7225
 0002:00009128  __indStub:7228
 0002:0000912C  __indStub:7229
 0002:00009130  __indStub:7235
 0002:00009134  __indStub:4232
 0002:00009138  __indStub:98
 0002:0000913C  __indStub:100
 0002:00009140  __indStub:102
 0002:00009144  __indStub:101
 0002:00009148  __indStub:7219
 0002:0000914C  __indStub:6492
 0002:00009150  __indStub:6517
 0002:00009154  __indStub:6494
 0002:00009158  __indStub:6493
 0002:0000915C  __indStub:8419
 0002:00009160  __indStub:137
 0002:00009164  __indStub:12784
 0002:00009168  __indStub:3953
 0002:0000916C  __indStub:3945
 0002:00009170  __indStub:3946
 0002:00009174  __indStub:3947
 0002:00009178  __indStub:3948
 0002:0000917C  __indStub:8417
 0002:00009180  __indStub:8416
 0002:00009184  __indStub:3955
 0002:00009188  __indStub:14614
 0002:0000918C  __indStub:11873
 0002:00009190  __indStub:8418
 0002:00009194  __indStub:4449
 0002:00009198  __indStub:870
 0002:0000919C  __indStub:1738
 0002:000091A0  __indStub:1739
 0002:000091A4  __indStub:1742
 0002:000091A8  __indStub:1745
 0002:000091AC  __indStub:1945
 0002:000091B0  __indStub:1946
 0002:000091B4  __indStub:1947
 0002:000091B8  __indStub:1948
 0002:000091BC  __indStub:5597
 0002:000091C0  __indStub:5626
 0002:000091C4  __indStub:7571
 0002:000091C8  __indStub:7590
 0002:000091CC  __indStub:7591
 0002:000091D0  __indStub:7592
 0002:000091D4  __indStub:839
 0002:000091D8  __indStub:840
 0002:000091DC  __indStub:850
 0002:000091E0  __indStub:841
 0002:000091E4  __indStub:853
 0002:000091E8  __indStub:884
 0002:000091EC  __indStub:9200
 0002:000091F0  __indStub:9202
 0002:000091F4  __indStub:9214
 0002:000091F8  __indStub:9220
 0002:000091FC  __indStub:9222
 0002:00009200  __indStub:9224
 0002:00009204  __indStub:9242
 0002:00009208  __indStub:9246
 0002:0000920C  __indStub:9250
 0002:00009210  __indStub:9252
 0002:00009214  __indStub:9256
 0002:00009218  __indStub:9258
 0002:0000921C  __indStub:9260
 0002:00009220  __indStub:9266
 0002:00009224  __indStub:9268
 0002:00009228  __indStub:9270
 0002:0000922C  __indStub:9272
 0002:00009230  __indStub:9284
 0002:00009234  __indStub:9288
 0002:00009238  __indStub:9292
 0002:0000923C  __indStub:9314
 0002:00009240  __indStub:9384
 0002:00009244  __indStub:9386
 0002:00009248  __indStub:9388
 0002:0000924C  __indStub:9390
 0002:00009250  __indStub:9392
 0002:00009254  __indStub:9394
 0002:00009258  __indStub:9396
 0002:0000925C  __indStub:9398
 0002:00009260  __indStub:9400
 0002:00009264  __indStub:9406
 0002:00009268  __indStub:9408
 0002:0000926C  __indStub:9410
 0002:00009270  __indStub:9412
 0002:00009274  __indStub:9414
 0002:00009278  __indStub:9416
 0002:0000927C  __indStub:9418
 0002:00009280  __indStub:9420
 0002:00009284  __indStub:9422
 0002:00009288  __indStub:9424
 0002:0000928C  __indStub:9426
 0002:00009290  __indStub:9428
 0002:00009294  __indStub:9430
 0002:00009298  __indStub:9432
 0002:0000929C  __indStub:9434
 0002:000092A0  __indStub:9436
 0002:000092A4  __indStub:9438
 0002:000092A8  __indStub:9440
 0002:000092AC  __indStub:9442
 0002:000092B0  __indStub:9444
 0002:000092B4  __indStub:9446
 0002:000092B8  __indStub:9448
 0002:000092BC  __indStub:9450
 0002:000092C0  __indStub:9452
 0002:000092C4  __indStub:9490
 0002:000092C8  __indStub:9496
 0002:000092CC  __indStub:9514
 0002:000092D0  __indStub:9600
 0002:000092D4  __indStub:9602
 0002:000092D8  __indStub:9604
 0002:000092DC  __indStub:9606
 0002:000092E0  __indStub:9608
 0002:000092E4  __indStub:9226
 0002:000092E8  __indStub:9232
 0002:000092EC  __indStub:9236
 0002:000092F0  __indStub:9238
 0002:000092F4  __indStub:9240
 0003:00000000  Sysinit::B3_2
 0003:00000000  Sysinit::ModuleIsLib
 0003:00000001  Sysinit::ModuleIsPackage
 0003:00000002  Sysinit::ModuleIsCpp
 0003:00000003  Sysinit::TlsLast
 0003:00000004  Sysinit::HInstance
 0003:00000008  Sysinit::DllProc
 0003:00000014  _Form1
 0003:00000014  Mainform::B5_2
 0003:00000018  Mainform::B5_3
 0003:0000001C  _DummyDExit
 0003:0000001C  Callstack::B6_2
 0003:00000024  Callstack::B6_3
 0003:00000028  Winspool::B32_1
 0003:0000002C  Wininet::B36_1
 0003:00000030  Windows::B38_2
 0003:00000040  Uxtheme::OpenThemeData
 0003:00000040  Uxtheme::B46_1
 0003:00000044  Uxtheme::CloseThemeData
 0003:00000048  Uxtheme::DrawThemeBackground
 0003:0000004C  Uxtheme::DrawThemeText
 0003:00000050  Uxtheme::GetThemeBackgroundContentRect
 0003:00000054  Uxtheme::GetThemeBackgroundExtent
 0003:00000058  Uxtheme::GetThemePartSize
 0003:0000005C  Uxtheme::GetThemeTextExtent
 0003:00000060  Uxtheme::GetThemeTextMetrics
 0003:00000064  Uxtheme::GetThemeBackgroundRegion
 0003:00000068  Uxtheme::HitTestThemeBackground
 0003:0000006C  Uxtheme::DrawThemeEdge
 0003:00000070  Uxtheme::DrawThemeIcon
 0003:00000074  Uxtheme::IsThemePartDefined
 0003:00000078  Uxtheme::IsThemeBackgroundPartiallyTransparent
 0003:0000007C  Uxtheme::GetThemeColor
 0003:00000080  Uxtheme::GetThemeMetric
 0003:00000084  Uxtheme::GetThemeString
 0003:00000088  Uxtheme::GetThemeBool
 0003:0000008C  Uxtheme::GetThemeInt
 0003:00000090  Uxtheme::GetThemeEnumValue
 0003:00000094  Uxtheme::GetThemePosition
 0003:00000098  Uxtheme::GetThemeFont
 0003:0000009C  Uxtheme::GetThemeRect
 0003:000000A0  Uxtheme::GetThemeMargins
 0003:000000A4  Uxtheme::GetThemeIntList
 0003:000000A8  Uxtheme::GetThemePropertyOrigin
 0003:000000AC  Uxtheme::SetWindowTheme
 0003:000000B0  Uxtheme::GetThemeFilename
 0003:000000B4  Uxtheme::GetThemeSysColor
 0003:000000B8  Uxtheme::GetThemeSysColorBrush
 0003:000000BC  Uxtheme::GetThemeSysBool
 0003:000000C0  Uxtheme::GetThemeSysSize
 0003:000000C4  Uxtheme::GetThemeSysFont
 0003:000000C8  Uxtheme::GetThemeSysString
 0003:000000CC  Uxtheme::GetThemeSysInt
 0003:000000D0  Uxtheme::IsThemeActive
 0003:000000D4  Uxtheme::IsAppThemed
 0003:000000D8  Uxtheme::GetWindowTheme
 0003:000000DC  Uxtheme::EnableThemeDialogTexture
 0003:000000E0  Uxtheme::IsThemeDialogTextureEnabled
 0003:000000E4  Uxtheme::GetThemeAppProperties
 0003:000000E8  Uxtheme::SetThemeAppProperties
 0003:000000EC  Uxtheme::GetCurrentThemeName
 0003:000000F0  Uxtheme::GetThemeDocumentationProperty
 0003:000000F4  Uxtheme::DrawThemeParentBackground
 0003:000000F8  Uxtheme::EnableTheming
 0003:0000010C  Urlmon::B48_2
 0003:00000110  Shlobj::B56_2
 0003:00000114  Shellapi::B60_1
 0003:00000118  Regstr::B64_1
 0003:0000011C  Multimon::B92_1
 0003:0000011C  Multimon::GetSystemMetrics
 0003:00000120  Multimon::MonitorFromWindow
 0003:00000124  Multimon::MonitorFromRect
 0003:00000128  Multimon::MonitorFromPoint
 0003:0000012C  Multimon::GetMonitorInfo
 0003:00000130  Multimon::GetMonitorInfoA
 0003:00000134  Multimon::GetMonitorInfoW
 0003:00000138  Multimon::EnumDisplayMonitors
 0003:00000150  Messages::B100_1
 0003:00000154  Imm::B110_1
 0003:00000158  Imagehlp::B112_1
 0003:0000015C  Flatsb::B114_1
 0003:0000015C  Flatsb::FlatSB_EnableScrollBar
 0003:00000160  Flatsb::FlatSB_ShowScrollBar
 0003:00000164  Flatsb::FlatSB_GetScrollRange
 0003:00000168  Flatsb::FlatSB_GetScrollInfo
 0003:0000016C  Flatsb::FlatSB_GetScrollPos
 0003:00000170  Flatsb::FlatSB_SetScrollPos
 0003:00000174  Flatsb::FlatSB_SetScrollInfo
 0003:00000178  Flatsb::FlatSB_SetScrollRange
 0003:00000190  Dlgs::B116_1
 0003:00000194  Commdlg::B122_1
 0003:00000198  Commctrl::B124_1
 0003:000001A4  Activex::B134_2
 0003:000001A8  Helpintfs::B142_1
 0003:000001B0  Classes::GlobalNameSpace
 0003:000001B0  Classes::B146_2
 0003:000001B4  Classes::IsUniqueGlobalComponentNameProc
 0003:000001B8  Classes::SyncEvent
 0003:000001F4  Typinfo::B167_2
 0003:000001F8  Strutils::B169_2
 0003:000001FC  Registry::B175_2
 0003:00000200  Math::B177_2
 0003:00000204  Inifiles::B181_2
 0003:00000208  Contnrs::B187_2
 0003:0000020C  Rtlconsts::B188_1
 0003:00000210  Types::B197_1
 0003:00000214  Syncobjs::B199_1
 0003:0000021C  Sysutils::B200_2
 0003:0000021C  Sysutils::CurrencyString
 0003:00000220  Sysutils::CurrencyFormat
 0003:00000221  Sysutils::NegCurrFormat
 0003:00000222  Sysutils::ThousandSeparator
 0003:00000223  Sysutils::DecimalSeparator
 0003:00000224  Sysutils::CurrencyDecimals
 0003:00000225  Sysutils::DateSeparator
 0003:00000228  Sysutils::ShortDateFormat
 0003:0000022C  Sysutils::LongDateFormat
 0003:00000230  Sysutils::TimeSeparator
 0003:00000234  Sysutils::TimeAMString
 0003:00000238  Sysutils::TimePMString
 0003:0000023C  Sysutils::ShortTimeFormat
 0003:00000240  Sysutils::LongTimeFormat
 0003:00000244  Sysutils::ShortMonthNames
 0003:00000274  Sysutils::LongMonthNames
 0003:000002A4  Sysutils::ShortDayNames
 0003:000002C0  Sysutils::LongDayNames
 0003:000002DC  Sysutils::SysLocale
 0003:000002EA  Sysutils::ListSeparator
 0003:000002EC  Sysutils::EraNames
 0003:00000308  Sysutils::EraYearOffsets
 0003:00000324  Sysutils::TrueBoolStrs
 0003:00000328  Sysutils::FalseBoolStrs
 0003:00000C40  Sysconst::B202_1
 0003:00000C44  Varutils::B204_2
 0003:00000C44  Varutils::VariantChangeTypeEx
 0003:00000C48  Varutils::VarNeg
 0003:00000C4C  Varutils::VarNot
 0003:00000C50  Varutils::VarAdd
 0003:00000C54  Varutils::VarSub
 0003:00000C58  Varutils::VarMul
 0003:00000C5C  Varutils::VarDiv
 0003:00000C60  Varutils::VarIDiv
 0003:00000C64  Varutils::VarMod
 0003:00000C68  Varutils::VarAnd
 0003:00000C6C  Varutils::VarOr
 0003:00000C70  Varutils::VarXor
 0003:00000C74  Varutils::VarCmp
 0003:00000C78  Varutils::VarI4FromStr
 0003:00000C7C  Varutils::VarR4FromStr
 0003:00000C80  Varutils::VarR8FromStr
 0003:00000C84  Varutils::VarDateFromStr
 0003:00000C88  Varutils::VarCyFromStr
 0003:00000C8C  Varutils::VarBoolFromStr
 0003:00000C90  Varutils::VarBstrFromCy
 0003:00000C94  Varutils::VarBstrFromDate
 0003:00000C98  Varutils::VarBstrFromBool
 0003:00000CA0  Variants::EmptyParam
 0003:00000CA0  Variants::B205_2
 0003:00000CB0  Variants::VarDispProc
 0003:00000CB4  Variants::ClearAnyProc
 0003:00000CB8  Variants::ChangeAnyProc
 0003:00000CBC  Variants::RefAnyProc
 0003:00000CE0  System::DispCallByIDProc
 0003:00000CE0  System::B208_2
 0003:00000CE4  System::ExceptProc
 0003:00000CE8  System::ErrorProc
 0003:00000CEC  System::ExceptClsProc
 0003:00000CF0  System::ExceptObjProc
 0003:00000CF4  System::RaiseExceptionProc
 0003:00000CF8  System::RTLUnwindProc
 0003:00000CFC  System::ExceptionClass
 0003:00000D00  System::SafeCallErrorProc
 0003:00000D04  System::AssertErrorProc
 0003:00000D08  System::ExitProcessProc
 0003:00000D0C  System::AbstractErrorProc
 0003:00000D10  System::HPrevInst
 0003:00000D14  System::MainInstance
 0003:00000D18  System::MainThreadID
 0003:00000D1C  System::IsLibrary
 0003:00000D20  System::CmdShow
 0003:00000D24  System::CmdLine
 0003:00000D28  System::InitProc
 0003:00000D2C  System::ExitProc
 0003:00000D30  System::IsConsole
 0003:00000D31  System::IsMultiThread
 0003:00000D32  System::Test8086
 0003:00000D33  System::TestFDIV
 0003:00000D34  System::Input
 0003:00000F00  System::Output
 0003:000010CC  System::ErrOutput
 0003:00001298  System::envp
 0003:0000129C  System::AllocMemCount
 0003:000012A0  System::AllocMemSize
 0003:000012A4  System::ReportMemoryLeaksOnShutdown
 0003:000034E4  Themes::B226_2
 0003:000034EC  Consts::B228_1
 0003:000034F0  Graphutil::B232_2
 0003:000034F4  Stdactns::B244_2
 0003:000034F8  Imglist::B246_2
 0003:00003504  Actnlist::B248_2
 0003:00003508  Stdctrls::B258_2
 0003:0000350C  Printers::B272_2
 0003:00003510  Menus::PopupList
 0003:00003510  Menus::B281_2
 0003:00003514  Menus::ShortCutItems
 0003:00003520  Graphics::SystemPalette16
 0003:00003520  Graphics::B294_2
 0003:00003580  Forms::Application
 0003:00003580  Forms::B295_2
 0003:00003584  Forms::Screen
 0003:000035A4  Extctrls::B305_2
 0003:000035A4  Extctrls::TCustomTrayIcon::RM_TaskbarCreated
 0003:000035AC  Dialogs::B311_2
 0003:000035EC  Controls::Mouse
 0003:000035EC  Controls::B315_2
 0003:000035F0  Controls::IsVCLControlHook
 0003:000035F8  Controls::NewStyleControls
 0003:00003674  Clipbrd::CF_PICTURE
 0003:00003674  Clipbrd::B322_1
 0003:00003676  Clipbrd::CF_COMPONENT
 0003:00003680  b531_2
 0003:00003680  std::_Ios_init
 0003:00003688  std::_Wios_init
 0003:00003740  std::cin
 0003:00003790  std::cout
 0003:00003830  std::cerr
 0003:00003878  std::clog
 0003:000038C4  std::fpos<int>::_Stz
 0003:000038C8  b535_2
 0003:000038D0  b537_2
 0003:000038E0  b545_2
 0003:000038E4  b565_2
 0003:000039EC  std::wcin
 0003:00003A3C  std::wcout
 0003:00003A84  std::wcerr
 0003:00003ACC  std::wclog
 0003:00003B18  b577_2
 0003:00003B20  b685_2
 0003:00003B30  __bormm_pfn_FreeMem
 0003:00003B30  b721_2
 0003:00003B34  __bormm_pfn_GetMem
 0003:00003B38  __bormm_pfn_ReallocMem
 0003:00003B3C  __bormm_pfn_HeapAddRef
 0003:00003B40  __bormm_pfn_HeapRelease
 0003:00003B48  __borlndmm_GetMem
 0003:00003B4C  b945_2
 0003:00003F54  b949_2
 0003:00003F54  __DestructorCountPtr
 0003:00003F5C  __HandlerPtr
 0003:00003F5C  b955_2
 0003:00003F60  __UserHandlerPtr
 0003:00003F64  b1145_1
 0003:00003F64  __pidtab
 0003:0000402C  __handles
 0003:000040F4  b1221_2
 0003:000040FC  b1229_1
 0003:00004100  b1231_1
 0003:00004104  b1323_2
 0003:0000410C  b1863_2
 0003:0000410C  __mbctype
 0003:00004210  __mbcsCodePage
 0003:00004214  b1999_2
 0003:00004314  b2013_2
 0003:00004330  b2107_2
 0003:00004330  __argv
 0003:0000433C  b2109_2
 0003:00004340  b2111_2
 0003:00004344  b2183_2
 0003:00004344  __environ
 0003:0000434C  __envsize
 0003:00004350  __env_lock
 0003:00004354  b2204_1
 0003:00004354  __C0argc
 0003:00004358  __C0argv
 0003:0000435C  __C0environ
 0003:00004360  __oscmd
 0003:00004364  __osenv
 0003:00004368  __argc
 0003:0000436C  __dll_table
 0003:00004374  __ExcRegPtr
 0003:00004378  __wosenv
 0003:0000437C  __woscmd
 0003:00004380  ___exit_lock
 0003:00004384  __wC0argv
 0003:00004388  __wC0environ
 0003:0000438C  __exe_table
 0003:00004394  __stkbase
 0003:00004398  b2228_2
 0003:000043A0  b2234_2
 0003:000073A4  b2314_2
 0003:000073A8  ___pCPPdebugHook
 0004:00000000  Classes::T146_3
 0004:00000008  System::T208_3
 0004:00000010  Graphutil::T232_3
 0004:00000040  t949_3
 0004:00000040  ___xxInfo
 0004:000000DC  __stkindex
 0004:000000DC  t2220_1
 0004:000000E0  __tlsindex
